******************************************************************************
                  TI ARM Linker PC v16.9.6                     
******************************************************************************
>> Linked Fri May 11 13:37:42 2018

OUTPUT FILE NAME:   <lab5_1.2.out>
ENTRY POINT SYMBOL: "_c_int00"  address: 00007841


MEMORY CONFIGURATION

         name            origin    length      used     unused   attr    fill
----------------------  --------  ---------  --------  --------  ----  --------
  FLASH                 00000000   00100000  0000e11e  000f1ee2  R  X
  SRAM                  20000000   00040000  00000499  0003fb67  RW X


SEGMENT ALLOCATION MAP

run origin  load origin   length   init length attrs members
----------  ----------- ---------- ----------- ----- -------
00000000    00000000    0000e120   0000e120    r-x
  00000000    00000000    00000208   00000208    r-- .intvecs
  00000208    00000208    000077c2   000077c2    r-x .text
  000079cc    000079cc    0000670c   0000670c    r-- .const
  0000e0d8    0000e0d8    00000048   00000048    r-- .cinit
20000000    20000000    00000499   00000000    rw-
  20000000    20000000    00000208   00000000    rw- .vtable
  20000208    20000208    00000200   00000000    rw- .stack
  20000408    20000408    00000078   00000000    rw- .bss
  20000480    20000480    00000019   00000000    rw- .data


SECTION ALLOCATION MAP

 output                                  attributes/
section   page    origin      length       input sections
--------  ----  ----------  ----------   ----------------
.intvecs   0    00000000    00000208     
                  00000000    00000208     tm4c129encpdt_startup_ccs.obj (.intvecs)

.text      0    00000208    000077c2     
                  00000208    00000ed8     string.obj (.text)
                  000010e0    00000dc8     i2c.obj (.text)
                  00001ea8    00000b50     gpio.obj (.text)
                  000029f8    000009c4     it7258_i2c.obj (.text)
                  000033bc    000009bc     sysctl.obj (.text)
                  00003d78    00000970     image.obj (.text)
                  000046e8    000008cc     hibernate.obj (.text)
                  00004fb4    00000868     st7789_spi.obj (.text)
                  0000581c    0000075c     charmap.obj (.text)
                  00005f78    0000069e     circle.obj (.text)
                  00006616    0000049c     line.obj (.text)
                  00006ab2    00000002     rtsv7M4_T_le_v4SPD16_eabi.lib : mpu_init.obj (.text)
                  00006ab4    000003c0     interrupt.obj (.text)
                  00006e74    00000316     ssi.obj (.text)
                  0000718a    00000002     rtsv7M4_T_le_v4SPD16_eabi.lib : startup.obj (.text)
                  0000718c    000001c8     main.obj (.text)
                  00007354    00000194     context.obj (.text)
                  000074e8    000000e0     clock.obj (.text)
                  000075c8    0000009c     rtsv7M4_T_le_v4SPD16_eabi.lib : memcpy_t2.obj (.text)
                  00007664    00000088     systick.obj (.text)
                  000076ec    0000007a     rtsv7M4_T_le_v4SPD16_eabi.lib : memset_t2.obj (.text)
                  00007766    00000002     --HOLE-- [fill = 0]
                  00007768    00000070                                   : autoinit.obj (.text)
                  000077d8    00000068                                   : copy_decompress_lzss.obj (.text:decompress:lzss)
                  00007840    00000054                                   : boot.obj (.text)
                  00007894    00000054                                   : exit.obj (.text)
                  000078e8    0000004c                                   : cpy_tbl.obj (.text)
                  00007934    0000003e     cpu.obj (.text)
                  00007972    00000002     --HOLE-- [fill = 0]
                  00007974    00000018     rtsv7M4_T_le_v4SPD16_eabi.lib : args_main.obj (.text)
                  0000798c    00000014                                   : _lock.obj (.text)
                  000079a0    0000000e                                   : copy_decompress_none.obj (.text:decompress:none)
                  000079ae    0000000c                                   : copy_zero_init.obj (.text:decompress:ZI)
                  000079ba    0000000c     tm4c129encpdt_startup_ccs.obj (.text)
                  000079c6    00000004     rtsv7M4_T_le_v4SPD16_eabi.lib : pre_init.obj (.text)

.const     0    000079cc    0000670c     
                  000079cc    00001835     TorchLightIcon.obj (.const:.string:g_pui8TorchLightIcon)
                  00009201    000017de     SettingsIcon.obj (.const:.string:g_pui8SettingsIcon)
                  0000a9df    00001755     MusicIcon.obj (.const:.string:g_pui8MusicIcon)
                  0000c134    00001402     WeatherIcon.obj (.const:.string:g_pui8WeatherIcon)
                  0000d536    00000002     --HOLE-- [fill = 0]
                  0000d538    00000120     sysctl.obj (.const:g_pppui32XTALtoVCO)
                  0000d658    00000100     charmap.obj (.const:g_pui16WIN1250_Unicode)
                  0000d758    000000be     charmap.obj (.const:g_pui16ISO8859_10_Unicode)
                  0000d816    000000be     charmap.obj (.const:g_pui16ISO8859_13_Unicode)
                  0000d8d4    000000be     charmap.obj (.const:g_pui16ISO8859_16_Unicode)
                  0000d992    000000be     charmap.obj (.const:g_pui16ISO8859_2_Unicode)
                  0000da50    000000be     charmap.obj (.const:g_pui16ISO8859_3_Unicode)
                  0000db0e    000000be     charmap.obj (.const:g_pui16ISO8859_4_Unicode)
                  0000dbcc    00000090     gpio.obj (.const:g_ppui32GPIOIntMapSnowflake)
                  0000dc5c    00000084     interrupt.obj (.const:g_pui32Regs)
                  0000dce0    00000080     charmap.obj (.const:g_pui16WIN1251_Unicode)
                  0000dd60    00000080     charmap.obj (.const:g_pui16WIN1253_Unicode)
                  0000dde0    0000006c     sysctl.obj (.const:g_pui32Xtals)
                  0000de4c    00000050     i2c.obj (.const:g_ppui32I2CIntMapSnowflake)
                  0000de9c    00000048     gpio.obj (.const:g_pui32GPIOBaseAddrs)
                  0000dee4    00000040     charmap.obj (.const:g_pui16WIN1252_Unicode)
                  0000df24    00000040     charmap.obj (.const:g_pui16WIN1254_Unicode)
                  0000df64    0000003e     charmap.obj (.const:g_pui16ISO8859_14_Unicode)
                  0000dfa2    0000003a     charmap.obj (.const:g_pui16ISO8859_7_Unicode)
                  0000dfdc    00000030     sysctl.obj (.const:g_sXTALtoMEMTIM)
                  0000e00c    00000028     st7789_spi.obj (.const:g_sST7789)
                  0000e034    00000020     ssi.obj (.const:g_ppui32SSIIntMapSnowflake)
                  0000e054    00000020     interrupt.obj (.const:g_pui32Priority)
                  0000e074    00000010     context.obj (.const:g_psDefaultCodePointMapTable)
                  0000e084    00000010     interrupt.obj (.const:g_pui32Dii16Regs)
                  0000e094    00000010     interrupt.obj (.const:g_pui32EnRegs)
                  0000e0a4    00000010     interrupt.obj (.const:g_pui32PendRegs)
                  0000e0b4    00000010     interrupt.obj (.const:g_pui32UnpendRegs)
                  0000e0c4    00000008     sysctl.obj (.const:g_pui32VCOFrequencies)
                  0000e0cc    00000004     gpio.obj (.const)
                  0000e0d0    00000004     i2c.obj (.const)
                  0000e0d4    00000004     ssi.obj (.const)

.cinit     0    0000e0d8    00000048     
                  0000e0d8    00000011     (.cinit..data.load) [load image, compression = lzss]
                  0000e0e9    00000003     --HOLE-- [fill = 0]
                  0000e0ec    0000000c     (__TI_handler_table)
                  0000e0f8    00000008     (.cinit..bss.load) [load image, compression = zero_init]
                  0000e100    00000008     (.cinit..vtable.load) [load image, compression = zero_init]
                  0000e108    00000018     (__TI_cinit_table)

.init_array 
*          0    00000000    00000000     UNINITIALIZED

.vtable    0    20000000    00000208     UNINITIALIZED
                  20000000    00000208     interrupt.obj (.vtable)

.stack     0    20000208    00000200     UNINITIALIZED
                  20000208    00000200     --HOLE--

.bss       0    20000408    00000078     UNINITIALIZED
                  20000408    0000002c     (.common:sContext)
                  20000434    00000020     image.obj (.bss:g_pui8Dictionary)
                  20000454    00000012     string.obj (.bss)
                  20000466    00000008     (.common:ui16XPosition)
                  2000046e    00000008     (.common:ui16YPosition)
                  20000476    00000001     (.common:SysTickInterruptFlag)
                  20000477    00000001     --HOLE--
                  20000478    00000004     context.obj (.bss)
                  2000047c    00000004     (.common:ui8Pressure)

.data      0    20000480    00000019     UNINITIALIZED
                  20000480    0000000c     rtsv7M4_T_le_v4SPD16_eabi.lib : exit.obj (.data:$O1$$)
                  2000048c    00000008                                   : _lock.obj (.data:$O1$$)
                  20000494    00000004                                   : stkdepth_vars.obj (.data)
                  20000498    00000001     main.obj (.data)

MODULE SUMMARY

       Module                          code    ro data   rw data
       ------                          ----    -------   -------
    .\
       TorchLightIcon.obj              0       6197      0      
       SettingsIcon.obj                0       6110      0      
       MusicIcon.obj                   0       5973      0      
       WeatherIcon.obj                 0       5122      0      
       tm4c129encpdt_startup_ccs.obj   12      520       0      
       main.obj                        456     0         66     
    +--+-------------------------------+-------+---------+---------+
       Total:                          468     23922     66     
                                                                
    .\Drivers\CoreDrivers\
       interrupt.obj                   960     228       520    
       systick.obj                     136     0         0      
       cpu.obj                         62      0         0      
    +--+-------------------------------+-------+---------+---------+
       Total:                          1158    228       520    
                                                                
    .\Drivers\DeviceDrivers\
       it7258_i2c.obj                  2500    0         0      
       st7789_spi.obj                  2152    40        0      
       clock.obj                       224     0         0      
    +--+-------------------------------+-------+---------+---------+
       Total:                          4876    40        0      
                                                                
    .\Drivers\PeripheralDrivers\
       i2c.obj                         3528    84        0      
       gpio.obj                        2896    220       0      
       sysctl.obj                      2492    452       0      
       hibernate.obj                   2252    0         0      
       ssi.obj                         790     36        0      
    +--+-------------------------------+-------+---------+---------+
       Total:                          11958   792       0      
                                                                
    .\Libraries\grlib\
       string.obj                      3800    0         18     
       charmap.obj                     1884    1900      0      
       image.obj                       2416    0         32     
       circle.obj                      1694    0         0      
       line.obj                        1180    0         0      
       context.obj                     404     16        4      
    +--+-------------------------------+-------+---------+---------+
       Total:                          11378   1916      54     
                                                                
    C:\ti\ccsv7\tools\compiler\ti-cgt-arm_16.9.6.LTS\lib\rtsv7M4_T_le_v4SPD16_eabi.lib
       memcpy_t2.obj                   156     0         0      
       memset_t2.obj                   122     0         0      
       autoinit.obj                    112     0         0      
       copy_decompress_lzss.obj        104     0         0      
       exit.obj                        84      0         12     
       boot.obj                        84      0         0      
       cpy_tbl.obj                     76      0         0      
       _lock.obj                       20      0         8      
       args_main.obj                   24      0         0      
       copy_decompress_none.obj        14      0         0      
       copy_zero_init.obj              12      0         0      
       pre_init.obj                    4       0         0      
       stkdepth_vars.obj               0       0         4      
       mpu_init.obj                    2       0         0      
       startup.obj                     2       0         0      
    +--+-------------------------------+-------+---------+---------+
       Total:                          816     0         24     
                                                                
       Stack:                          0       0         512    
       Linker Generated:               0       69        0      
    +--+-------------------------------+-------+---------+---------+
       Grand Total:                    30654   26967     1176   


LINKER GENERATED COPY TABLES

__TI_cinit_table @ 0000e108 records: 3, size/record: 8, table size: 24
	.data: load addr=0000e0d8, load size=00000011 bytes, run addr=20000480, run size=00000019 bytes, compression=lzss
	.bss: load addr=0000e0f8, load size=00000008 bytes, run addr=20000408, run size=00000078 bytes, compression=zero_init
	.vtable: load addr=0000e100, load size=00000008 bytes, run addr=20000000, run size=00000208 bytes, compression=zero_init


LINKER GENERATED HANDLER TABLE

__TI_handler_table @ 0000e0ec records: 3, size/record: 4, table size: 12
	index: 0, handler: __TI_zero_init
	index: 1, handler: __TI_decompress_lzss
	index: 2, handler: __TI_decompress_none


GLOBAL SYMBOLS: SORTED ALPHABETICALLY BY Name 

address   name                             
-------   ----                             
00007895  C$$EXIT                          
0000795b  CPUbasepriGet                    
00007965  CPUbasepriSet                    
00007935  CPUcpsid                         
00007941  CPUcpsie                         
0000794d  CPUprimask                       
00007957  CPUwfi                           
000074f1  ClockFrequencySet                
000075a7  ClockRTCAlarmTimeSet             
0000759b  ClockRTCDateTimeGet              
0000758b  ClockRTCDateTimeSet              
00007551  ClockRTCInit                     
00007581  ClockRTCIntClear                 
0000756f  ClockRTCIntRegister              
000074ff  ClockTimerSet                    
00001ef3  GPIOADCTriggerDisable            
00001f11  GPIOADCTriggerEnable             
00001fd7  GPIODMATriggerDisable            
00001ff5  GPIODMATriggerEnable             
00001f2f  GPIODirModeGet                   
00001f7b  GPIODirModeSet                   
00002013  GPIOIntClear                     
00002027  GPIOIntDisable                   
00002041  GPIOIntEnable                    
0000205b  GPIOIntRegister                  
00002079  GPIOIntStatus                    
0000209b  GPIOIntTypeGet                   
00002121  GPIOIntTypeSet                   
000021c5  GPIOIntUnregister                
000021df  GPIOPadConfigGet                 
00002319  GPIOPadConfigSet                 
00002553  GPIOPinConfigure                 
00002593  GPIOPinRead                      
000025ab  GPIOPinTypeADC                   
000025cf  GPIOPinTypeCAN                   
000025f3  GPIOPinTypeCIR                   
00002617  GPIOPinTypeComparator            
0000263b  GPIOPinTypeComparatorOutput      
0000265f  GPIOPinTypeEPI                   
00002683  GPIOPinTypeEthernetLED           
000026a7  GPIOPinTypeEthernetMII           
000026cb  GPIOPinTypeGPIOInput             
000026ef  GPIOPinTypeGPIOOutput            
00002713  GPIOPinTypeGPIOOutputOD          
00002737  GPIOPinTypeI2C                   
0000275b  GPIOPinTypeI2CSCL                
000027a3  GPIOPinTypeKBColumn              
0000277f  GPIOPinTypeKBRow                 
000027c7  GPIOPinTypeLCD                   
000027eb  GPIOPinTypeLEDSeq                
0000280f  GPIOPinTypeLPC                   
00002833  GPIOPinTypePECIRx                
0000285d  GPIOPinTypePECITx                
00002881  GPIOPinTypePWM                   
000028a5  GPIOPinTypeQEI                   
000028c9  GPIOPinTypeSSI                   
000028ed  GPIOPinTypeTimer                 
00002911  GPIOPinTypeUART                  
00002935  GPIOPinTypeUSBAnalog             
00002959  GPIOPinTypeUSBDigital            
0000297d  GPIOPinTypeWakeHigh              
000029a3  GPIOPinTypeWakeLow               
000029c9  GPIOPinWakeStatus                
000029d9  GPIOPinWrite                     
00005f79  GrCircleDraw                     
000063ed  GrCircleFill                     
00000c67  GrCodepageMapTableSet            
00007417  GrContextClipRegionSet           
00000ca1  GrContextFontSet                 
00007365  GrContextInit                    
000002db  GrDefaultStringRenderer          
000008a7  GrFontBaselineGet                
00000bbd  GrFontBlockCodepointsGet         
00000aeb  GrFontCodepageGet                
00000a9d  GrFontGlyphDataGet               
00000423  GrFontGlyphRender                
000008e5  GrFontHeightGet                  
0000084f  GrFontInfoGet                    
00000923  GrFontMaxWidthGet                
00000b8f  GrFontNumBlocksGet               
000046c3  GrImageDraw                      
00007355  GrLibInit                        
0000693b  GrLineDraw                       
00006617  GrLineDrawH                      
000066b7  GrLineDrawV                      
00005a0d  GrMapISO8859_10_Unicode          
00005a3d  GrMapISO8859_11_Unicode          
00005a67  GrMapISO8859_13_Unicode          
00005a9d  GrMapISO8859_14_Unicode          
00005b1d  GrMapISO8859_15_Unicode          
00005b8f  GrMapISO8859_16_Unicode          
0000581d  GrMapISO8859_1_Unicode           
00005835  GrMapISO8859_2_Unicode           
00005865  GrMapISO8859_3_Unicode           
00005895  GrMapISO8859_4_Unicode           
000058c5  GrMapISO8859_5_Unicode           
000058ef  GrMapISO8859_6_Unicode           
00005921  GrMapISO8859_7_Unicode           
00005963  GrMapISO8859_8_Unicode           
000059af  GrMapISO8859_9_Unicode           
00005dd5  GrMapUTF16BE_Unicode             
00005dbf  GrMapUTF16LE_Unicode             
00005bc5  GrMapUTF8_Unicode                
00005deb  GrMapUnicode_Unicode             
00005e29  GrMapWIN1250_Unicode             
00005e59  GrMapWIN1251_Unicode             
00005ea3  GrMapWIN1252_Unicode             
00005edb  GrMapWIN1253_Unicode             
00005f25  GrMapWIN1254_Unicode             
00000c89  GrStringCodepageSet              
000002ab  GrStringDraw                     
00000d59  GrStringGet                      
00000cfd  GrStringLanguageSet              
000003dd  GrStringNextCharGet              
00000cb5  GrStringTableSet                 
00000209  GrStringWidthGet                 
0000469d  GrTransparentImageDraw           
0000481f  HibernateBatCheckDone            
00004829  HibernateBatCheckStart           
0000483b  HibernateCalendarGet             
000048d5  HibernateCalendarMatchGet        
00004979  HibernateCalendarMatchSet        
00004989  HibernateCalendarSet             
00004997  HibernateClockConfig             
000049e5  HibernateCounterMode             
000049f9  HibernateDataGet                 
00004a35  HibernateDataSet                 
00004a6b  HibernateDisable                 
00004a7d  HibernateEnableExpClk            
00004a99  HibernateGPIORetentionDisable    
00004ab5  HibernateGPIORetentionEnable     
00004acd  HibernateGPIORetentionGet        
00004ae3  HibernateIntClear                
00004af7  HibernateIntDisable              
00004b11  HibernateIntEnable               
00004b25  HibernateIntRegister             
00004b3f  HibernateIntStatus               
00004b5d  HibernateIntUnregister           
00004b73  HibernateIsActive                
00004b83  HibernateLowBatGet               
00004b8f  HibernateLowBatSet               
00004bbb  HibernateRTCDisable              
00004bcd  HibernateRTCEnable               
00004bdf  HibernateRTCGet                  
00004be5  HibernateRTCMatchGet             
00004bf3  HibernateRTCMatchSet             
00004c29  HibernateRTCSSGet                
00004c33  HibernateRTCSSMatchGet           
00004c43  HibernateRTCSSMatchSet           
00004c05  HibernateRTCSet                  
00004c57  HibernateRTCTrimGet              
00004c5d  HibernateRTCTrimSet              
00004ba9  HibernateRequest                 
00004c6d  HibernateTamperDisable           
00004c93  HibernateTamperEnable            
00004cbd  HibernateTamperEventsClear       
00004ce9  HibernateTamperEventsClearNoLock 
00004d05  HibernateTamperEventsConfig      
00004d37  HibernateTamperEventsGet         
00004da9  HibernateTamperExtOscRecover     
00004dd5  HibernateTamperExtOscValid       
00004ded  HibernateTamperIODisable         
00004e21  HibernateTamperIOEnable          
00004e7d  HibernateTamperLock              
00004e95  HibernateTamperStatusGet         
00004eef  HibernateTamperUnLock            
00004f05  HibernateWakeGet                 
00004f39  HibernateWakeSet                 
0000112b  I2CFIFODataGet                   
00001145  I2CFIFODataGetNonBlocking        
0000116b  I2CFIFODataPut                   
0000118d  I2CFIFODataPutNonBlocking        
000011b5  I2CFIFOStatus                    
000011c5  I2CIntRegister                   
000011e3  I2CIntUnregister                 
00001755  I2CLoopbackEnable                
00001cb3  I2CMInit                         
00001d85  I2CMIntHandler                   
00001d4f  I2CMRead                         
00001d19  I2CMWrite                        
000011fd  I2CMasterBurstCountGet           
0000120b  I2CMasterBurstLengthSet          
00001221  I2CMasterBusBusy                 
00001239  I2CMasterBusy                    
00001251  I2CMasterControl                 
00001263  I2CMasterDataGet                 
00001271  I2CMasterDataPut                 
00001287  I2CMasterDisable                 
0000129d  I2CMasterEnable                  
000012b3  I2CMasterErr                     
000012df  I2CMasterGlitchFilterConfigSet   
000012f7  I2CMasterInitExpClk              
00001369  I2CMasterIntClear                
00001379  I2CMasterIntClearEx              
0000138b  I2CMasterIntDisable              
0000139b  I2CMasterIntDisableEx            
000013bd  I2CMasterIntEnable               
000013cd  I2CMasterIntEnableEx             
000013e5  I2CMasterIntStatus               
0000141f  I2CMasterIntStatusEx             
0000143d  I2CMasterLineStateGet            
0000144b  I2CMasterSlaveAddrSet            
0000146d  I2CMasterTimeoutSet              
0000147f  I2CRxFIFOConfigSet               
000014a7  I2CRxFIFOFlush                   
000014bf  I2CSlaveACKOverride              
000014f1  I2CSlaveACKValueSet              
00001523  I2CSlaveAddressSet               
00001561  I2CSlaveDataGet                  
00001571  I2CSlaveDataPut                  
00001589  I2CSlaveDisable                  
000015a7  I2CSlaveEnable                   
000015c5  I2CSlaveFIFODisable              
000015d7  I2CSlaveFIFOEnable               
000015f9  I2CSlaveInit                     
00001613  I2CSlaveIntClear                 
0000162d  I2CSlaveIntClearEx               
00001641  I2CSlaveIntDisable               
00001659  I2CSlaveIntDisableEx             
00001673  I2CSlaveIntEnable                
0000168b  I2CSlaveIntEnableEx              
000016a5  I2CSlaveIntStatus                
000016e3  I2CSlaveIntStatusEx              
00001705  I2CSlaveStatus                   
00001715  I2CTxFIFOConfigSet               
0000173d  I2CTxFIFOFlush                   
0000326d  IT7258GetGesture                 
0000314f  IT7258GetTouchPointData          
00002e27  IT7258IdentifyCapSensor          
00002ee5  IT7258InquiryCapSensorInformation
00002e1b  IT7258IntClear                   
00002dfb  IT7258IntRegister                
00002d95  IT7258PinInit                    
00002d11  IT7258PinInitI2CTest             
000030a5  IT7258ReinitializeFirmware       
00002f83  IT7258SetCapSensorInformation    
00003039  IT7258SetPowerMode               
00006ab7  IntDisable                       
00006b29  IntEnable                        
00006b9b  IntIsEnabled                     
00006c17  IntMasterDisable                 
00006c27  IntMasterEnable                  
00006c37  IntPendClear                     
00006c85  IntPendSet                       
00006ce5  IntPriorityGet                   
00006d09  IntPriorityGroupingGet           
00006d41  IntPriorityGroupingSet           
00006d5b  IntPriorityMaskGet               
00006d63  IntPriorityMaskSet               
00006d79  IntPrioritySet                   
00006dcd  IntRegister                      
00006e1f  IntTrigger                       
00006e35  IntUnregister                    
000079bb  ResetISR                         
UNDEFED   SHT$$INIT_ARRAY$$Base            
UNDEFED   SHT$$INIT_ARRAY$$Limit           
00006ebf  SSIAdvDataPutFrameEnd            
00006ee5  SSIAdvDataPutFrameEndNonBlocking 
00006f11  SSIAdvFrameHoldDisable           
00006f27  SSIAdvFrameHoldEnable            
00006f3d  SSIAdvModeSet                    
00006f59  SSIBusy                          
00006f77  SSIClockSourceGet                
00006f87  SSIClockSourceSet                
00006f9b  SSIConfigSetExpClk               
000070a3  SSIDMADisable                    
000070bb  SSIDMAEnable                     
00007015  SSIDataGet                       
00007031  SSIDataGetNonBlocking            
00007053  SSIDataPut                       
0000706d  SSIDataPutNonBlocking            
0000708d  SSIDisable                       
000070d3  SSIEnable                        
000070e9  SSIIntClear                      
000070fb  SSIIntDisable                    
00007113  SSIIntEnable                     
00007135  SSIIntRegister                   
00007153  SSIIntStatus                     
00007171  SSIIntUnregister                 
000057eb  ST7789ColorTranslate             
00005813  ST7789Flush                      
0000559f  ST7789LineDrawH                  
0000564b  ST7789LineDrawV                  
000050c9  ST7789PinInit                    
00005005  ST7789PinInitSPITest             
00005315  ST7789PixelDraw                  
000053b9  ST7789PixelDrawMultiple          
000056f7  ST7789RectFill                   
0000347d  SysCtlAltClkConfig               
00003499  SysCtlClockFreqSet               
00003775  SysCtlClockOutConfig             
00003791  SysCtlDeepSleep                  
000037b5  SysCtlDeepSleepClockConfigSet    
00003823  SysCtlDeepSleepPowerSet          
00003833  SysCtlIntClear                   
00003855  SysCtlIntDisable                 
00003869  SysCtlIntEnable                  
00003881  SysCtlIntRegister                
00003895  SysCtlIntStatus                  
000038b1  SysCtlIntUnregister              
000038c1  SysCtlLDODeepSleepGet            
000038c7  SysCtlLDODeepSleepSet            
000038d7  SysCtlLDOSleepGet                
000038dd  SysCtlLDOSleepSet                
000038ed  SysCtlMOSCConfigSet              
00003901  SysCtlNMIClear                   
00003915  SysCtlNMIStatus                  
00003c6d  SysCtlPIOSCCalibrate             
0000391b  SysCtlPeripheralClockGating      
00003949  SysCtlPeripheralDeepSleepDisable 
00003985  SysCtlPeripheralDeepSleepEnable  
000039c9  SysCtlPeripheralDisable          
00003a05  SysCtlPeripheralEnable           
00003a41  SysCtlPeripheralPowerOff         
00003a85  SysCtlPeripheralPowerOn          
00003ac1  SysCtlPeripheralPresent          
00003b01  SysCtlPeripheralReady            
00003b51  SysCtlPeripheralReset            
00003be5  SysCtlPeripheralSleepDisable     
00003c29  SysCtlPeripheralSleepEnable      
00003cbd  SysCtlReset                      
00003cc5  SysCtlResetBehaviorGet           
00003ccb  SysCtlResetBehaviorSet           
00003cdb  SysCtlResetCauseClear            
00003cef  SysCtlResetCauseGet              
00003cf5  SysCtlSleep                      
00003d01  SysCtlSleepPowerSet              
00003d11  SysCtlVoltageEventClear          
00003d25  SysCtlVoltageEventConfig         
00003d35  SysCtlVoltageEventStatus         
00007665  SysTickDisable                   
00007671  SysTickEnable                    
0000767d  SysTickIntDisable                
00007689  SysTickIntEnable                 
00007695  SysTickIntRegister               
000076ad  SysTickIntUnregister             
20000476  SysTickInterruptFlag             
000074e9  SysTickInterruptHandler          
000076c1  SysTickPeriodGet                 
000076c9  SysTickPeriodSet                 
000076db  SysTickValueGet                  
0000718d  TouchPanelIntHandler             
0000176b  _I2CMCommand                     
00001c39  _I2CMStateCallback               
00001837  _I2CMStateIdle                   
00001b5f  _I2CMStateReadFinal              
00001abf  _I2CMStateReadFirst              
00001af7  _I2CMStateReadNext               
00001a93  _I2CMStateReadOne                
00001bb9  _I2CMStateReadPause              
00001c19  _I2CMStateReadWait               
0000198b  _I2CMStateWriteFinal             
00001923  _I2CMStateWriteNext              
00001a03  _I2CMStateWritePause             
00002b33  _IT7258DataRead                  
000029f9  _IT7258DataWrite                 
00002cd5  _IT7258ReadCommandResponseBuffer 
00002cff  _IT7258ReadPointInfoBuffer       
00002ced  _IT7258ReadQueryBuffer           
00002cbd  _IT7258WriteCommandBuffer        
00004fb5  _ST7789GPIODataPut               
00004fd1  _ST7789WriteCommand              
00004feb  _ST7789WriteData                 
20000408  __STACK_END                      
00000200  __STACK_SIZE                     
20000408  __STACK_TOP                      
0000e108  __TI_CINIT_Base                  
0000e120  __TI_CINIT_Limit                 
0000e0ec  __TI_Handler_Table_Base          
0000e0f8  __TI_Handler_Table_Limit         
00007769  __TI_auto_init                   
20000480  __TI_cleanup_ptr                 
000077d9  __TI_decompress_lzss             
000079a1  __TI_decompress_none             
20000484  __TI_dtors_ptr                   
20000488  __TI_enable_exit_profile_output  
ffffffff  __TI_pprof_out_hndl              
ffffffff  __TI_prof_data_size              
ffffffff  __TI_prof_data_start             
00000000  __TI_static_base__               
000079af  __TI_zero_init                   
000076ed  __aeabi_memclr                   
000076ed  __aeabi_memclr4                  
000076ed  __aeabi_memclr8                  
000075c9  __aeabi_memcpy                   
000075c9  __aeabi_memcpy4                  
000075c9  __aeabi_memcpy8                  
000076ef  __aeabi_memset                   
000076ef  __aeabi_memset4                  
000076ef  __aeabi_memset8                  
ffffffff  __binit__                        
ffffffff  __c_args__                       
00006ab3  __mpu_init                       
20000208  __stack                          
00007975  _args_main                       
00007841  _c_int00                         
2000048c  _lock                            
0000799b  _nop                             
00007993  _register_lock                   
0000798d  _register_unlock                 
0000718b  _system_post_cinit               
000079c7  _system_pre_init                 
20000490  _unlock                          
00007899  abort                            
20000498  bTouchStatus                     
ffffffff  binit                            
000078e9  copy_in                          
000078a1  exit                             
20000000  g_pfnRAMVectors                  
00000000  g_pfnVectors                     
0000e074  g_psDefaultCodePointMapTable     
0000d758  g_pui16ISO8859_10_Unicode        
0000d816  g_pui16ISO8859_13_Unicode        
0000df64  g_pui16ISO8859_14_Unicode        
0000d8d4  g_pui16ISO8859_16_Unicode        
0000d992  g_pui16ISO8859_2_Unicode         
0000da50  g_pui16ISO8859_3_Unicode         
0000db0e  g_pui16ISO8859_4_Unicode         
0000dfa2  g_pui16ISO8859_7_Unicode         
0000d658  g_pui16WIN1250_Unicode           
0000dce0  g_pui16WIN1251_Unicode           
0000dee4  g_pui16WIN1252_Unicode           
0000dd60  g_pui16WIN1253_Unicode           
0000df24  g_pui16WIN1254_Unicode           
0000a9df  g_pui8MusicIcon                  
00009201  g_pui8SettingsIcon               
000079cc  g_pui8TorchLightIcon             
0000c134  g_pui8WeatherIcon                
0000e00c  g_sST7789                        
0000719b  main                             
20000494  main_func_sp                     
000075c9  memcpy                           
000076f5  memset                           
20000408  sContext                         
20000466  ui16XPosition                    
2000046e  ui16YPosition                    
2000047c  ui8Pressure                      


GLOBAL SYMBOLS: SORTED BY Symbol Address 

address   name                             
-------   ----                             
00000000  __TI_static_base__               
00000000  g_pfnVectors                     
00000200  __STACK_SIZE                     
00000209  GrStringWidthGet                 
000002ab  GrStringDraw                     
000002db  GrDefaultStringRenderer          
000003dd  GrStringNextCharGet              
00000423  GrFontGlyphRender                
0000084f  GrFontInfoGet                    
000008a7  GrFontBaselineGet                
000008e5  GrFontHeightGet                  
00000923  GrFontMaxWidthGet                
00000a9d  GrFontGlyphDataGet               
00000aeb  GrFontCodepageGet                
00000b8f  GrFontNumBlocksGet               
00000bbd  GrFontBlockCodepointsGet         
00000c67  GrCodepageMapTableSet            
00000c89  GrStringCodepageSet              
00000ca1  GrContextFontSet                 
00000cb5  GrStringTableSet                 
00000cfd  GrStringLanguageSet              
00000d59  GrStringGet                      
0000112b  I2CFIFODataGet                   
00001145  I2CFIFODataGetNonBlocking        
0000116b  I2CFIFODataPut                   
0000118d  I2CFIFODataPutNonBlocking        
000011b5  I2CFIFOStatus                    
000011c5  I2CIntRegister                   
000011e3  I2CIntUnregister                 
000011fd  I2CMasterBurstCountGet           
0000120b  I2CMasterBurstLengthSet          
00001221  I2CMasterBusBusy                 
00001239  I2CMasterBusy                    
00001251  I2CMasterControl                 
00001263  I2CMasterDataGet                 
00001271  I2CMasterDataPut                 
00001287  I2CMasterDisable                 
0000129d  I2CMasterEnable                  
000012b3  I2CMasterErr                     
000012df  I2CMasterGlitchFilterConfigSet   
000012f7  I2CMasterInitExpClk              
00001369  I2CMasterIntClear                
00001379  I2CMasterIntClearEx              
0000138b  I2CMasterIntDisable              
0000139b  I2CMasterIntDisableEx            
000013bd  I2CMasterIntEnable               
000013cd  I2CMasterIntEnableEx             
000013e5  I2CMasterIntStatus               
0000141f  I2CMasterIntStatusEx             
0000143d  I2CMasterLineStateGet            
0000144b  I2CMasterSlaveAddrSet            
0000146d  I2CMasterTimeoutSet              
0000147f  I2CRxFIFOConfigSet               
000014a7  I2CRxFIFOFlush                   
000014bf  I2CSlaveACKOverride              
000014f1  I2CSlaveACKValueSet              
00001523  I2CSlaveAddressSet               
00001561  I2CSlaveDataGet                  
00001571  I2CSlaveDataPut                  
00001589  I2CSlaveDisable                  
000015a7  I2CSlaveEnable                   
000015c5  I2CSlaveFIFODisable              
000015d7  I2CSlaveFIFOEnable               
000015f9  I2CSlaveInit                     
00001613  I2CSlaveIntClear                 
0000162d  I2CSlaveIntClearEx               
00001641  I2CSlaveIntDisable               
00001659  I2CSlaveIntDisableEx             
00001673  I2CSlaveIntEnable                
0000168b  I2CSlaveIntEnableEx              
000016a5  I2CSlaveIntStatus                
000016e3  I2CSlaveIntStatusEx              
00001705  I2CSlaveStatus                   
00001715  I2CTxFIFOConfigSet               
0000173d  I2CTxFIFOFlush                   
00001755  I2CLoopbackEnable                
0000176b  _I2CMCommand                     
00001837  _I2CMStateIdle                   
00001923  _I2CMStateWriteNext              
0000198b  _I2CMStateWriteFinal             
00001a03  _I2CMStateWritePause             
00001a93  _I2CMStateReadOne                
00001abf  _I2CMStateReadFirst              
00001af7  _I2CMStateReadNext               
00001b5f  _I2CMStateReadFinal              
00001bb9  _I2CMStateReadPause              
00001c19  _I2CMStateReadWait               
00001c39  _I2CMStateCallback               
00001cb3  I2CMInit                         
00001d19  I2CMWrite                        
00001d4f  I2CMRead                         
00001d85  I2CMIntHandler                   
00001ef3  GPIOADCTriggerDisable            
00001f11  GPIOADCTriggerEnable             
00001f2f  GPIODirModeGet                   
00001f7b  GPIODirModeSet                   
00001fd7  GPIODMATriggerDisable            
00001ff5  GPIODMATriggerEnable             
00002013  GPIOIntClear                     
00002027  GPIOIntDisable                   
00002041  GPIOIntEnable                    
0000205b  GPIOIntRegister                  
00002079  GPIOIntStatus                    
0000209b  GPIOIntTypeGet                   
00002121  GPIOIntTypeSet                   
000021c5  GPIOIntUnregister                
000021df  GPIOPadConfigGet                 
00002319  GPIOPadConfigSet                 
00002553  GPIOPinConfigure                 
00002593  GPIOPinRead                      
000025ab  GPIOPinTypeADC                   
000025cf  GPIOPinTypeCAN                   
000025f3  GPIOPinTypeCIR                   
00002617  GPIOPinTypeComparator            
0000263b  GPIOPinTypeComparatorOutput      
0000265f  GPIOPinTypeEPI                   
00002683  GPIOPinTypeEthernetLED           
000026a7  GPIOPinTypeEthernetMII           
000026cb  GPIOPinTypeGPIOInput             
000026ef  GPIOPinTypeGPIOOutput            
00002713  GPIOPinTypeGPIOOutputOD          
00002737  GPIOPinTypeI2C                   
0000275b  GPIOPinTypeI2CSCL                
0000277f  GPIOPinTypeKBRow                 
000027a3  GPIOPinTypeKBColumn              
000027c7  GPIOPinTypeLCD                   
000027eb  GPIOPinTypeLEDSeq                
0000280f  GPIOPinTypeLPC                   
00002833  GPIOPinTypePECIRx                
0000285d  GPIOPinTypePECITx                
00002881  GPIOPinTypePWM                   
000028a5  GPIOPinTypeQEI                   
000028c9  GPIOPinTypeSSI                   
000028ed  GPIOPinTypeTimer                 
00002911  GPIOPinTypeUART                  
00002935  GPIOPinTypeUSBAnalog             
00002959  GPIOPinTypeUSBDigital            
0000297d  GPIOPinTypeWakeHigh              
000029a3  GPIOPinTypeWakeLow               
000029c9  GPIOPinWakeStatus                
000029d9  GPIOPinWrite                     
000029f9  _IT7258DataWrite                 
00002b33  _IT7258DataRead                  
00002cbd  _IT7258WriteCommandBuffer        
00002cd5  _IT7258ReadCommandResponseBuffer 
00002ced  _IT7258ReadQueryBuffer           
00002cff  _IT7258ReadPointInfoBuffer       
00002d11  IT7258PinInitI2CTest             
00002d95  IT7258PinInit                    
00002dfb  IT7258IntRegister                
00002e1b  IT7258IntClear                   
00002e27  IT7258IdentifyCapSensor          
00002ee5  IT7258InquiryCapSensorInformation
00002f83  IT7258SetCapSensorInformation    
00003039  IT7258SetPowerMode               
000030a5  IT7258ReinitializeFirmware       
0000314f  IT7258GetTouchPointData          
0000326d  IT7258GetGesture                 
0000347d  SysCtlAltClkConfig               
00003499  SysCtlClockFreqSet               
00003775  SysCtlClockOutConfig             
00003791  SysCtlDeepSleep                  
000037b5  SysCtlDeepSleepClockConfigSet    
00003823  SysCtlDeepSleepPowerSet          
00003833  SysCtlIntClear                   
00003855  SysCtlIntDisable                 
00003869  SysCtlIntEnable                  
00003881  SysCtlIntRegister                
00003895  SysCtlIntStatus                  
000038b1  SysCtlIntUnregister              
000038c1  SysCtlLDODeepSleepGet            
000038c7  SysCtlLDODeepSleepSet            
000038d7  SysCtlLDOSleepGet                
000038dd  SysCtlLDOSleepSet                
000038ed  SysCtlMOSCConfigSet              
00003901  SysCtlNMIClear                   
00003915  SysCtlNMIStatus                  
0000391b  SysCtlPeripheralClockGating      
00003949  SysCtlPeripheralDeepSleepDisable 
00003985  SysCtlPeripheralDeepSleepEnable  
000039c9  SysCtlPeripheralDisable          
00003a05  SysCtlPeripheralEnable           
00003a41  SysCtlPeripheralPowerOff         
00003a85  SysCtlPeripheralPowerOn          
00003ac1  SysCtlPeripheralPresent          
00003b01  SysCtlPeripheralReady            
00003b51  SysCtlPeripheralReset            
00003be5  SysCtlPeripheralSleepDisable     
00003c29  SysCtlPeripheralSleepEnable      
00003c6d  SysCtlPIOSCCalibrate             
00003cbd  SysCtlReset                      
00003cc5  SysCtlResetBehaviorGet           
00003ccb  SysCtlResetBehaviorSet           
00003cdb  SysCtlResetCauseClear            
00003cef  SysCtlResetCauseGet              
00003cf5  SysCtlSleep                      
00003d01  SysCtlSleepPowerSet              
00003d11  SysCtlVoltageEventClear          
00003d25  SysCtlVoltageEventConfig         
00003d35  SysCtlVoltageEventStatus         
0000469d  GrTransparentImageDraw           
000046c3  GrImageDraw                      
0000481f  HibernateBatCheckDone            
00004829  HibernateBatCheckStart           
0000483b  HibernateCalendarGet             
000048d5  HibernateCalendarMatchGet        
00004979  HibernateCalendarMatchSet        
00004989  HibernateCalendarSet             
00004997  HibernateClockConfig             
000049e5  HibernateCounterMode             
000049f9  HibernateDataGet                 
00004a35  HibernateDataSet                 
00004a6b  HibernateDisable                 
00004a7d  HibernateEnableExpClk            
00004a99  HibernateGPIORetentionDisable    
00004ab5  HibernateGPIORetentionEnable     
00004acd  HibernateGPIORetentionGet        
00004ae3  HibernateIntClear                
00004af7  HibernateIntDisable              
00004b11  HibernateIntEnable               
00004b25  HibernateIntRegister             
00004b3f  HibernateIntStatus               
00004b5d  HibernateIntUnregister           
00004b73  HibernateIsActive                
00004b83  HibernateLowBatGet               
00004b8f  HibernateLowBatSet               
00004ba9  HibernateRequest                 
00004bbb  HibernateRTCDisable              
00004bcd  HibernateRTCEnable               
00004bdf  HibernateRTCGet                  
00004be5  HibernateRTCMatchGet             
00004bf3  HibernateRTCMatchSet             
00004c05  HibernateRTCSet                  
00004c29  HibernateRTCSSGet                
00004c33  HibernateRTCSSMatchGet           
00004c43  HibernateRTCSSMatchSet           
00004c57  HibernateRTCTrimGet              
00004c5d  HibernateRTCTrimSet              
00004c6d  HibernateTamperDisable           
00004c93  HibernateTamperEnable            
00004cbd  HibernateTamperEventsClear       
00004ce9  HibernateTamperEventsClearNoLock 
00004d05  HibernateTamperEventsConfig      
00004d37  HibernateTamperEventsGet         
00004da9  HibernateTamperExtOscRecover     
00004dd5  HibernateTamperExtOscValid       
00004ded  HibernateTamperIODisable         
00004e21  HibernateTamperIOEnable          
00004e7d  HibernateTamperLock              
00004e95  HibernateTamperStatusGet         
00004eef  HibernateTamperUnLock            
00004f05  HibernateWakeGet                 
00004f39  HibernateWakeSet                 
00004fb5  _ST7789GPIODataPut               
00004fd1  _ST7789WriteCommand              
00004feb  _ST7789WriteData                 
00005005  ST7789PinInitSPITest             
000050c9  ST7789PinInit                    
00005315  ST7789PixelDraw                  
000053b9  ST7789PixelDrawMultiple          
0000559f  ST7789LineDrawH                  
0000564b  ST7789LineDrawV                  
000056f7  ST7789RectFill                   
000057eb  ST7789ColorTranslate             
00005813  ST7789Flush                      
0000581d  GrMapISO8859_1_Unicode           
00005835  GrMapISO8859_2_Unicode           
00005865  GrMapISO8859_3_Unicode           
00005895  GrMapISO8859_4_Unicode           
000058c5  GrMapISO8859_5_Unicode           
000058ef  GrMapISO8859_6_Unicode           
00005921  GrMapISO8859_7_Unicode           
00005963  GrMapISO8859_8_Unicode           
000059af  GrMapISO8859_9_Unicode           
00005a0d  GrMapISO8859_10_Unicode          
00005a3d  GrMapISO8859_11_Unicode          
00005a67  GrMapISO8859_13_Unicode          
00005a9d  GrMapISO8859_14_Unicode          
00005b1d  GrMapISO8859_15_Unicode          
00005b8f  GrMapISO8859_16_Unicode          
00005bc5  GrMapUTF8_Unicode                
00005dbf  GrMapUTF16LE_Unicode             
00005dd5  GrMapUTF16BE_Unicode             
00005deb  GrMapUnicode_Unicode             
00005e29  GrMapWIN1250_Unicode             
00005e59  GrMapWIN1251_Unicode             
00005ea3  GrMapWIN1252_Unicode             
00005edb  GrMapWIN1253_Unicode             
00005f25  GrMapWIN1254_Unicode             
00005f79  GrCircleDraw                     
000063ed  GrCircleFill                     
00006617  GrLineDrawH                      
000066b7  GrLineDrawV                      
0000693b  GrLineDraw                       
00006ab3  __mpu_init                       
00006ab7  IntDisable                       
00006b29  IntEnable                        
00006b9b  IntIsEnabled                     
00006c17  IntMasterDisable                 
00006c27  IntMasterEnable                  
00006c37  IntPendClear                     
00006c85  IntPendSet                       
00006ce5  IntPriorityGet                   
00006d09  IntPriorityGroupingGet           
00006d41  IntPriorityGroupingSet           
00006d5b  IntPriorityMaskGet               
00006d63  IntPriorityMaskSet               
00006d79  IntPrioritySet                   
00006dcd  IntRegister                      
00006e1f  IntTrigger                       
00006e35  IntUnregister                    
00006ebf  SSIAdvDataPutFrameEnd            
00006ee5  SSIAdvDataPutFrameEndNonBlocking 
00006f11  SSIAdvFrameHoldDisable           
00006f27  SSIAdvFrameHoldEnable            
00006f3d  SSIAdvModeSet                    
00006f59  SSIBusy                          
00006f77  SSIClockSourceGet                
00006f87  SSIClockSourceSet                
00006f9b  SSIConfigSetExpClk               
00007015  SSIDataGet                       
00007031  SSIDataGetNonBlocking            
00007053  SSIDataPut                       
0000706d  SSIDataPutNonBlocking            
0000708d  SSIDisable                       
000070a3  SSIDMADisable                    
000070bb  SSIDMAEnable                     
000070d3  SSIEnable                        
000070e9  SSIIntClear                      
000070fb  SSIIntDisable                    
00007113  SSIIntEnable                     
00007135  SSIIntRegister                   
00007153  SSIIntStatus                     
00007171  SSIIntUnregister                 
0000718b  _system_post_cinit               
0000718d  TouchPanelIntHandler             
0000719b  main                             
00007355  GrLibInit                        
00007365  GrContextInit                    
00007417  GrContextClipRegionSet           
000074e9  SysTickInterruptHandler          
000074f1  ClockFrequencySet                
000074ff  ClockTimerSet                    
00007551  ClockRTCInit                     
0000756f  ClockRTCIntRegister              
00007581  ClockRTCIntClear                 
0000758b  ClockRTCDateTimeSet              
0000759b  ClockRTCDateTimeGet              
000075a7  ClockRTCAlarmTimeSet             
000075c9  __aeabi_memcpy                   
000075c9  __aeabi_memcpy4                  
000075c9  __aeabi_memcpy8                  
000075c9  memcpy                           
00007665  SysTickDisable                   
00007671  SysTickEnable                    
0000767d  SysTickIntDisable                
00007689  SysTickIntEnable                 
00007695  SysTickIntRegister               
000076ad  SysTickIntUnregister             
000076c1  SysTickPeriodGet                 
000076c9  SysTickPeriodSet                 
000076db  SysTickValueGet                  
000076ed  __aeabi_memclr                   
000076ed  __aeabi_memclr4                  
000076ed  __aeabi_memclr8                  
000076ef  __aeabi_memset                   
000076ef  __aeabi_memset4                  
000076ef  __aeabi_memset8                  
000076f5  memset                           
00007769  __TI_auto_init                   
000077d9  __TI_decompress_lzss             
00007841  _c_int00                         
00007895  C$$EXIT                          
00007899  abort                            
000078a1  exit                             
000078e9  copy_in                          
00007935  CPUcpsid                         
00007941  CPUcpsie                         
0000794d  CPUprimask                       
00007957  CPUwfi                           
0000795b  CPUbasepriGet                    
00007965  CPUbasepriSet                    
00007975  _args_main                       
0000798d  _register_unlock                 
00007993  _register_lock                   
0000799b  _nop                             
000079a1  __TI_decompress_none             
000079af  __TI_zero_init                   
000079bb  ResetISR                         
000079c7  _system_pre_init                 
000079cc  g_pui8TorchLightIcon             
00009201  g_pui8SettingsIcon               
0000a9df  g_pui8MusicIcon                  
0000c134  g_pui8WeatherIcon                
0000d658  g_pui16WIN1250_Unicode           
0000d758  g_pui16ISO8859_10_Unicode        
0000d816  g_pui16ISO8859_13_Unicode        
0000d8d4  g_pui16ISO8859_16_Unicode        
0000d992  g_pui16ISO8859_2_Unicode         
0000da50  g_pui16ISO8859_3_Unicode         
0000db0e  g_pui16ISO8859_4_Unicode         
0000dce0  g_pui16WIN1251_Unicode           
0000dd60  g_pui16WIN1253_Unicode           
0000dee4  g_pui16WIN1252_Unicode           
0000df24  g_pui16WIN1254_Unicode           
0000df64  g_pui16ISO8859_14_Unicode        
0000dfa2  g_pui16ISO8859_7_Unicode         
0000e00c  g_sST7789                        
0000e074  g_psDefaultCodePointMapTable     
0000e0ec  __TI_Handler_Table_Base          
0000e0f8  __TI_Handler_Table_Limit         
0000e108  __TI_CINIT_Base                  
0000e120  __TI_CINIT_Limit                 
20000000  g_pfnRAMVectors                  
20000208  __stack                          
20000408  __STACK_END                      
20000408  __STACK_TOP                      
20000408  sContext                         
20000466  ui16XPosition                    
2000046e  ui16YPosition                    
20000476  SysTickInterruptFlag             
2000047c  ui8Pressure                      
20000480  __TI_cleanup_ptr                 
20000484  __TI_dtors_ptr                   
20000488  __TI_enable_exit_profile_output  
2000048c  _lock                            
20000490  _unlock                          
20000494  main_func_sp                     
20000498  bTouchStatus                     
ffffffff  __TI_pprof_out_hndl              
ffffffff  __TI_prof_data_size              
ffffffff  __TI_prof_data_start             
ffffffff  __binit__                        
ffffffff  __c_args__                       
ffffffff  binit                            
UNDEFED   SHT$$INIT_ARRAY$$Base            
UNDEFED   SHT$$INIT_ARRAY$$Limit           

[437 symbols]
