******************************************************************************
                  TI ARM Linker PC v20.2.7                     
******************************************************************************
>> Linked Thu May  7 12:22:57 2026

OUTPUT FILE NAME:   <Lab3c.out>
ENTRY POINT SYMBOL: "_c_int00_noargs"  address: 00001571


MEMORY CONFIGURATION

         name            origin    length      used     unused   attr    fill
----------------------  --------  ---------  --------  --------  ----  --------
  FLASH                 00000000   00100000  00001680  000fe980  R  X
  SRAM                  20000000   00040000  00000204  0003fdfc  RW X


SEGMENT ALLOCATION MAP

run origin  load origin   length   init length attrs members
----------  ----------- ---------- ----------- ----- -------
00000000    00000000    00001680   00001680    r-x
  00000000    00000000    00000208   00000208    r-- .intvecs
  00000208    00000208    00001430   00001430    r-x .text
  00001638    00001638    00000030   00000030    r-- .const
  00001668    00001668    00000018   00000018    r-- .cinit
20000000    20000000    00000204   00000000    rw-
  20000000    20000000    00000200   00000000    rw- .stack
  20000200    20000200    00000004   00000000    rw- .data


SECTION ALLOCATION MAP

 output                                  attributes/
section   page    origin      length       input sections
--------  ----  ----------  ----------   ----------------
.intvecs   0    00000000    00000208     
                  00000000    00000208     tm4c129encpdt_startup_ccs.obj (.intvecs)

.text      0    00000208    00001430     
                  00000208    000009d0     rtsv7M4_T_le_v4SPD16_eabi.lib : e_pow.c.obj (.text:pow)
                  00000bd8    000001b6                                   : fd_add_t2.asm.obj (.text)
                  00000d8e    00000002     --HOLE-- [fill = 0]
                  00000d90    00000158                                   : e_sqrt.c.obj (.text:sqrt)
                  00000ee8    00000136                                   : fd_div_t2.asm.obj (.text)
                  0000101e    00000002     --HOLE-- [fill = 0]
                  00001020    00000110                                   : s_scalbn.c.obj (.text:scalbn)
                  00001130    000000fc                                   : fd_mul_t2.asm.obj (.text)
                  0000122c    000000ac     main.obj (.text)
                  000012d8    0000009c     rtsv7M4_T_le_v4SPD16_eabi.lib : memcpy_t2.asm.obj (.text)
                  00001374    00000086                                   : fd_cmp_t2.asm.obj (.text:__aeabi_cdcmple)
                  000013fa    00000086                                   : fd_cmp_t2.asm.obj (.text:__aeabi_cdrcmple)
                  00001480    00000068                                   : copy_decompress_lzss.c.obj (.text:decompress:lzss:__TI_decompress_lzss)
                  000014e8    00000044                                   : autoinit.c.obj (.text:__TI_auto_init_nobinit_nopinit:__TI_auto_init_nobinit_nopinit)
                  0000152c    00000044                                   : fd_tou_t2.asm.obj (.text)
                  00001570    00000034                                   : boot_cortex_m.c.obj (.text:_c_int00_noargs:_c_int00_noargs)
                  000015a4    0000002e                                   : i_tofd_t2.asm.obj (.text)
                  000015d2    00000020                                   : u_tofd_t2.asm.obj (.text)
                  000015f2    0000001a                                   : s_copysign.c.obj (.text:copysign)
                  0000160c    0000000e                                   : copy_decompress_none.c.obj (.text:decompress:none:__TI_decompress_none)
                  0000161a    0000000c     tm4c129encpdt_startup_ccs.obj (.text)
                  00001626    00000002     --HOLE-- [fill = 0]
                  00001628    00000008     rtsv7M4_T_le_v4SPD16_eabi.lib : errno.c.obj (.text:__aeabi_errno_addr)
                  00001630    00000004                                   : pre_init.c.obj (.text:_system_pre_init)
                  00001634    00000004                                   : exit.c.obj (.text:abort:abort)

.const     0    00001638    00000030     
                  00001638    00000030     rtsv7M4_T_le_v4SPD16_eabi.lib : e_pow.c.obj (.const:$O1$$)

.cinit     0    00001668    00000018     
                  00001668    00000008     (__TI_handler_table)
                  00001670    00000007     (.cinit..data.load) [load image, compression = lzss]
                  00001677    00000001     --HOLE-- [fill = 0]
                  00001678    00000008     (__TI_cinit_table)

.init_array 
*          0    00000000    00000000     UNINITIALIZED

.data      0    20000200    00000004     UNINITIALIZED
                  20000200    00000004     rtsv7M4_T_le_v4SPD16_eabi.lib : errno.c.obj (.data)

.stack     0    20000000    00000200     UNINITIALIZED
                  20000000    00000004     rtsv7M4_T_le_v4SPD16_eabi.lib : boot_cortex_m.c.obj (.stack)
                  20000004    000001fc     --HOLE--

__llvm_prf_cnts 
*          0    20000000    00000000     UNINITIALIZED

MODULE SUMMARY

       Module                          code   ro data   rw data
       ------                          ----   -------   -------
    .\
       tm4c129encpdt_startup_ccs.obj   12     520       0      
       main.obj                        172    0         0      
    +--+-------------------------------+------+---------+---------+
       Total:                          184    520       0      
                                                               
    C:\ti\ccs1281\ccs\tools\compiler\ti-cgt-arm_20.2.7.LTS\lib\rtsv7M4_T_le_v4SPD16_eabi.lib
       e_pow.c.obj                     2512   48        0      
       fd_add_t2.asm.obj               438    0         0      
       e_sqrt.c.obj                    344    0         0      
       fd_div_t2.asm.obj               310    0         0      
       s_scalbn.c.obj                  272    0         0      
       fd_cmp_t2.asm.obj               268    0         0      
       fd_mul_t2.asm.obj               252    0         0      
       memcpy_t2.asm.obj               156    0         0      
       copy_decompress_lzss.c.obj      104    0         0      
       autoinit.c.obj                  68     0         0      
       fd_tou_t2.asm.obj               68     0         0      
       boot_cortex_m.c.obj             52     0         0      
       i_tofd_t2.asm.obj               46     0         0      
       u_tofd_t2.asm.obj               32     0         0      
       s_copysign.c.obj                26     0         0      
       copy_decompress_none.c.obj      14     0         0      
       errno.c.obj                     8      0         4      
       exit.c.obj                      4      0         0      
       pre_init.c.obj                  4      0         0      
    +--+-------------------------------+------+---------+---------+
       Total:                          4978   48        4      
                                                               
       Stack:                          0      0         512    
       Linker Generated:               0      23        0      
    +--+-------------------------------+------+---------+---------+
       Grand Total:                    5162   591       516    


LINKER GENERATED COPY TABLES

__TI_cinit_table @ 00001678 records: 1, size/record: 8, table size: 8
	.data: load addr=00001670, load size=00000007 bytes, run addr=20000200, run size=00000004 bytes, compression=lzss


LINKER GENERATED HANDLER TABLE

__TI_handler_table @ 00001668 records: 2, size/record: 4, table size: 8
	index: 0, handler: __TI_decompress_lzss
	index: 1, handler: __TI_decompress_none


GLOBAL SYMBOLS: SORTED ALPHABETICALLY BY Name 

address   name                          
-------   ----                          
00001635  C$$EXIT                       
0000161b  ResetISR                      
20000200  __STACK_END                   
00000200  __STACK_SIZE                  
20000200  __STACK_TOP                   
00001678  __TI_CINIT_Base               
00001680  __TI_CINIT_Limit              
00001668  __TI_Handler_Table_Base       
00001670  __TI_Handler_Table_Limit      
000014e9  __TI_auto_init_nobinit_nopinit
00001481  __TI_decompress_lzss          
0000160d  __TI_decompress_none          
ffffffff  __TI_pprof_out_hndl           
ffffffff  __TI_prof_data_size           
ffffffff  __TI_prof_data_start          
00000000  __TI_static_base__            
00001375  __aeabi_cdcmpeq               
00001375  __aeabi_cdcmple               
000013fb  __aeabi_cdrcmple              
0000152d  __aeabi_d2uiz                 
00000be3  __aeabi_dadd                  
00000ee9  __aeabi_ddiv                  
00001131  __aeabi_dmul                  
00000bd9  __aeabi_dsub                  
00001629  __aeabi_errno_addr            
000015a5  __aeabi_i2d                   
000012d9  __aeabi_memcpy                
000012d9  __aeabi_memcpy4               
000012d9  __aeabi_memcpy8               
000015d3  __aeabi_ui2d                  
ffffffff  __binit__                     
ffffffff  __c_args__                    
UNDEFED   __mpu_init                    
20000000  __stack                       
20000000  __start___llvm_prf_cnts       
20000000  __stop___llvm_prf_cnts        
00001571  _c_int00_noargs               
UNDEFED   _system_post_cinit            
00001631  _system_pre_init              
00001635  abort                         
ffffffff  binit                         
0000123f  convertBinaryToDecimal        
000015f3  copysign                      
000015f3  copysignl                     
20000200  errno                         
00000000  g_pfnVectors                  
00001021  ldexp                         
00001021  ldexpl                        
0000122d  main                          
000012d9  memcpy                        
00000209  pow                           
00000209  powl                          
00001021  scalbn                        
00001021  scalbnl                       
00000d91  sqrt                          
00000d91  sqrtl                         


GLOBAL SYMBOLS: SORTED BY Symbol Address 

address   name                          
-------   ----                          
00000000  __TI_static_base__            
00000000  g_pfnVectors                  
00000200  __STACK_SIZE                  
00000209  pow                           
00000209  powl                          
00000bd9  __aeabi_dsub                  
00000be3  __aeabi_dadd                  
00000d91  sqrt                          
00000d91  sqrtl                         
00000ee9  __aeabi_ddiv                  
00001021  ldexp                         
00001021  ldexpl                        
00001021  scalbn                        
00001021  scalbnl                       
00001131  __aeabi_dmul                  
0000122d  main                          
0000123f  convertBinaryToDecimal        
000012d9  __aeabi_memcpy                
000012d9  __aeabi_memcpy4               
000012d9  __aeabi_memcpy8               
000012d9  memcpy                        
00001375  __aeabi_cdcmpeq               
00001375  __aeabi_cdcmple               
000013fb  __aeabi_cdrcmple              
00001481  __TI_decompress_lzss          
000014e9  __TI_auto_init_nobinit_nopinit
0000152d  __aeabi_d2uiz                 
00001571  _c_int00_noargs               
000015a5  __aeabi_i2d                   
000015d3  __aeabi_ui2d                  
000015f3  copysign                      
000015f3  copysignl                     
0000160d  __TI_decompress_none          
0000161b  ResetISR                      
00001629  __aeabi_errno_addr            
00001631  _system_pre_init              
00001635  C$$EXIT                       
00001635  abort                         
00001668  __TI_Handler_Table_Base       
00001670  __TI_Handler_Table_Limit      
00001678  __TI_CINIT_Base               
00001680  __TI_CINIT_Limit              
20000000  __stack                       
20000000  __start___llvm_prf_cnts       
20000000  __stop___llvm_prf_cnts        
20000200  __STACK_END                   
20000200  __STACK_TOP                   
20000200  errno                         
ffffffff  __TI_pprof_out_hndl           
ffffffff  __TI_prof_data_size           
ffffffff  __TI_prof_data_start          
ffffffff  __binit__                     
ffffffff  __c_args__                    
ffffffff  binit                         
UNDEFED   __mpu_init                    
UNDEFED   _system_post_cinit            

[56 symbols]
