
**** Build of configuration Debug for project Lab2a ****

"C:\\ti\\ccs1281\\ccs\\utils\\bin\\gmake" -k -j 16 all -O 
 
Building file: "../main.c"
Invoking: Arm Compiler
"C:/ti/ccs1281/ccs/tools/compiler/ti-cgt-arm_20.2.7.LTS/bin/armcl" -mv7M4 --code_state=16 --float_support=FPv4SPD16 -me --include_path="C:/EGE320E2/Lab2a" --include_path="C:/ti/ccs1281/ccs/tools/compiler/ti-cgt-arm_20.2.7.LTS/include" --define=ccs="ccs" --define=PART_TM4C129ENCPDT -g --gcc --diag_warning=225 --diag_wrap=off --display_error_number --abi=eabi --preproc_with_compile --preproc_dependency="main.d_raw"  "../main.c"
Finished building: "../main.c"
 
Building file: "../tm4c129encpdt_startup_ccs.c"
Invoking: Arm Compiler
"C:/ti/ccs1281/ccs/tools/compiler/ti-cgt-arm_20.2.7.LTS/bin/armcl" -mv7M4 --code_state=16 --float_support=FPv4SPD16 -me --include_path="C:/EGE320E2/Lab2a" --include_path="C:/ti/ccs1281/ccs/tools/compiler/ti-cgt-arm_20.2.7.LTS/include" --define=ccs="ccs" --define=PART_TM4C129ENCPDT -g --gcc --diag_warning=225 --diag_wrap=off --display_error_number --abi=eabi --preproc_with_compile --preproc_dependency="tm4c129encpdt_startup_ccs.d_raw"  "../tm4c129encpdt_startup_ccs.c"
Finished building: "../tm4c129encpdt_startup_ccs.c"
 
Building target: "Lab2a.out"
Invoking: Arm Linker
"C:/ti/ccs1281/ccs/tools/compiler/ti-cgt-arm_20.2.7.LTS/bin/armcl" -mv7M4 --code_state=16 --float_support=FPv4SPD16 -me --define=ccs="ccs" --define=PART_TM4C129ENCPDT -g --gcc --diag_warning=225 --diag_wrap=off --display_error_number --abi=eabi -z -m"Lab2a.map" --heap_size=0 --stack_size=512 -i"C:/ti/ccs1281/ccs/tools/compiler/ti-cgt-arm_20.2.7.LTS/lib" -i"C:/ti/ccs1281/ccs/tools/compiler/ti-cgt-arm_20.2.7.LTS/include" --reread_libs --diag_wrap=off --display_error_number --warn_sections --xml_link_info="Lab2a_linkInfo.xml" --rom_model -o "Lab2a.out" "./main.obj" "./tm4c129encpdt_startup_ccs.obj" "../tm4c129encpdt.cmd"  -llibc.a 
<Linking>
Finished building target: "Lab2a.out"
 

**** Build Finished ****

**** Build of configuration Debug for project Lab2a ****

"C:\\ti\\ccs1281\\ccs\\utils\\bin\\gmake" -k -j 16 all -O 
 
gmake[1]: 'Lab2a.out' is up to date.

**** Build Finished ****

**** Build of configuration Debug for project Lab2a ****

"C:\\ti\\ccs1281\\ccs\\utils\\bin\\gmake" -k -j 16 all -O 
 
Building file: "../main.c"
Invoking: Arm Compiler
"C:/ti/ccs1281/ccs/tools/compiler/ti-cgt-arm_20.2.7.LTS/bin/armcl" -mv7M4 --code_state=16 --float_support=FPv4SPD16 -me --include_path="C:/EGE320E2/Lab2a" --include_path="C:/ti/ccs1281/ccs/tools/compiler/ti-cgt-arm_20.2.7.LTS/include" --define=ccs="ccs" --define=PART_TM4C129ENCPDT -g --gcc --diag_warning=225 --diag_wrap=off --display_error_number --abi=eabi --preproc_with_compile --preproc_dependency="main.d_raw"  "../main.c"
Finished building: "../main.c"
 
Building target: "Lab2a.out"
Invoking: Arm Linker
"C:/ti/ccs1281/ccs/tools/compiler/ti-cgt-arm_20.2.7.LTS/bin/armcl" -mv7M4 --code_state=16 --float_support=FPv4SPD16 -me --define=ccs="ccs" --define=PART_TM4C129ENCPDT -g --gcc --diag_warning=225 --diag_wrap=off --display_error_number --abi=eabi -z -m"Lab2a.map" --heap_size=0 --stack_size=512 -i"C:/ti/ccs1281/ccs/tools/compiler/ti-cgt-arm_20.2.7.LTS/lib" -i"C:/ti/ccs1281/ccs/tools/compiler/ti-cgt-arm_20.2.7.LTS/include" --reread_libs --diag_wrap=off --display_error_number --warn_sections --xml_link_info="Lab2a_linkInfo.xml" --rom_model -o "Lab2a.out" "./main.obj" "./tm4c129encpdt_startup_ccs.obj" "../tm4c129encpdt.cmd"  -llibc.a 
<Linking>
Finished building target: "Lab2a.out"
 

**** Build Finished ****

**** Build of configuration Debug for project Lab2a ****

"C:\\ti\\ccs1281\\ccs\\utils\\bin\\gmake" -k -j 16 all -O 
 
gmake[1]: 'Lab2a.out' is up to date.

**** Build Finished ****

**** Build of configuration Debug for project Lab2a ****

"C:\\ti\\ccs1281\\ccs\\utils\\bin\\gmake" -k -j 16 all -O 
 
gmake[1]: 'Lab2a.out' is up to date.

**** Build Finished ****

**** Build of configuration Debug for project Lab2b ****

"C:\\ti\\ccs1281\\ccs\\utils\\bin\\gmake" -k -j 16 all -O 
 
Building file: "../main.c"
Invoking: Arm Compiler
"C:/ti/ccs1281/ccs/tools/compiler/ti-cgt-arm_20.2.7.LTS/bin/armcl" -mv7M4 --code_state=16 --float_support=FPv4SPD16 -me --include_path="C:/EGE320E2/Lab2b" --include_path="C:/ti/ccs1281/ccs/tools/compiler/ti-cgt-arm_20.2.7.LTS/include" --define=ccs="ccs" --define=PART_TM4C129ENCPDT -g --gcc --diag_warning=225 --diag_wrap=off --display_error_number --abi=eabi --preproc_with_compile --preproc_dependency="main.d_raw"  "../main.c"
 
>> Compilation failure
subdir_rules.mk:9: recipe for target 'main.obj' failed
"../main.c", line 21: error #20: identifier "ui1stnumber" is undefined
"../main.c", line 8: warning #552-D: variable "uiLargestNumber" was set but never used
1 error detected in the compilation of "../main.c".
gmake: *** [main.obj] Error 1
Building file: "../tm4c129encpdt_startup_ccs.c"
Invoking: Arm Compiler
"C:/ti/ccs1281/ccs/tools/compiler/ti-cgt-arm_20.2.7.LTS/bin/armcl" -mv7M4 --code_state=16 --float_support=FPv4SPD16 -me --include_path="C:/EGE320E2/Lab2b" --include_path="C:/ti/ccs1281/ccs/tools/compiler/ti-cgt-arm_20.2.7.LTS/include" --define=ccs="ccs" --define=PART_TM4C129ENCPDT -g --gcc --diag_warning=225 --diag_wrap=off --display_error_number --abi=eabi --preproc_with_compile --preproc_dependency="tm4c129encpdt_startup_ccs.d_raw"  "../tm4c129encpdt_startup_ccs.c"
Finished building: "../tm4c129encpdt_startup_ccs.c"
 
gmake: Target 'all' not remade because of errors.

**** Build Finished ****

**** Build of configuration Debug for project Lab2b ****

"C:\\ti\\ccs1281\\ccs\\utils\\bin\\gmake" -k -j 16 all -O 
 
Building file: "../main.c"
Invoking: Arm Compiler
"C:/ti/ccs1281/ccs/tools/compiler/ti-cgt-arm_20.2.7.LTS/bin/armcl" -mv7M4 --code_state=16 --float_support=FPv4SPD16 -me --include_path="C:/EGE320E2/Lab2b" --include_path="C:/ti/ccs1281/ccs/tools/compiler/ti-cgt-arm_20.2.7.LTS/include" --define=ccs="ccs" --define=PART_TM4C129ENCPDT -g --gcc --diag_warning=225 --diag_wrap=off --display_error_number --abi=eabi --preproc_with_compile --preproc_dependency="main.d_raw"  "../main.c"
 
>> Compilation failure
subdir_rules.mk:9: recipe for target 'main.obj' failed
"../main.c", line 21: error #20: identifier "ui1stnumber" is undefined
"../main.c", line 8: warning #552-D: variable "uiLargestNumber" was set but never used
1 error detected in the compilation of "../main.c".
gmake: *** [main.obj] Error 1
gmake: Target 'all' not remade because of errors.

**** Build Finished ****

**** Build of configuration Debug for project Lab2b ****

"C:\\ti\\ccs1281\\ccs\\utils\\bin\\gmake" -k -j 16 all -O 
 
Building file: "../main.c"
Invoking: Arm Compiler
"C:/ti/ccs1281/ccs/tools/compiler/ti-cgt-arm_20.2.7.LTS/bin/armcl" -mv7M4 --code_state=16 --float_support=FPv4SPD16 -me --include_path="C:/EGE320E2/Lab2b" --include_path="C:/ti/ccs1281/ccs/tools/compiler/ti-cgt-arm_20.2.7.LTS/include" --define=ccs="ccs" --define=PART_TM4C129ENCPDT -g --gcc --diag_warning=225 --diag_wrap=off --display_error_number --abi=eabi --preproc_with_compile --preproc_dependency="main.d_raw"  "../main.c"
 
>> Compilation failure
subdir_rules.mk:9: recipe for target 'main.obj' failed
"../main.c", line 21: error #20: identifier "ui1stnumber" is undefined
"../main.c", line 8: warning #552-D: variable "uiLargestNumber" was set but never used
1 error detected in the compilation of "../main.c".
gmake: *** [main.obj] Error 1
gmake: Target 'all' not remade because of errors.

**** Build Finished ****

**** Build of configuration Debug for project Lab2b ****

"C:\\ti\\ccs1281\\ccs\\utils\\bin\\gmake" -k -j 16 all -O 
 
Building file: "../main.c"
Invoking: Arm Compiler
"C:/ti/ccs1281/ccs/tools/compiler/ti-cgt-arm_20.2.7.LTS/bin/armcl" -mv7M4 --code_state=16 --float_support=FPv4SPD16 -me --include_path="C:/EGE320E2/Lab2b" --include_path="C:/ti/ccs1281/ccs/tools/compiler/ti-cgt-arm_20.2.7.LTS/include" --define=ccs="ccs" --define=PART_TM4C129ENCPDT -g --gcc --diag_warning=225 --diag_wrap=off --display_error_number --abi=eabi --preproc_with_compile --preproc_dependency="main.d_raw"  "../main.c"
 
>> Compilation failure
subdir_rules.mk:9: recipe for target 'main.obj' failed
"../main.c", line 21: error #20: identifier "ui1stnumber" is undefined
"../main.c", line 8: warning #552-D: variable "uiLargestNumber" was set but never used
1 error detected in the compilation of "../main.c".
gmake: *** [main.obj] Error 1
gmake: Target 'all' not remade because of errors.

**** Build Finished ****

**** Build of configuration Debug for project Lab2b ****

"C:\\ti\\ccs1281\\ccs\\utils\\bin\\gmake" -k -j 16 all -O 
 
Building file: "../main.c"
Invoking: Arm Compiler
"C:/ti/ccs1281/ccs/tools/compiler/ti-cgt-arm_20.2.7.LTS/bin/armcl" -mv7M4 --code_state=16 --float_support=FPv4SPD16 -me --include_path="C:/EGE320E2/Lab2b" --include_path="C:/ti/ccs1281/ccs/tools/compiler/ti-cgt-arm_20.2.7.LTS/include" --define=ccs="ccs" --define=PART_TM4C129ENCPDT -g --gcc --diag_warning=225 --diag_wrap=off --display_error_number --abi=eabi --preproc_with_compile --preproc_dependency="main.d_raw"  "../main.c"
 
>> Compilation failure
subdir_rules.mk:9: recipe for target 'main.obj' failed
"../main.c", line 21: error #20: identifier "ui1stnumber" is undefined
"../main.c", line 8: warning #552-D: variable "uiLargestNumber" was set but never used
1 error detected in the compilation of "../main.c".
gmake: *** [main.obj] Error 1
gmake: Target 'all' not remade because of errors.

**** Build Finished ****

**** Build of configuration Debug for project Lab2b ****

"C:\\ti\\ccs1281\\ccs\\utils\\bin\\gmake" -k -j 16 all -O 
 
Building file: "../main.c"
Invoking: Arm Compiler
"C:/ti/ccs1281/ccs/tools/compiler/ti-cgt-arm_20.2.7.LTS/bin/armcl" -mv7M4 --code_state=16 --float_support=FPv4SPD16 -me --include_path="C:/EGE320E2/Lab2b" --include_path="C:/ti/ccs1281/ccs/tools/compiler/ti-cgt-arm_20.2.7.LTS/include" --define=ccs="ccs" --define=PART_TM4C129ENCPDT -g --gcc --diag_warning=225 --diag_wrap=off --display_error_number --abi=eabi --preproc_with_compile --preproc_dependency="main.d_raw"  "../main.c"
 
>> Compilation failure
subdir_rules.mk:9: recipe for target 'main.obj' failed
"../main.c", line 21: error #20: identifier "ui1stnumber" is undefined
"../main.c", line 8: warning #552-D: variable "uiLargestNumber" was set but never used
1 error detected in the compilation of "../main.c".
gmake: *** [main.obj] Error 1
gmake: Target 'all' not remade because of errors.

**** Build Finished ****

**** Build of configuration Debug for project Lab2b ****

"C:\\ti\\ccs1281\\ccs\\utils\\bin\\gmake" -k -j 16 all -O 
 
Building file: "../main.c"
Invoking: Arm Compiler
"C:/ti/ccs1281/ccs/tools/compiler/ti-cgt-arm_20.2.7.LTS/bin/armcl" -mv7M4 --code_state=16 --float_support=FPv4SPD16 -me --include_path="C:/EGE320E2/Lab2b" --include_path="C:/ti/ccs1281/ccs/tools/compiler/ti-cgt-arm_20.2.7.LTS/include" --define=ccs="ccs" --define=PART_TM4C129ENCPDT -g --gcc --diag_warning=225 --diag_wrap=off --display_error_number --abi=eabi --preproc_with_compile --preproc_dependency="main.d_raw"  "../main.c"
 
>> Compilation failure
subdir_rules.mk:9: recipe for target 'main.obj' failed
"../main.c", line 21: error #20: identifier "ui1stnumber" is undefined
"../main.c", line 8: warning #552-D: variable "uiLargestNumber" was set but never used
1 error detected in the compilation of "../main.c".
gmake: *** [main.obj] Error 1
gmake: Target 'all' not remade because of errors.

**** Build Finished ****

**** Build of configuration Debug for project Lab2b ****

"C:\\ti\\ccs1281\\ccs\\utils\\bin\\gmake" -k -j 16 all -O 
 
Building file: "../main.c"
Invoking: Arm Compiler
"C:/ti/ccs1281/ccs/tools/compiler/ti-cgt-arm_20.2.7.LTS/bin/armcl" -mv7M4 --code_state=16 --float_support=FPv4SPD16 -me --include_path="C:/EGE320E2/Lab2b" --include_path="C:/ti/ccs1281/ccs/tools/compiler/ti-cgt-arm_20.2.7.LTS/include" --define=ccs="ccs" --define=PART_TM4C129ENCPDT -g --gcc --diag_warning=225 --diag_wrap=off --display_error_number --abi=eabi --preproc_with_compile --preproc_dependency="main.d_raw"  "../main.c"
 
>> Compilation failure
subdir_rules.mk:9: recipe for target 'main.obj' failed
"../main.c", line 21: error #20: identifier "ui1stnumber" is undefined
"../main.c", line 8: warning #552-D: variable "uiLargestNumber" was set but never used
1 error detected in the compilation of "../main.c".
gmake: *** [main.obj] Error 1
gmake: Target 'all' not remade because of errors.

**** Build Finished ****

**** Build of configuration Debug for project Lab2b ****

"C:\\ti\\ccs1281\\ccs\\utils\\bin\\gmake" -k -j 16 all -O 
 
Building file: "../main.c"
Invoking: Arm Compiler
"C:/ti/ccs1281/ccs/tools/compiler/ti-cgt-arm_20.2.7.LTS/bin/armcl" -mv7M4 --code_state=16 --float_support=FPv4SPD16 -me --include_path="C:/EGE320E2/Lab2b" --include_path="C:/ti/ccs1281/ccs/tools/compiler/ti-cgt-arm_20.2.7.LTS/include" --define=ccs="ccs" --define=PART_TM4C129ENCPDT -g --gcc --diag_warning=225 --diag_wrap=off --display_error_number --abi=eabi --preproc_with_compile --preproc_dependency="main.d_raw"  "../main.c"
 
>> Compilation failure
subdir_rules.mk:9: recipe for target 'main.obj' failed
"../main.c", line 21: error #20: identifier "ui1stnumber" is undefined
"../main.c", line 8: warning #552-D: variable "uiLargestNumber" was set but never used
1 error detected in the compilation of "../main.c".
gmake: *** [main.obj] Error 1
gmake: Target 'all' not remade because of errors.

**** Build Finished ****

**** Build of configuration Debug for project Lab2b ****

"C:\\ti\\ccs1281\\ccs\\utils\\bin\\gmake" -k -j 16 all -O 
 
Building file: "../main.c"
Invoking: Arm Compiler
"C:/ti/ccs1281/ccs/tools/compiler/ti-cgt-arm_20.2.7.LTS/bin/armcl" -mv7M4 --code_state=16 --float_support=FPv4SPD16 -me --include_path="C:/EGE320E2/Lab2b" --include_path="C:/ti/ccs1281/ccs/tools/compiler/ti-cgt-arm_20.2.7.LTS/include" --define=ccs="ccs" --define=PART_TM4C129ENCPDT -g --gcc --diag_warning=225 --diag_wrap=off --display_error_number --abi=eabi --preproc_with_compile --preproc_dependency="main.d_raw"  "../main.c"
"../main.c", line 8: warning #552-D: variable "uiLargestNumber" was set but never used
Finished building: "../main.c"
 
Building target: "Lab2b.out"
Invoking: Arm Linker
"C:/ti/ccs1281/ccs/tools/compiler/ti-cgt-arm_20.2.7.LTS/bin/armcl" -mv7M4 --code_state=16 --float_support=FPv4SPD16 -me --define=ccs="ccs" --define=PART_TM4C129ENCPDT -g --gcc --diag_warning=225 --diag_wrap=off --display_error_number --abi=eabi -z -m"Lab2b.map" --heap_size=0 --stack_size=512 -i"C:/ti/ccs1281/ccs/tools/compiler/ti-cgt-arm_20.2.7.LTS/lib" -i"C:/ti/ccs1281/ccs/tools/compiler/ti-cgt-arm_20.2.7.LTS/include" --reread_libs --diag_wrap=off --display_error_number --warn_sections --xml_link_info="Lab2b_linkInfo.xml" --rom_model -o "Lab2b.out" "./main.obj" "./tm4c129encpdt_startup_ccs.obj" "../tm4c129encpdt.cmd"  -llibc.a 
<Linking>
Finished building target: "Lab2b.out"
 

**** Build Finished ****

**** Build of configuration Debug for project Lab2b ****

"C:\\ti\\ccs1281\\ccs\\utils\\bin\\gmake" -k -j 16 all -O 
 
gmake[1]: 'Lab2b.out' is up to date.

**** Build Finished ****

**** Build of configuration Debug for project Lab2b ****

"C:\\ti\\ccs1281\\ccs\\utils\\bin\\gmake" -k -j 16 all -O 
 
Building file: "../main.c"
Invoking: Arm Compiler
"C:/ti/ccs1281/ccs/tools/compiler/ti-cgt-arm_20.2.7.LTS/bin/armcl" -mv7M4 --code_state=16 --float_support=FPv4SPD16 -me --include_path="C:/EGE320E2/Lab2b" --include_path="C:/ti/ccs1281/ccs/tools/compiler/ti-cgt-arm_20.2.7.LTS/include" --define=ccs="ccs" --define=PART_TM4C129ENCPDT -g --gcc --diag_warning=225 --diag_wrap=off --display_error_number --abi=eabi --preproc_with_compile --preproc_dependency="main.d_raw"  "../main.c"
"../main.c", line 8: warning #552-D: variable "uiLargestNumber" was set but never used
Finished building: "../main.c"
 
Building target: "Lab2b.out"
Invoking: Arm Linker
"C:/ti/ccs1281/ccs/tools/compiler/ti-cgt-arm_20.2.7.LTS/bin/armcl" -mv7M4 --code_state=16 --float_support=FPv4SPD16 -me --define=ccs="ccs" --define=PART_TM4C129ENCPDT -g --gcc --diag_warning=225 --diag_wrap=off --display_error_number --abi=eabi -z -m"Lab2b.map" --heap_size=0 --stack_size=512 -i"C:/ti/ccs1281/ccs/tools/compiler/ti-cgt-arm_20.2.7.LTS/lib" -i"C:/ti/ccs1281/ccs/tools/compiler/ti-cgt-arm_20.2.7.LTS/include" --reread_libs --diag_wrap=off --display_error_number --warn_sections --xml_link_info="Lab2b_linkInfo.xml" --rom_model -o "Lab2b.out" "./main.obj" "./tm4c129encpdt_startup_ccs.obj" "../tm4c129encpdt.cmd"  -llibc.a 
<Linking>
Finished building target: "Lab2b.out"
 

**** Build Finished ****

**** Build of configuration Debug for project Lab2b ****

"C:\\ti\\ccs1281\\ccs\\utils\\bin\\gmake" -k -j 16 all -O 
 
gmake[1]: 'Lab2b.out' is up to date.

**** Build Finished ****

**** Build of configuration Debug for project Lab2b ****

"C:\\ti\\ccs1281\\ccs\\utils\\bin\\gmake" -k -j 16 all -O 
 
gmake[1]: 'Lab2b.out' is up to date.

**** Build Finished ****

**** Build of configuration Debug for project Lab2c ****

"C:\\ti\\ccs1281\\ccs\\utils\\bin\\gmake" -k -j 16 all -O 
 
Building file: "../main.c"
Invoking: Arm Compiler
"C:/ti/ccs1281/ccs/tools/compiler/ti-cgt-arm_20.2.7.LTS/bin/armcl" -mv7M4 --code_state=16 --float_support=FPv4SPD16 -me --include_path="C:/EGE320E2/Lab2c" --include_path="C:/ti/ccs1281/ccs/tools/compiler/ti-cgt-arm_20.2.7.LTS/include" --define=ccs="ccs" --define=PART_TM4C129ENCPDT -g --gcc --diag_warning=225 --diag_wrap=off --display_error_number --abi=eabi --preproc_with_compile --preproc_dependency="main.d_raw"  "../main.c"
 
>> Compilation failure
subdir_rules.mk:9: recipe for target 'main.obj' failed
"../main.c", line 27: error #20: identifier "uni1stNumber" is undefined
"../main.c", line 27: error #20: identifier "uni2ndNumber" is undefined
"../main.c", line 9: warning #552-D: variable "uiResult" was set but never used
2 errors detected in the compilation of "../main.c".
gmake: *** [main.obj] Error 1
Building file: "../tm4c129encpdt_startup_ccs.c"
Invoking: Arm Compiler
"C:/ti/ccs1281/ccs/tools/compiler/ti-cgt-arm_20.2.7.LTS/bin/armcl" -mv7M4 --code_state=16 --float_support=FPv4SPD16 -me --include_path="C:/EGE320E2/Lab2c" --include_path="C:/ti/ccs1281/ccs/tools/compiler/ti-cgt-arm_20.2.7.LTS/include" --define=ccs="ccs" --define=PART_TM4C129ENCPDT -g --gcc --diag_warning=225 --diag_wrap=off --display_error_number --abi=eabi --preproc_with_compile --preproc_dependency="tm4c129encpdt_startup_ccs.d_raw"  "../tm4c129encpdt_startup_ccs.c"
Finished building: "../tm4c129encpdt_startup_ccs.c"
 
gmake: Target 'all' not remade because of errors.

**** Build Finished ****

**** Build of configuration Debug for project Lab2c ****

"C:\\ti\\ccs1281\\ccs\\utils\\bin\\gmake" -k -j 16 all -O 
 
Building file: "../main.c"
Invoking: Arm Compiler
"C:/ti/ccs1281/ccs/tools/compiler/ti-cgt-arm_20.2.7.LTS/bin/armcl" -mv7M4 --code_state=16 --float_support=FPv4SPD16 -me --include_path="C:/EGE320E2/Lab2c" --include_path="C:/ti/ccs1281/ccs/tools/compiler/ti-cgt-arm_20.2.7.LTS/include" --define=ccs="ccs" --define=PART_TM4C129ENCPDT -g --gcc --diag_warning=225 --diag_wrap=off --display_error_number --abi=eabi --preproc_with_compile --preproc_dependency="main.d_raw"  "../main.c"
"../main.c", line 9: warning #552-D: variable "uiResult" was set but never used
Finished building: "../main.c"
 
Building target: "Lab2c.out"
Invoking: Arm Linker
"C:/ti/ccs1281/ccs/tools/compiler/ti-cgt-arm_20.2.7.LTS/bin/armcl" -mv7M4 --code_state=16 --float_support=FPv4SPD16 -me --define=ccs="ccs" --define=PART_TM4C129ENCPDT -g --gcc --diag_warning=225 --diag_wrap=off --display_error_number --abi=eabi -z -m"Lab2c.map" --heap_size=0 --stack_size=512 -i"C:/ti/ccs1281/ccs/tools/compiler/ti-cgt-arm_20.2.7.LTS/lib" -i"C:/ti/ccs1281/ccs/tools/compiler/ti-cgt-arm_20.2.7.LTS/include" --reread_libs --diag_wrap=off --display_error_number --warn_sections --xml_link_info="Lab2c_linkInfo.xml" --rom_model -o "Lab2c.out" "./main.obj" "./tm4c129encpdt_startup_ccs.obj" "../tm4c129encpdt.cmd"  -llibc.a 
<Linking>
Finished building target: "Lab2c.out"
 

**** Build Finished ****

**** Build of configuration Debug for project Lab2c ****

"C:\\ti\\ccs1281\\ccs\\utils\\bin\\gmake" -k -j 16 all -O 
 
gmake[1]: 'Lab2c.out' is up to date.

**** Build Finished ****
