<?xml version="1.0" encoding="ISO-8859-1" ?>
<link_info>
   <banner>TI ARM Linker PC v20.2.7.LTS</banner>
   <copyright>Copyright (c) 1996-2018 Texas Instruments Incorporated</copyright>
   <link_time>0x6a0e9090</link_time>
   <link_errors>0x0</link_errors>
   <output_file>lab5_1.1.out</output_file>
   <entry_point>
      <name>_c_int00_noargs</name>
      <address>0x7e19</address>
   </entry_point>
   <input_file_list>
      <input_file id="fl-2">
         <path>.\</path>
         <kind>object</kind>
         <file>main.obj</file>
         <name>main.obj</name>
      </input_file>
      <input_file id="fl-3">
         <path>.\</path>
         <kind>object</kind>
         <file>tm4c129encpdt_startup_ccs.obj</file>
         <name>tm4c129encpdt_startup_ccs.obj</name>
      </input_file>
      <input_file id="fl-4">
         <path>.\Drivers\CoreDrivers\</path>
         <kind>object</kind>
         <file>cpu.obj</file>
         <name>cpu.obj</name>
      </input_file>
      <input_file id="fl-5">
         <path>.\Drivers\CoreDrivers\</path>
         <kind>object</kind>
         <file>interrupt.obj</file>
         <name>interrupt.obj</name>
      </input_file>
      <input_file id="fl-6">
         <path>.\Drivers\CoreDrivers\</path>
         <kind>object</kind>
         <file>systick.obj</file>
         <name>systick.obj</name>
      </input_file>
      <input_file id="fl-7">
         <path>.\Drivers\DeviceDrivers\</path>
         <kind>object</kind>
         <file>buzzer.obj</file>
         <name>buzzer.obj</name>
      </input_file>
      <input_file id="fl-8">
         <path>.\Drivers\DeviceDrivers\</path>
         <kind>object</kind>
         <file>clock.obj</file>
         <name>clock.obj</name>
      </input_file>
      <input_file id="fl-9">
         <path>.\Drivers\DeviceDrivers\</path>
         <kind>object</kind>
         <file>it7258_i2c.obj</file>
         <name>it7258_i2c.obj</name>
      </input_file>
      <input_file id="fl-a">
         <path>.\Drivers\DeviceDrivers\</path>
         <kind>object</kind>
         <file>lightsensor.obj</file>
         <name>lightsensor.obj</name>
      </input_file>
      <input_file id="fl-b">
         <path>.\Drivers\DeviceDrivers\</path>
         <kind>object</kind>
         <file>odinw2_uart.obj</file>
         <name>odinw2_uart.obj</name>
      </input_file>
      <input_file id="fl-c">
         <path>.\Drivers\DeviceDrivers\</path>
         <kind>object</kind>
         <file>pushbutton.obj</file>
         <name>pushbutton.obj</name>
      </input_file>
      <input_file id="fl-d">
         <path>.\Drivers\DeviceDrivers\</path>
         <kind>object</kind>
         <file>rgbled.obj</file>
         <name>rgbled.obj</name>
      </input_file>
      <input_file id="fl-e">
         <path>.\Drivers\DeviceDrivers\</path>
         <kind>object</kind>
         <file>serial_uart.obj</file>
         <name>serial_uart.obj</name>
      </input_file>
      <input_file id="fl-f">
         <path>.\Drivers\DeviceDrivers\</path>
         <kind>object</kind>
         <file>st7789_spi.obj</file>
         <name>st7789_spi.obj</name>
      </input_file>
      <input_file id="fl-10">
         <path>.\Drivers\DeviceDrivers\</path>
         <kind>object</kind>
         <file>tempsensor.obj</file>
         <name>tempsensor.obj</name>
      </input_file>
      <input_file id="fl-11">
         <path>.\Drivers\DeviceDrivers\</path>
         <kind>object</kind>
         <file>vibrator.obj</file>
         <name>vibrator.obj</name>
      </input_file>
      <input_file id="fl-12">
         <path>.\Drivers\PeripheralDrivers\</path>
         <kind>object</kind>
         <file>adc.obj</file>
         <name>adc.obj</name>
      </input_file>
      <input_file id="fl-13">
         <path>.\Drivers\PeripheralDrivers\</path>
         <kind>object</kind>
         <file>comp.obj</file>
         <name>comp.obj</name>
      </input_file>
      <input_file id="fl-14">
         <path>.\Drivers\PeripheralDrivers\</path>
         <kind>object</kind>
         <file>gpio.obj</file>
         <name>gpio.obj</name>
      </input_file>
      <input_file id="fl-15">
         <path>.\Drivers\PeripheralDrivers\</path>
         <kind>object</kind>
         <file>hibernate.obj</file>
         <name>hibernate.obj</name>
      </input_file>
      <input_file id="fl-16">
         <path>.\Drivers\PeripheralDrivers\</path>
         <kind>object</kind>
         <file>i2c.obj</file>
         <name>i2c.obj</name>
      </input_file>
      <input_file id="fl-17">
         <path>.\Drivers\PeripheralDrivers\</path>
         <kind>object</kind>
         <file>lcd.obj</file>
         <name>lcd.obj</name>
      </input_file>
      <input_file id="fl-18">
         <path>.\Drivers\PeripheralDrivers\</path>
         <kind>object</kind>
         <file>pwm.obj</file>
         <name>pwm.obj</name>
      </input_file>
      <input_file id="fl-19">
         <path>.\Drivers\PeripheralDrivers\</path>
         <kind>object</kind>
         <file>ssi.obj</file>
         <name>ssi.obj</name>
      </input_file>
      <input_file id="fl-1a">
         <path>.\Drivers\PeripheralDrivers\</path>
         <kind>object</kind>
         <file>sysctl.obj</file>
         <name>sysctl.obj</name>
      </input_file>
      <input_file id="fl-1b">
         <path>.\Drivers\PeripheralDrivers\</path>
         <kind>object</kind>
         <file>timer.obj</file>
         <name>timer.obj</name>
      </input_file>
      <input_file id="fl-1c">
         <path>.\Drivers\PeripheralDrivers\</path>
         <kind>object</kind>
         <file>uart.obj</file>
         <name>uart.obj</name>
      </input_file>
      <input_file id="fl-1d">
         <path>.\Drivers\PeripheralDrivers\</path>
         <kind>object</kind>
         <file>udma.obj</file>
         <name>udma.obj</name>
      </input_file>
      <input_file id="fl-1e">
         <path>.\Drivers\PeripheralDrivers\</path>
         <kind>object</kind>
         <file>watchdog.obj</file>
         <name>watchdog.obj</name>
      </input_file>
      <input_file id="fl-1f">
         <path>.\Libraries\grlib\</path>
         <kind>object</kind>
         <file>charmap.obj</file>
         <name>charmap.obj</name>
      </input_file>
      <input_file id="fl-20">
         <path>.\Libraries\grlib\</path>
         <kind>object</kind>
         <file>circle.obj</file>
         <name>circle.obj</name>
      </input_file>
      <input_file id="fl-21">
         <path>.\Libraries\grlib\</path>
         <kind>object</kind>
         <file>context.obj</file>
         <name>context.obj</name>
      </input_file>
      <input_file id="fl-22">
         <path>.\Libraries\grlib\</path>
         <kind>object</kind>
         <file>image.obj</file>
         <name>image.obj</name>
      </input_file>
      <input_file id="fl-23">
         <path>.\Libraries\grlib\</path>
         <kind>object</kind>
         <file>line.obj</file>
         <name>line.obj</name>
      </input_file>
      <input_file id="fl-24">
         <path>.\Libraries\grlib\</path>
         <kind>object</kind>
         <file>rectangle.obj</file>
         <name>rectangle.obj</name>
      </input_file>
      <input_file id="fl-25">
         <path>.\Libraries\grlib\</path>
         <kind>object</kind>
         <file>string.obj</file>
         <name>string.obj</name>
      </input_file>
      <input_file id="fl-26">
         <path>.\Libraries\grlib\fonts\</path>
         <kind>object</kind>
         <file>fontcmss12.obj</file>
         <name>fontcmss12.obj</name>
      </input_file>
      <input_file id="fl-27">
         <path>.\Libraries\grlib\fonts\</path>
         <kind>object</kind>
         <file>fontcmss12b.obj</file>
         <name>fontcmss12b.obj</name>
      </input_file>
      <input_file id="fl-28">
         <path>.\Libraries\grlib\fonts\</path>
         <kind>object</kind>
         <file>fontcmss12i.obj</file>
         <name>fontcmss12i.obj</name>
      </input_file>
      <input_file id="fl-29">
         <path>.\Libraries\grlib\fonts\</path>
         <kind>object</kind>
         <file>fontcmss14.obj</file>
         <name>fontcmss14.obj</name>
      </input_file>
      <input_file id="fl-2a">
         <path>.\Libraries\grlib\fonts\</path>
         <kind>object</kind>
         <file>fontcmss14b.obj</file>
         <name>fontcmss14b.obj</name>
      </input_file>
      <input_file id="fl-2b">
         <path>.\Libraries\grlib\fonts\</path>
         <kind>object</kind>
         <file>fontcmss14i.obj</file>
         <name>fontcmss14i.obj</name>
      </input_file>
      <input_file id="fl-2c">
         <path>.\Libraries\grlib\fonts\</path>
         <kind>object</kind>
         <file>fontcmss16.obj</file>
         <name>fontcmss16.obj</name>
      </input_file>
      <input_file id="fl-2d">
         <path>.\Libraries\grlib\fonts\</path>
         <kind>object</kind>
         <file>fontcmss16b.obj</file>
         <name>fontcmss16b.obj</name>
      </input_file>
      <input_file id="fl-2e">
         <path>.\Libraries\grlib\fonts\</path>
         <kind>object</kind>
         <file>fontcmss16i.obj</file>
         <name>fontcmss16i.obj</name>
      </input_file>
      <input_file id="fl-2f">
         <path>.\Libraries\grlib\fonts\</path>
         <kind>object</kind>
         <file>fontcmss18.obj</file>
         <name>fontcmss18.obj</name>
      </input_file>
      <input_file id="fl-30">
         <path>.\Libraries\grlib\fonts\</path>
         <kind>object</kind>
         <file>fontcmss18b.obj</file>
         <name>fontcmss18b.obj</name>
      </input_file>
      <input_file id="fl-31">
         <path>.\Libraries\grlib\fonts\</path>
         <kind>object</kind>
         <file>fontcmss18i.obj</file>
         <name>fontcmss18i.obj</name>
      </input_file>
      <input_file id="fl-32">
         <path>.\Libraries\grlib\fonts\</path>
         <kind>object</kind>
         <file>fontcmss20.obj</file>
         <name>fontcmss20.obj</name>
      </input_file>
      <input_file id="fl-33">
         <path>.\Libraries\grlib\fonts\</path>
         <kind>object</kind>
         <file>fontcmss20b.obj</file>
         <name>fontcmss20b.obj</name>
      </input_file>
      <input_file id="fl-34">
         <path>.\Libraries\grlib\fonts\</path>
         <kind>object</kind>
         <file>fontcmss20i.obj</file>
         <name>fontcmss20i.obj</name>
      </input_file>
      <input_file id="fl-35">
         <path>.\Libraries\grlib\fonts\</path>
         <kind>object</kind>
         <file>fontcmss22.obj</file>
         <name>fontcmss22.obj</name>
      </input_file>
      <input_file id="fl-36">
         <path>.\Libraries\grlib\fonts\</path>
         <kind>object</kind>
         <file>fontcmss22b.obj</file>
         <name>fontcmss22b.obj</name>
      </input_file>
      <input_file id="fl-37">
         <path>.\Libraries\grlib\fonts\</path>
         <kind>object</kind>
         <file>fontcmss22i.obj</file>
         <name>fontcmss22i.obj</name>
      </input_file>
      <input_file id="fl-38">
         <path>.\Libraries\grlib\fonts\</path>
         <kind>object</kind>
         <file>fontcmss24.obj</file>
         <name>fontcmss24.obj</name>
      </input_file>
      <input_file id="fl-39">
         <path>.\Libraries\grlib\fonts\</path>
         <kind>object</kind>
         <file>fontcmss24b.obj</file>
         <name>fontcmss24b.obj</name>
      </input_file>
      <input_file id="fl-3a">
         <path>.\Libraries\grlib\fonts\</path>
         <kind>object</kind>
         <file>fontcmss24i.obj</file>
         <name>fontcmss24i.obj</name>
      </input_file>
      <input_file id="fl-3b">
         <path>.\Libraries\grlib\fonts\</path>
         <kind>object</kind>
         <file>fontcmss26.obj</file>
         <name>fontcmss26.obj</name>
      </input_file>
      <input_file id="fl-3c">
         <path>.\Libraries\grlib\fonts\</path>
         <kind>object</kind>
         <file>fontcmss26b.obj</file>
         <name>fontcmss26b.obj</name>
      </input_file>
      <input_file id="fl-3d">
         <path>.\Libraries\grlib\fonts\</path>
         <kind>object</kind>
         <file>fontcmss26i.obj</file>
         <name>fontcmss26i.obj</name>
      </input_file>
      <input_file id="fl-3e">
         <path>.\Libraries\grlib\fonts\</path>
         <kind>object</kind>
         <file>fontcmss28.obj</file>
         <name>fontcmss28.obj</name>
      </input_file>
      <input_file id="fl-3f">
         <path>.\Libraries\grlib\fonts\</path>
         <kind>object</kind>
         <file>fontcmss28b.obj</file>
         <name>fontcmss28b.obj</name>
      </input_file>
      <input_file id="fl-40">
         <path>.\Libraries\grlib\fonts\</path>
         <kind>object</kind>
         <file>fontcmss28i.obj</file>
         <name>fontcmss28i.obj</name>
      </input_file>
      <input_file id="fl-41">
         <path>.\Libraries\grlib\fonts\</path>
         <kind>object</kind>
         <file>fontcmss30.obj</file>
         <name>fontcmss30.obj</name>
      </input_file>
      <input_file id="fl-42">
         <path>.\Libraries\grlib\fonts\</path>
         <kind>object</kind>
         <file>fontcmss30b.obj</file>
         <name>fontcmss30b.obj</name>
      </input_file>
      <input_file id="fl-43">
         <path>.\Libraries\grlib\fonts\</path>
         <kind>object</kind>
         <file>fontcmss30i.obj</file>
         <name>fontcmss30i.obj</name>
      </input_file>
      <input_file id="fl-44">
         <path>.\Libraries\grlib\fonts\</path>
         <kind>object</kind>
         <file>fontcmss32.obj</file>
         <name>fontcmss32.obj</name>
      </input_file>
      <input_file id="fl-45">
         <path>.\Libraries\grlib\fonts\</path>
         <kind>object</kind>
         <file>fontcmss32b.obj</file>
         <name>fontcmss32b.obj</name>
      </input_file>
      <input_file id="fl-46">
         <path>.\Libraries\grlib\fonts\</path>
         <kind>object</kind>
         <file>fontcmss32i.obj</file>
         <name>fontcmss32i.obj</name>
      </input_file>
      <input_file id="fl-47">
         <path>.\Libraries\grlib\fonts\</path>
         <kind>object</kind>
         <file>fontcmss34.obj</file>
         <name>fontcmss34.obj</name>
      </input_file>
      <input_file id="fl-48">
         <path>.\Libraries\grlib\fonts\</path>
         <kind>object</kind>
         <file>fontcmss34b.obj</file>
         <name>fontcmss34b.obj</name>
      </input_file>
      <input_file id="fl-49">
         <path>.\Libraries\grlib\fonts\</path>
         <kind>object</kind>
         <file>fontcmss34i.obj</file>
         <name>fontcmss34i.obj</name>
      </input_file>
      <input_file id="fl-4a">
         <path>.\Libraries\grlib\fonts\</path>
         <kind>object</kind>
         <file>fontcmss36.obj</file>
         <name>fontcmss36.obj</name>
      </input_file>
      <input_file id="fl-4b">
         <path>.\Libraries\grlib\fonts\</path>
         <kind>object</kind>
         <file>fontcmss36b.obj</file>
         <name>fontcmss36b.obj</name>
      </input_file>
      <input_file id="fl-4c">
         <path>.\Libraries\grlib\fonts\</path>
         <kind>object</kind>
         <file>fontcmss36i.obj</file>
         <name>fontcmss36i.obj</name>
      </input_file>
      <input_file id="fl-4d">
         <path>.\Libraries\grlib\fonts\</path>
         <kind>object</kind>
         <file>fontcmss38.obj</file>
         <name>fontcmss38.obj</name>
      </input_file>
      <input_file id="fl-4e">
         <path>.\Libraries\grlib\fonts\</path>
         <kind>object</kind>
         <file>fontcmss38b.obj</file>
         <name>fontcmss38b.obj</name>
      </input_file>
      <input_file id="fl-4f">
         <path>.\Libraries\grlib\fonts\</path>
         <kind>object</kind>
         <file>fontcmss38i.obj</file>
         <name>fontcmss38i.obj</name>
      </input_file>
      <input_file id="fl-50">
         <path>.\Libraries\grlib\fonts\</path>
         <kind>object</kind>
         <file>fontcmss40.obj</file>
         <name>fontcmss40.obj</name>
      </input_file>
      <input_file id="fl-51">
         <path>.\Libraries\grlib\fonts\</path>
         <kind>object</kind>
         <file>fontcmss40b.obj</file>
         <name>fontcmss40b.obj</name>
      </input_file>
      <input_file id="fl-52">
         <path>.\Libraries\grlib\fonts\</path>
         <kind>object</kind>
         <file>fontcmss40i.obj</file>
         <name>fontcmss40i.obj</name>
      </input_file>
      <input_file id="fl-53">
         <path>.\Libraries\grlib\fonts\</path>
         <kind>object</kind>
         <file>fontcmss42.obj</file>
         <name>fontcmss42.obj</name>
      </input_file>
      <input_file id="fl-54">
         <path>.\Libraries\grlib\fonts\</path>
         <kind>object</kind>
         <file>fontcmss42b.obj</file>
         <name>fontcmss42b.obj</name>
      </input_file>
      <input_file id="fl-55">
         <path>.\Libraries\grlib\fonts\</path>
         <kind>object</kind>
         <file>fontcmss42i.obj</file>
         <name>fontcmss42i.obj</name>
      </input_file>
      <input_file id="fl-56">
         <path>.\Libraries\grlib\fonts\</path>
         <kind>object</kind>
         <file>fontcmss44.obj</file>
         <name>fontcmss44.obj</name>
      </input_file>
      <input_file id="fl-57">
         <path>.\Libraries\grlib\fonts\</path>
         <kind>object</kind>
         <file>fontcmss44b.obj</file>
         <name>fontcmss44b.obj</name>
      </input_file>
      <input_file id="fl-58">
         <path>.\Libraries\grlib\fonts\</path>
         <kind>object</kind>
         <file>fontcmss44i.obj</file>
         <name>fontcmss44i.obj</name>
      </input_file>
      <input_file id="fl-59">
         <path>.\Libraries\grlib\fonts\</path>
         <kind>object</kind>
         <file>fontcmss46.obj</file>
         <name>fontcmss46.obj</name>
      </input_file>
      <input_file id="fl-5a">
         <path>.\Libraries\grlib\fonts\</path>
         <kind>object</kind>
         <file>fontcmss46b.obj</file>
         <name>fontcmss46b.obj</name>
      </input_file>
      <input_file id="fl-5b">
         <path>.\Libraries\grlib\fonts\</path>
         <kind>object</kind>
         <file>fontcmss46i.obj</file>
         <name>fontcmss46i.obj</name>
      </input_file>
      <input_file id="fl-5c">
         <path>.\Libraries\grlib\fonts\</path>
         <kind>object</kind>
         <file>fontcmss48.obj</file>
         <name>fontcmss48.obj</name>
      </input_file>
      <input_file id="fl-5d">
         <path>.\Libraries\grlib\fonts\</path>
         <kind>object</kind>
         <file>fontcmss48b.obj</file>
         <name>fontcmss48b.obj</name>
      </input_file>
      <input_file id="fl-5e">
         <path>.\Libraries\grlib\fonts\</path>
         <kind>object</kind>
         <file>fontcmss48i.obj</file>
         <name>fontcmss48i.obj</name>
      </input_file>
      <input_file id="fl-62">
         <kind>object</kind>
         <file>&lt;internal&gt;</file>
         <name>&lt;internal&gt;</name>
      </input_file>
      <input_file id="fl-118">
         <path>C:\ti\ccs2051\ccs\tools\compiler\ti-cgt-arm_20.2.7.LTS\lib\</path>
         <kind>archive</kind>
         <file>rtsv7M4_T_le_v4SPD16_eabi.lib</file>
         <name>sprintf.c.obj</name>
      </input_file>
      <input_file id="fl-119">
         <path>C:\ti\ccs2051\ccs\tools\compiler\ti-cgt-arm_20.2.7.LTS\lib\</path>
         <kind>archive</kind>
         <file>rtsv7M4_T_le_v4SPD16_eabi.lib</file>
         <name>fd_add_t2.asm.obj</name>
      </input_file>
      <input_file id="fl-11a">
         <path>C:\ti\ccs2051\ccs\tools\compiler\ti-cgt-arm_20.2.7.LTS\lib\</path>
         <kind>archive</kind>
         <file>rtsv7M4_T_le_v4SPD16_eabi.lib</file>
         <name>fd_div_t2.asm.obj</name>
      </input_file>
      <input_file id="fl-11b">
         <path>C:\ti\ccs2051\ccs\tools\compiler\ti-cgt-arm_20.2.7.LTS\lib\</path>
         <kind>archive</kind>
         <file>rtsv7M4_T_le_v4SPD16_eabi.lib</file>
         <name>fd_mul_t2.asm.obj</name>
      </input_file>
      <input_file id="fl-11c">
         <path>C:\ti\ccs2051\ccs\tools\compiler\ti-cgt-arm_20.2.7.LTS\lib\</path>
         <kind>archive</kind>
         <file>rtsv7M4_T_le_v4SPD16_eabi.lib</file>
         <name>fd_tos_t2.asm.obj</name>
      </input_file>
      <input_file id="fl-11d">
         <path>C:\ti\ccs2051\ccs\tools\compiler\ti-cgt-arm_20.2.7.LTS\lib\</path>
         <kind>archive</kind>
         <file>rtsv7M4_T_le_v4SPD16_eabi.lib</file>
         <name>fs_tod_t2.asm.obj</name>
      </input_file>
      <input_file id="fl-11e">
         <path>C:\ti\ccs2051\ccs\tools\compiler\ti-cgt-arm_20.2.7.LTS\lib\</path>
         <kind>archive</kind>
         <file>rtsv7M4_T_le_v4SPD16_eabi.lib</file>
         <name>memcpy_t2.asm.obj</name>
      </input_file>
      <input_file id="fl-11f">
         <path>C:\ti\ccs2051\ccs\tools\compiler\ti-cgt-arm_20.2.7.LTS\lib\</path>
         <kind>archive</kind>
         <file>rtsv7M4_T_le_v4SPD16_eabi.lib</file>
         <name>u_tofd_t2.asm.obj</name>
      </input_file>
      <input_file id="fl-120">
         <path>C:\ti\ccs2051\ccs\tools\compiler\ti-cgt-arm_20.2.7.LTS\lib\</path>
         <kind>archive</kind>
         <file>rtsv7M4_T_le_v4SPD16_eabi.lib</file>
         <name>memset_t2.asm.obj</name>
      </input_file>
      <input_file id="fl-121">
         <path>C:\ti\ccs2051\ccs\tools\compiler\ti-cgt-arm_20.2.7.LTS\lib\</path>
         <kind>archive</kind>
         <file>rtsv7M4_T_le_v4SPD16_eabi.lib</file>
         <name>copy_zero_init.c.obj</name>
      </input_file>
      <input_file id="fl-122">
         <path>C:\ti\ccs2051\ccs\tools\compiler\ti-cgt-arm_20.2.7.LTS\lib\</path>
         <kind>archive</kind>
         <file>rtsv7M4_T_le_v4SPD16_eabi.lib</file>
         <name>copy_decompress_none.c.obj</name>
      </input_file>
      <input_file id="fl-123">
         <path>C:\ti\ccs2051\ccs\tools\compiler\ti-cgt-arm_20.2.7.LTS\lib\</path>
         <kind>archive</kind>
         <file>rtsv7M4_T_le_v4SPD16_eabi.lib</file>
         <name>copy_decompress_lzss.c.obj</name>
      </input_file>
      <input_file id="fl-124">
         <path>C:\ti\ccs2051\ccs\tools\compiler\ti-cgt-arm_20.2.7.LTS\lib\</path>
         <kind>archive</kind>
         <file>rtsv7M4_T_le_v4SPD16_eabi.lib</file>
         <name>strcat.c.obj</name>
      </input_file>
      <input_file id="fl-125">
         <path>C:\ti\ccs2051\ccs\tools\compiler\ti-cgt-arm_20.2.7.LTS\lib\</path>
         <kind>archive</kind>
         <file>rtsv7M4_T_le_v4SPD16_eabi.lib</file>
         <name>strcpy.c.obj</name>
      </input_file>
      <input_file id="fl-126">
         <path>C:\ti\ccs2051\ccs\tools\compiler\ti-cgt-arm_20.2.7.LTS\lib\</path>
         <kind>archive</kind>
         <file>rtsv7M4_T_le_v4SPD16_eabi.lib</file>
         <name>boot_cortex_m.c.obj</name>
      </input_file>
      <input_file id="fl-127">
         <path>C:\ti\ccs2051\ccs\tools\compiler\ti-cgt-arm_20.2.7.LTS\lib\</path>
         <kind>archive</kind>
         <file>rtsv7M4_T_le_v4SPD16_eabi.lib</file>
         <name>_printfi.c.obj</name>
      </input_file>
      <input_file id="fl-128">
         <path>C:\ti\ccs2051\ccs\tools\compiler\ti-cgt-arm_20.2.7.LTS\lib\</path>
         <kind>archive</kind>
         <file>rtsv7M4_T_le_v4SPD16_eabi.lib</file>
         <name>fd_cmp_t2.asm.obj</name>
      </input_file>
      <input_file id="fl-129">
         <path>C:\ti\ccs2051\ccs\tools\compiler\ti-cgt-arm_20.2.7.LTS\lib\</path>
         <kind>archive</kind>
         <file>rtsv7M4_T_le_v4SPD16_eabi.lib</file>
         <name>fd_toi_t2.asm.obj</name>
      </input_file>
      <input_file id="fl-12a">
         <path>C:\ti\ccs2051\ccs\tools\compiler\ti-cgt-arm_20.2.7.LTS\lib\</path>
         <kind>archive</kind>
         <file>rtsv7M4_T_le_v4SPD16_eabi.lib</file>
         <name>i_tofd_t2.asm.obj</name>
      </input_file>
      <input_file id="fl-12b">
         <path>C:\ti\ccs2051\ccs\tools\compiler\ti-cgt-arm_20.2.7.LTS\lib\</path>
         <kind>archive</kind>
         <file>rtsv7M4_T_le_v4SPD16_eabi.lib</file>
         <name>ull_div_t2.asm.obj</name>
      </input_file>
      <input_file id="fl-12c">
         <path>C:\ti\ccs2051\ccs\tools\compiler\ti-cgt-arm_20.2.7.LTS\lib\</path>
         <kind>archive</kind>
         <file>rtsv7M4_T_le_v4SPD16_eabi.lib</file>
         <name>autoinit.c.obj</name>
      </input_file>
      <input_file id="fl-12d">
         <path>C:\ti\ccs2051\ccs\tools\compiler\ti-cgt-arm_20.2.7.LTS\lib\</path>
         <kind>archive</kind>
         <file>rtsv7M4_T_le_v4SPD16_eabi.lib</file>
         <name>pre_init.c.obj</name>
      </input_file>
      <input_file id="fl-12e">
         <path>C:\ti\ccs2051\ccs\tools\compiler\ti-cgt-arm_20.2.7.LTS\lib\</path>
         <kind>archive</kind>
         <file>rtsv7M4_T_le_v4SPD16_eabi.lib</file>
         <name>cpy_tbl.c.obj</name>
      </input_file>
      <input_file id="fl-12f">
         <path>C:\ti\ccs2051\ccs\tools\compiler\ti-cgt-arm_20.2.7.LTS\lib\</path>
         <kind>archive</kind>
         <file>rtsv7M4_T_le_v4SPD16_eabi.lib</file>
         <name>exit.c.obj</name>
      </input_file>
      <input_file id="fl-130">
         <path>C:\ti\ccs2051\ccs\tools\compiler\ti-cgt-arm_20.2.7.LTS\lib\</path>
         <kind>archive</kind>
         <file>rtsv7M4_T_le_v4SPD16_eabi.lib</file>
         <name>_lock.c.obj</name>
      </input_file>
      <input_file id="fl-131">
         <path>C:\ti\ccs2051\ccs\tools\compiler\ti-cgt-arm_20.2.7.LTS\lib\</path>
         <kind>archive</kind>
         <file>rtsv7M4_T_le_v4SPD16_eabi.lib</file>
         <name>_ltoa.c.obj</name>
      </input_file>
      <input_file id="fl-132">
         <path>C:\ti\ccs2051\ccs\tools\compiler\ti-cgt-arm_20.2.7.LTS\lib\</path>
         <kind>archive</kind>
         <file>rtsv7M4_T_le_v4SPD16_eabi.lib</file>
         <name>args_main.c.obj</name>
      </input_file>
      <input_file id="fl-133">
         <path>C:\ti\ccs2051\ccs\tools\compiler\ti-cgt-arm_20.2.7.LTS\lib\</path>
         <kind>archive</kind>
         <file>rtsv7M4_T_le_v4SPD16_eabi.lib</file>
         <name>atoi.c.obj</name>
      </input_file>
      <input_file id="fl-134">
         <path>C:\ti\ccs2051\ccs\tools\compiler\ti-cgt-arm_20.2.7.LTS\lib\</path>
         <kind>archive</kind>
         <file>rtsv7M4_T_le_v4SPD16_eabi.lib</file>
         <name>ctype.c.obj</name>
      </input_file>
      <input_file id="fl-135">
         <path>C:\ti\ccs2051\ccs\tools\compiler\ti-cgt-arm_20.2.7.LTS\lib\</path>
         <kind>archive</kind>
         <file>rtsv7M4_T_le_v4SPD16_eabi.lib</file>
         <name>memccpy.c.obj</name>
      </input_file>
      <input_file id="fl-136">
         <path>C:\ti\ccs2051\ccs\tools\compiler\ti-cgt-arm_20.2.7.LTS\lib\</path>
         <kind>archive</kind>
         <file>rtsv7M4_T_le_v4SPD16_eabi.lib</file>
         <name>strchr.c.obj</name>
      </input_file>
      <input_file id="fl-137">
         <path>C:\ti\ccs2051\ccs\tools\compiler\ti-cgt-arm_20.2.7.LTS\lib\</path>
         <kind>archive</kind>
         <file>rtsv7M4_T_le_v4SPD16_eabi.lib</file>
         <name>strlen.c.obj</name>
      </input_file>
      <input_file id="fl-138">
         <path>C:\ti\ccs2051\ccs\tools\compiler\ti-cgt-arm_20.2.7.LTS\lib\</path>
         <kind>archive</kind>
         <file>rtsv7M4_T_le_v4SPD16_eabi.lib</file>
         <name>errno.c.obj</name>
      </input_file>
      <input_file id="fl-139">
         <path>C:\ti\ccs2051\ccs\tools\compiler\ti-cgt-arm_20.2.7.LTS\lib\</path>
         <kind>archive</kind>
         <file>rtsv7M4_T_le_v4SPD16_eabi.lib</file>
         <name>wcslen.c.obj</name>
      </input_file>
      <input_file id="fl-13a">
         <path>C:\ti\ccs2051\ccs\tools\compiler\ti-cgt-arm_20.2.7.LTS\lib\</path>
         <kind>archive</kind>
         <file>rtsv7M4_T_le_v4SPD16_eabi.lib</file>
         <name>s_frexp.c.obj</name>
      </input_file>
      <input_file id="fl-13b">
         <path>C:\ti\ccs2051\ccs\tools\compiler\ti-cgt-arm_20.2.7.LTS\lib\</path>
         <kind>archive</kind>
         <file>rtsv7M4_T_le_v4SPD16_eabi.lib</file>
         <name>s_scalbn.c.obj</name>
      </input_file>
      <input_file id="fl-13c">
         <path>C:\ti\ccs2051\ccs\tools\compiler\ti-cgt-arm_20.2.7.LTS\lib\</path>
         <kind>archive</kind>
         <file>rtsv7M4_T_le_v4SPD16_eabi.lib</file>
         <name>div0.asm.obj</name>
      </input_file>
      <input_file id="fl-13d">
         <path>C:\ti\ccs2051\ccs\tools\compiler\ti-cgt-arm_20.2.7.LTS\lib\</path>
         <kind>archive</kind>
         <file>rtsv7M4_T_le_v4SPD16_eabi.lib</file>
         <name>s_copysign.c.obj</name>
      </input_file>
   </input_file_list>
   <object_component_list>
      <object_component id="oc-12">
         <name>.intvecs</name>
         <load_address>0x0</load_address>
         <run_address>0x0</run_address>
         <size>0x208</size>
         <input_file_ref idref="fl-3"/>
      </object_component>
      <object_component id="oc-e1">
         <name>.text</name>
         <load_address>0x208</load_address>
         <run_address>0x208</run_address>
         <size>0xedc</size>
         <input_file_ref idref="fl-25"/>
      </object_component>
      <object_component id="oc-141">
         <name>.text</name>
         <load_address>0x10e4</load_address>
         <run_address>0x10e4</run_address>
         <size>0xdc0</size>
         <input_file_ref idref="fl-16"/>
      </object_component>
      <object_component id="oc-14d">
         <name>.text</name>
         <load_address>0x1ea4</load_address>
         <run_address>0x1ea4</run_address>
         <size>0xb4c</size>
         <input_file_ref idref="fl-14"/>
      </object_component>
      <object_component id="oc-17a">
         <name>.text:__TI_printfi</name>
         <load_address>0x29f0</load_address>
         <run_address>0x29f0</run_address>
         <size>0xa4e</size>
         <input_file_ref idref="fl-127"/>
      </object_component>
      <object_component id="oc-3af">
         <name>.text</name>
         <load_address>0x343e</load_address>
         <run_address>0x343e</run_address>
         <size>0x2</size>
         <input_file_ref idref="fl-13c"/>
      </object_component>
      <object_component id="oc-c9">
         <name>.text</name>
         <load_address>0x3440</load_address>
         <run_address>0x3440</run_address>
         <size>0x9c4</size>
         <input_file_ref idref="fl-9"/>
      </object_component>
      <object_component id="oc-147">
         <name>.text</name>
         <load_address>0x3e04</load_address>
         <run_address>0x3e04</run_address>
         <size>0x9bc</size>
         <input_file_ref idref="fl-1a"/>
      </object_component>
      <object_component id="oc-15b">
         <name>.text</name>
         <load_address>0x47c0</load_address>
         <run_address>0x47c0</run_address>
         <size>0x8cc</size>
         <input_file_ref idref="fl-15"/>
      </object_component>
      <object_component id="oc-d5">
         <name>.text</name>
         <load_address>0x508c</load_address>
         <run_address>0x508c</run_address>
         <size>0x868</size>
         <input_file_ref idref="fl-f"/>
      </object_component>
      <object_component id="oc-209">
         <name>.text</name>
         <load_address>0x58f4</load_address>
         <run_address>0x58f4</run_address>
         <size>0x75c</size>
         <input_file_ref idref="fl-1f"/>
      </object_component>
      <object_component id="oc-1bd">
         <name>.text</name>
         <load_address>0x6050</load_address>
         <run_address>0x6050</run_address>
         <size>0x3c0</size>
         <input_file_ref idref="fl-5"/>
      </object_component>
      <object_component id="oc-165">
         <name>.text</name>
         <load_address>0x6410</load_address>
         <run_address>0x6410</run_address>
         <size>0x30e</size>
         <input_file_ref idref="fl-19"/>
      </object_component>
      <object_component id="oc-240">
         <name>.text:_pconv_a</name>
         <load_address>0x6720</load_address>
         <run_address>0x6720</run_address>
         <size>0x270</size>
         <input_file_ref idref="fl-127"/>
      </object_component>
      <object_component id="oc-22e">
         <name>.text:_pconv_g</name>
         <load_address>0x6990</load_address>
         <run_address>0x6990</run_address>
         <size>0x1d0</size>
         <input_file_ref idref="fl-127"/>
      </object_component>
      <object_component id="oc-31b">
         <name>.text</name>
         <load_address>0x6b60</load_address>
         <run_address>0x6b60</run_address>
         <size>0x1b6</size>
         <input_file_ref idref="fl-119"/>
      </object_component>
      <object_component id="oc-db">
         <name>.text</name>
         <load_address>0x6d18</load_address>
         <run_address>0x6d18</run_address>
         <size>0x194</size>
         <input_file_ref idref="fl-21"/>
      </object_component>
      <object_component id="oc-23a">
         <name>.text:_pconv_e</name>
         <load_address>0x6eac</load_address>
         <run_address>0x6eac</run_address>
         <size>0x13c</size>
         <input_file_ref idref="fl-127"/>
      </object_component>
      <object_component id="oc-301">
         <name>.text</name>
         <load_address>0x6fe8</load_address>
         <run_address>0x6fe8</run_address>
         <size>0x136</size>
         <input_file_ref idref="fl-11a"/>
      </object_component>
      <object_component id="oc-9b">
         <name>.text</name>
         <load_address>0x7120</load_address>
         <run_address>0x7120</run_address>
         <size>0x12c</size>
         <input_file_ref idref="fl-2"/>
      </object_component>
      <object_component id="oc-32d">
         <name>.text:fcvt</name>
         <load_address>0x724c</load_address>
         <run_address>0x724c</run_address>
         <size>0x124</size>
         <input_file_ref idref="fl-127"/>
      </object_component>
      <object_component id="oc-341">
         <name>.text:scalbn</name>
         <load_address>0x7370</load_address>
         <run_address>0x7370</run_address>
         <size>0x110</size>
         <input_file_ref idref="fl-13b"/>
      </object_component>
      <object_component id="oc-2fc">
         <name>.text</name>
         <load_address>0x7480</load_address>
         <run_address>0x7480</run_address>
         <size>0xfc</size>
         <input_file_ref idref="fl-11b"/>
      </object_component>
      <object_component id="oc-cf">
         <name>.text</name>
         <load_address>0x757c</load_address>
         <run_address>0x757c</run_address>
         <size>0xe0</size>
         <input_file_ref idref="fl-8"/>
      </object_component>
      <object_component id="oc-223">
         <name>.text:_ltostr</name>
         <load_address>0x765c</load_address>
         <run_address>0x765c</run_address>
         <size>0xb1</size>
         <input_file_ref idref="fl-127"/>
      </object_component>
      <object_component id="oc-3b">
         <name>.text</name>
         <load_address>0x770e</load_address>
         <run_address>0x770e</run_address>
         <size>0x9c</size>
         <input_file_ref idref="fl-11e"/>
      </object_component>
      <object_component id="oc-2f5">
         <name>.text</name>
         <load_address>0x77aa</load_address>
         <run_address>0x77aa</run_address>
         <size>0x96</size>
         <input_file_ref idref="fl-12b"/>
      </object_component>
      <object_component id="oc-155">
         <name>.text</name>
         <load_address>0x7840</load_address>
         <run_address>0x7840</run_address>
         <size>0x88</size>
         <input_file_ref idref="fl-6"/>
      </object_component>
      <object_component id="oc-229">
         <name>.text:__aeabi_cdcmple</name>
         <load_address>0x78c8</load_address>
         <run_address>0x78c8</run_address>
         <size>0x86</size>
         <input_file_ref idref="fl-128"/>
      </object_component>
      <object_component id="oc-306">
         <name>.text:__aeabi_cdrcmple</name>
         <load_address>0x794e</load_address>
         <run_address>0x794e</run_address>
         <size>0x86</size>
         <input_file_ref idref="fl-128"/>
      </object_component>
      <object_component id="oc-8f">
         <name>.text</name>
         <load_address>0x79d4</load_address>
         <run_address>0x79d4</run_address>
         <size>0x7a</size>
         <input_file_ref idref="fl-120"/>
      </object_component>
      <object_component id="oc-326">
         <name>.text:_mcpy</name>
         <load_address>0x7a4e</load_address>
         <run_address>0x7a4e</run_address>
         <size>0x6e</size>
         <input_file_ref idref="fl-127"/>
      </object_component>
      <object_component id="oc-15">
         <name>.text:decompress:lzss:__TI_decompress_lzss</name>
         <load_address>0x7abc</load_address>
         <run_address>0x7abc</run_address>
         <size>0x68</size>
         <input_file_ref idref="fl-123"/>
      </object_component>
      <object_component id="oc-33b">
         <name>.text:frexp</name>
         <load_address>0x7b24</load_address>
         <run_address>0x7b24</run_address>
         <size>0x64</size>
         <input_file_ref idref="fl-13a"/>
      </object_component>
      <object_component id="oc-234">
         <name>.text:_pconv_f</name>
         <load_address>0x7b88</load_address>
         <run_address>0x7b88</run_address>
         <size>0x56</size>
         <input_file_ref idref="fl-127"/>
      </object_component>
      <object_component id="oc-310">
         <name>.text:__TI_ltoa</name>
         <load_address>0x7bde</load_address>
         <run_address>0x7bde</run_address>
         <size>0x54</size>
         <input_file_ref idref="fl-131"/>
      </object_component>
      <object_component id="oc-320">
         <name>.text:_ecpy</name>
         <load_address>0x7c32</load_address>
         <run_address>0x7c32</run_address>
         <size>0x52</size>
         <input_file_ref idref="fl-127"/>
      </object_component>
      <object_component id="oc-21d">
         <name>.text:atoi</name>
         <load_address>0x7c84</load_address>
         <run_address>0x7c84</run_address>
         <size>0x4c</size>
         <input_file_ref idref="fl-133"/>
      </object_component>
      <object_component id="oc-30b">
         <name>.text</name>
         <load_address>0x7cd0</load_address>
         <run_address>0x7cd0</run_address>
         <size>0x48</size>
         <input_file_ref idref="fl-129"/>
      </object_component>
      <object_component id="oc-108">
         <name>.text:__TI_auto_init_nobinit_nopinit:__TI_auto_init_nobinit_nopinit</name>
         <load_address>0x7d18</load_address>
         <run_address>0x7d18</run_address>
         <size>0x44</size>
         <input_file_ref idref="fl-12c"/>
      </object_component>
      <object_component id="oc-e7">
         <name>.text:sprintf</name>
         <load_address>0x7d5c</load_address>
         <run_address>0x7d5c</run_address>
         <size>0x40</size>
         <input_file_ref idref="fl-118"/>
      </object_component>
      <object_component id="oc-333">
         <name>.text:_fcpy</name>
         <load_address>0x7d9c</load_address>
         <run_address>0x7d9c</run_address>
         <size>0x3e</size>
         <input_file_ref idref="fl-127"/>
      </object_component>
      <object_component id="oc-1d0">
         <name>.text</name>
         <load_address>0x7dda</load_address>
         <run_address>0x7dda</run_address>
         <size>0x3e</size>
         <input_file_ref idref="fl-4"/>
      </object_component>
      <object_component id="oc-59">
         <name>.text:_c_int00_noargs:_c_int00_noargs</name>
         <load_address>0x7e18</load_address>
         <run_address>0x7e18</run_address>
         <size>0x34</size>
         <input_file_ref idref="fl-126"/>
      </object_component>
      <object_component id="oc-316">
         <name>.text</name>
         <load_address>0x7e4c</load_address>
         <run_address>0x7e4c</run_address>
         <size>0x2e</size>
         <input_file_ref idref="fl-12a"/>
      </object_component>
      <object_component id="oc-47">
         <name>.text:decompress:ZI:__TI_zero_init_nomemset:__TI_zero_init_nomemset</name>
         <load_address>0x7e7a</load_address>
         <run_address>0x7e7a</run_address>
         <size>0x1c</size>
         <input_file_ref idref="fl-121"/>
      </object_component>
      <object_component id="oc-246">
         <name>.text:memccpy</name>
         <load_address>0x7e96</load_address>
         <run_address>0x7e96</run_address>
         <size>0x1c</size>
         <input_file_ref idref="fl-135"/>
      </object_component>
      <object_component id="oc-3c8">
         <name>.text:copysign</name>
         <load_address>0x7eb2</load_address>
         <run_address>0x7eb2</run_address>
         <size>0x1a</size>
         <input_file_ref idref="fl-13d"/>
      </object_component>
      <object_component id="oc-180">
         <name>.text:_outs</name>
         <load_address>0x7ecc</load_address>
         <run_address>0x7ecc</run_address>
         <size>0x18</size>
         <input_file_ref idref="fl-118"/>
      </object_component>
      <object_component id="oc-347">
         <name>.text:strchr</name>
         <load_address>0x7ee4</load_address>
         <run_address>0x7ee4</run_address>
         <size>0x16</size>
         <input_file_ref idref="fl-136"/>
      </object_component>
      <object_component id="oc-217">
         <name>.text:strlen</name>
         <load_address>0x7efa</load_address>
         <run_address>0x7efa</run_address>
         <size>0x14</size>
         <input_file_ref idref="fl-137"/>
      </object_component>
      <object_component id="oc-24c">
         <name>.text:wcslen</name>
         <load_address>0x7f0e</load_address>
         <run_address>0x7f0e</run_address>
         <size>0x12</size>
         <input_file_ref idref="fl-139"/>
      </object_component>
      <object_component id="oc-1b">
         <name>.text:decompress:none:__TI_decompress_none</name>
         <load_address>0x7f20</load_address>
         <run_address>0x7f20</run_address>
         <size>0xe</size>
         <input_file_ref idref="fl-122"/>
      </object_component>
      <object_component id="oc-27">
         <name>.text</name>
         <load_address>0x7f2e</load_address>
         <run_address>0x7f2e</run_address>
         <size>0xc</size>
         <input_file_ref idref="fl-3"/>
      </object_component>
      <object_component id="oc-186">
         <name>.text:_outc</name>
         <load_address>0x7f3a</load_address>
         <run_address>0x7f3a</run_address>
         <size>0xa</size>
         <input_file_ref idref="fl-118"/>
      </object_component>
      <object_component id="oc-252">
         <name>.text:__aeabi_errno_addr</name>
         <load_address>0x7f44</load_address>
         <run_address>0x7f44</run_address>
         <size>0x8</size>
         <input_file_ref idref="fl-138"/>
      </object_component>
      <object_component id="oc-95">
         <name>.text:_system_pre_init</name>
         <load_address>0x7f4c</load_address>
         <run_address>0x7f4c</run_address>
         <size>0x4</size>
         <input_file_ref idref="fl-12d"/>
      </object_component>
      <object_component id="oc-fc">
         <name>.text:abort:abort</name>
         <load_address>0x7f50</load_address>
         <run_address>0x7f50</run_address>
         <size>0x4</size>
         <input_file_ref idref="fl-12f"/>
      </object_component>
      <object_component id="oc-197">
         <name>.const:.string:g_pui8Cmss48Data</name>
         <load_address>0x7f54</load_address>
         <run_address>0x7f54</run_address>
         <size>0x1686</size>
         <input_file_ref idref="fl-5c"/>
      </object_component>
      <object_component id="oc-1d9">
         <name>.const:g_pppui32XTALtoVCO</name>
         <load_address>0x95dc</load_address>
         <run_address>0x95dc</run_address>
         <size>0x120</size>
         <input_file_ref idref="fl-1a"/>
      </object_component>
      <object_component id="oc-2f0">
         <name>.const:.string:_ctypes_</name>
         <load_address>0x96fc</load_address>
         <run_address>0x96fc</run_address>
         <size>0x101</size>
         <input_file_ref idref="fl-134"/>
      </object_component>
      <object_component id="oc-2dd">
         <name>.const:g_pui16WIN1250_Unicode</name>
         <load_address>0x97fe</load_address>
         <run_address>0x97fe</run_address>
         <size>0x100</size>
         <input_file_ref idref="fl-1f"/>
      </object_component>
      <object_component id="oc-f4">
         <name>.const:g_sFontCmss48</name>
         <load_address>0x9900</load_address>
         <run_address>0x9900</run_address>
         <size>0xc8</size>
         <input_file_ref idref="fl-5c"/>
      </object_component>
      <object_component id="oc-2d1">
         <name>.const:g_pui16ISO8859_10_Unicode</name>
         <load_address>0x99c8</load_address>
         <run_address>0x99c8</run_address>
         <size>0xbe</size>
         <input_file_ref idref="fl-1f"/>
      </object_component>
      <object_component id="oc-2d4">
         <name>.const:g_pui16ISO8859_13_Unicode</name>
         <load_address>0x9a86</load_address>
         <run_address>0x9a86</run_address>
         <size>0xbe</size>
         <input_file_ref idref="fl-1f"/>
      </object_component>
      <object_component id="oc-2da">
         <name>.const:g_pui16ISO8859_16_Unicode</name>
         <load_address>0x9b44</load_address>
         <run_address>0x9b44</run_address>
         <size>0xbe</size>
         <input_file_ref idref="fl-1f"/>
      </object_component>
      <object_component id="oc-2c5">
         <name>.const:g_pui16ISO8859_2_Unicode</name>
         <load_address>0x9c02</load_address>
         <run_address>0x9c02</run_address>
         <size>0xbe</size>
         <input_file_ref idref="fl-1f"/>
      </object_component>
      <object_component id="oc-2c8">
         <name>.const:g_pui16ISO8859_3_Unicode</name>
         <load_address>0x9cc0</load_address>
         <run_address>0x9cc0</run_address>
         <size>0xbe</size>
         <input_file_ref idref="fl-1f"/>
      </object_component>
      <object_component id="oc-2cb">
         <name>.const:g_pui16ISO8859_4_Unicode</name>
         <load_address>0x9d7e</load_address>
         <run_address>0x9d7e</run_address>
         <size>0xbe</size>
         <input_file_ref idref="fl-1f"/>
      </object_component>
      <object_component id="oc-1e1">
         <name>.const:g_ppui32GPIOIntMapSnowflake</name>
         <load_address>0x9e3c</load_address>
         <run_address>0x9e3c</run_address>
         <size>0x90</size>
         <input_file_ref idref="fl-14"/>
      </object_component>
      <object_component id="oc-299">
         <name>.const:g_pui32Regs</name>
         <load_address>0x9ecc</load_address>
         <run_address>0x9ecc</run_address>
         <size>0x84</size>
         <input_file_ref idref="fl-5"/>
      </object_component>
      <object_component id="oc-2e0">
         <name>.const:g_pui16WIN1251_Unicode</name>
         <load_address>0x9f50</load_address>
         <run_address>0x9f50</run_address>
         <size>0x80</size>
         <input_file_ref idref="fl-1f"/>
      </object_component>
      <object_component id="oc-2e6">
         <name>.const:g_pui16WIN1253_Unicode</name>
         <load_address>0x9fd0</load_address>
         <run_address>0x9fd0</run_address>
         <size>0x80</size>
         <input_file_ref idref="fl-1f"/>
      </object_component>
      <object_component id="oc-1d6">
         <name>.const:g_pui32Xtals</name>
         <load_address>0xa050</load_address>
         <run_address>0xa050</run_address>
         <size>0x6c</size>
         <input_file_ref idref="fl-1a"/>
      </object_component>
      <object_component id="oc-1c3">
         <name>.const:g_ppui32I2CIntMapSnowflake</name>
         <load_address>0xa0bc</load_address>
         <run_address>0xa0bc</run_address>
         <size>0x50</size>
         <input_file_ref idref="fl-16"/>
      </object_component>
      <object_component id="oc-1e4">
         <name>.const:g_pui32GPIOBaseAddrs</name>
         <load_address>0xa10c</load_address>
         <run_address>0xa10c</run_address>
         <size>0x48</size>
         <input_file_ref idref="fl-14"/>
      </object_component>
      <object_component id="oc-2e3">
         <name>.const:g_pui16WIN1252_Unicode</name>
         <load_address>0xa154</load_address>
         <run_address>0xa154</run_address>
         <size>0x40</size>
         <input_file_ref idref="fl-1f"/>
      </object_component>
      <object_component id="oc-2e9">
         <name>.const:g_pui16WIN1254_Unicode</name>
         <load_address>0xa194</load_address>
         <run_address>0xa194</run_address>
         <size>0x40</size>
         <input_file_ref idref="fl-1f"/>
      </object_component>
      <object_component id="oc-2d7">
         <name>.const:g_pui16ISO8859_14_Unicode</name>
         <load_address>0xa1d4</load_address>
         <run_address>0xa1d4</run_address>
         <size>0x3e</size>
         <input_file_ref idref="fl-1f"/>
      </object_component>
      <object_component id="oc-2ce">
         <name>.const:g_pui16ISO8859_7_Unicode</name>
         <load_address>0xa212</load_address>
         <run_address>0xa212</run_address>
         <size>0x3a</size>
         <input_file_ref idref="fl-1f"/>
      </object_component>
      <object_component id="oc-1cd">
         <name>.const:g_sXTALtoMEMTIM</name>
         <load_address>0xa24c</load_address>
         <run_address>0xa24c</run_address>
         <size>0x30</size>
         <input_file_ref idref="fl-1a"/>
      </object_component>
      <object_component id="oc-f1">
         <name>.const:g_sST7789</name>
         <load_address>0xa27c</load_address>
         <run_address>0xa27c</run_address>
         <size>0x28</size>
         <input_file_ref idref="fl-f"/>
      </object_component>
      <object_component id="oc-200">
         <name>.const:g_ppui32SSIIntMapSnowflake</name>
         <load_address>0xa2a4</load_address>
         <run_address>0xa2a4</run_address>
         <size>0x20</size>
         <input_file_ref idref="fl-19"/>
      </object_component>
      <object_component id="oc-29c">
         <name>.const:g_pui32Priority</name>
         <load_address>0xa2c4</load_address>
         <run_address>0xa2c4</run_address>
         <size>0x20</size>
         <input_file_ref idref="fl-5"/>
      </object_component>
      <object_component id="oc-170">
         <name>.const:g_psDefaultCodePointMapTable</name>
         <load_address>0xa2e4</load_address>
         <run_address>0xa2e4</run_address>
         <size>0x10</size>
         <input_file_ref idref="fl-21"/>
      </object_component>
      <object_component id="oc-28d">
         <name>.const:g_pui32Dii16Regs</name>
         <load_address>0xa2f4</load_address>
         <run_address>0xa2f4</run_address>
         <size>0x10</size>
         <input_file_ref idref="fl-5"/>
      </object_component>
      <object_component id="oc-290">
         <name>.const:g_pui32EnRegs</name>
         <load_address>0xa304</load_address>
         <run_address>0xa304</run_address>
         <size>0x10</size>
         <input_file_ref idref="fl-5"/>
      </object_component>
      <object_component id="oc-296">
         <name>.const:g_pui32PendRegs</name>
         <load_address>0xa314</load_address>
         <run_address>0xa314</run_address>
         <size>0x10</size>
         <input_file_ref idref="fl-5"/>
      </object_component>
      <object_component id="oc-293">
         <name>.const:g_pui32UnpendRegs</name>
         <load_address>0xa324</load_address>
         <run_address>0xa324</run_address>
         <size>0x10</size>
         <input_file_ref idref="fl-5"/>
      </object_component>
      <object_component id="oc-1dc">
         <name>.const:g_pui32VCOFrequencies</name>
         <load_address>0xa334</load_address>
         <run_address>0xa334</run_address>
         <size>0x8</size>
         <input_file_ref idref="fl-1a"/>
      </object_component>
      <object_component id="oc-41e">
         <name>__TI_handler_table</name>
         <load_address>0xa340</load_address>
         <run_address>0xa340</run_address>
         <size>0xc</size>
      </object_component>
      <object_component id="oc-422">
         <name>.cinit..bss.load</name>
         <load_address>0xa350</load_address>
         <run_address>0xa350</run_address>
         <size>0x8</size>
      </object_component>
      <object_component id="oc-420">
         <name>.cinit..vtable.load</name>
         <load_address>0xa358</load_address>
         <run_address>0xa358</run_address>
         <size>0x8</size>
      </object_component>
      <object_component id="oc-421">
         <name>.cinit..data.load</name>
         <load_address>0xa360</load_address>
         <run_address>0xa360</run_address>
         <size>0x7</size>
      </object_component>
      <object_component id="oc-41f">
         <name>__TI_cinit_table</name>
         <load_address>0xa368</load_address>
         <run_address>0xa368</run_address>
         <size>0x18</size>
      </object_component>
      <object_component id="oc-29f">
         <name>.vtable</name>
         <uninitialized>true</uninitialized>
         <run_address>0x20000000</run_address>
         <size>0x208</size>
         <input_file_ref idref="fl-5"/>
      </object_component>
      <object_component id="oc-ed">
         <name>.data</name>
         <load_address>0x20000670</load_address>
         <run_address>0x20000670</run_address>
         <size>0x1</size>
         <input_file_ref idref="fl-2"/>
      </object_component>
      <object_component id="oc-357">
         <name>.data</name>
         <load_address>0x2000066c</load_address>
         <run_address>0x2000066c</run_address>
         <size>0x4</size>
         <input_file_ref idref="fl-138"/>
      </object_component>
      <object_component id="oc-16d">
         <name>.bss</name>
         <uninitialized>true</uninitialized>
         <run_address>0x20000664</run_address>
         <size>0x4</size>
         <input_file_ref idref="fl-21"/>
      </object_component>
      <object_component id="oc-175">
         <name>.bss</name>
         <uninitialized>true</uninitialized>
         <run_address>0x20000634</run_address>
         <size>0x12</size>
         <input_file_ref idref="fl-25"/>
      </object_component>
      <object_component id="oc-161">
         <name>.common:SysTickInterruptFlag</name>
         <uninitialized>true</uninitialized>
         <run_address>0x20000662</run_address>
         <size>0x1</size>
      </object_component>
      <object_component id="oc-f0">
         <name>.common:sContext</name>
         <uninitialized>true</uninitialized>
         <run_address>0x20000608</run_address>
         <size>0x2c</size>
      </object_component>
      <object_component id="oc-f7">
         <name>.common:ui16XPosition</name>
         <uninitialized>true</uninitialized>
         <run_address>0x20000652</run_address>
         <size>0x8</size>
      </object_component>
      <object_component id="oc-f8">
         <name>.common:ui16YPosition</name>
         <uninitialized>true</uninitialized>
         <run_address>0x2000065a</run_address>
         <size>0x8</size>
      </object_component>
      <object_component id="oc-f9">
         <name>.common:ui8Pressure</name>
         <uninitialized>true</uninitialized>
         <run_address>0x20000668</run_address>
         <size>0x4</size>
      </object_component>
      <object_component id="oc-fa">
         <name>.common:uc8TempCoordinate</name>
         <uninitialized>true</uninitialized>
         <run_address>0x20000646</run_address>
         <size>0xc</size>
      </object_component>
      <object_component id="oc-24">
         <name>.stack</name>
         <uninitialized>true</uninitialized>
         <run_address>0x20000208</run_address>
         <size>0x4</size>
         <input_file_ref idref="fl-126"/>
      </object_component>
      <object_component id="oc-424">
         <name>.stack</name>
         <uninitialized>true</uninitialized>
         <run_address>0x20000208</run_address>
         <size>0x0</size>
      </object_component>
      <object_component id="oc-b7">
         <name>.debug_info</name>
         <load_address>0x0</load_address>
         <run_address>0x0</run_address>
         <size>0x86b</size>
         <input_file_ref idref="fl-2"/>
      </object_component>
      <object_component id="oc-ee">
         <name>.debug_info</name>
         <load_address>0x86b</load_address>
         <run_address>0x86b</run_address>
         <size>0x10f</size>
         <input_file_ref idref="fl-2"/>
      </object_component>
      <object_component id="oc-9f">
         <name>.debug_info</name>
         <load_address>0x97a</load_address>
         <run_address>0x97a</run_address>
         <size>0x2d0</size>
         <input_file_ref idref="fl-2"/>
      </object_component>
      <object_component id="oc-13c">
         <name>.debug_info</name>
         <load_address>0xc4a</load_address>
         <run_address>0xc4a</run_address>
         <size>0x6bd</size>
         <input_file_ref idref="fl-2"/>
      </object_component>
      <object_component id="oc-70">
         <name>.debug_info</name>
         <load_address>0x1307</load_address>
         <run_address>0x1307</run_address>
         <size>0x26b</size>
         <input_file_ref idref="fl-2"/>
      </object_component>
      <object_component id="oc-b2">
         <name>.debug_info</name>
         <load_address>0x1572</load_address>
         <run_address>0x1572</run_address>
         <size>0x8b</size>
         <input_file_ref idref="fl-2"/>
      </object_component>
      <object_component id="oc-ad">
         <name>.debug_info</name>
         <load_address>0x15fd</load_address>
         <run_address>0x15fd</run_address>
         <size>0x2a4</size>
         <input_file_ref idref="fl-2"/>
      </object_component>
      <object_component id="oc-1c7">
         <name>.debug_info</name>
         <load_address>0x18a1</load_address>
         <run_address>0x18a1</run_address>
         <size>0xef</size>
         <input_file_ref idref="fl-2"/>
      </object_component>
      <object_component id="oc-75">
         <name>.debug_info</name>
         <load_address>0x1990</load_address>
         <run_address>0x1990</run_address>
         <size>0xbb</size>
         <input_file_ref idref="fl-2"/>
      </object_component>
      <object_component id="oc-18e">
         <name>.debug_info</name>
         <load_address>0x1a4b</load_address>
         <run_address>0x1a4b</run_address>
         <size>0x2c</size>
         <input_file_ref idref="fl-2"/>
      </object_component>
      <object_component id="oc-2f">
         <name>.debug_info</name>
         <load_address>0x1a77</load_address>
         <run_address>0x1a77</run_address>
         <size>0x2e5</size>
         <input_file_ref idref="fl-3"/>
      </object_component>
      <object_component id="oc-13">
         <name>.debug_info</name>
         <load_address>0x1d5c</load_address>
         <run_address>0x1d5c</run_address>
         <size>0x124</size>
         <input_file_ref idref="fl-3"/>
      </object_component>
      <object_component id="oc-2a">
         <name>.debug_info</name>
         <load_address>0x1e80</load_address>
         <run_address>0x1e80</run_address>
         <size>0x2a3</size>
         <input_file_ref idref="fl-3"/>
      </object_component>
      <object_component id="oc-36">
         <name>.debug_info</name>
         <load_address>0x2123</load_address>
         <run_address>0x2123</run_address>
         <size>0x84</size>
         <input_file_ref idref="fl-3"/>
      </object_component>
      <object_component id="oc-1d2">
         <name>.debug_info</name>
         <load_address>0x21a7</load_address>
         <run_address>0x21a7</run_address>
         <size>0x3e6</size>
         <input_file_ref idref="fl-4"/>
      </object_component>
      <object_component id="oc-2a3">
         <name>.debug_info</name>
         <load_address>0x258d</load_address>
         <run_address>0x258d</run_address>
         <size>0x37b</size>
         <input_file_ref idref="fl-5"/>
      </object_component>
      <object_component id="oc-28e">
         <name>.debug_info</name>
         <load_address>0x2908</load_address>
         <run_address>0x2908</run_address>
         <size>0x12f</size>
         <input_file_ref idref="fl-5"/>
      </object_component>
      <object_component id="oc-291">
         <name>.debug_info</name>
         <load_address>0x2a37</load_address>
         <run_address>0x2a37</run_address>
         <size>0x129</size>
         <input_file_ref idref="fl-5"/>
      </object_component>
      <object_component id="oc-294">
         <name>.debug_info</name>
         <load_address>0x2b60</load_address>
         <run_address>0x2b60</run_address>
         <size>0x131</size>
         <input_file_ref idref="fl-5"/>
      </object_component>
      <object_component id="oc-297">
         <name>.debug_info</name>
         <load_address>0x2c91</load_address>
         <run_address>0x2c91</run_address>
         <size>0x12d</size>
         <input_file_ref idref="fl-5"/>
      </object_component>
      <object_component id="oc-29a">
         <name>.debug_info</name>
         <load_address>0x2dbe</load_address>
         <run_address>0x2dbe</run_address>
         <size>0x125</size>
         <input_file_ref idref="fl-5"/>
      </object_component>
      <object_component id="oc-29d">
         <name>.debug_info</name>
         <load_address>0x2ee3</load_address>
         <run_address>0x2ee3</run_address>
         <size>0x12d</size>
         <input_file_ref idref="fl-5"/>
      </object_component>
      <object_component id="oc-2a0">
         <name>.debug_info</name>
         <load_address>0x3010</load_address>
         <run_address>0x3010</run_address>
         <size>0x12e</size>
         <input_file_ref idref="fl-5"/>
      </object_component>
      <object_component id="oc-1be">
         <name>.debug_info</name>
         <load_address>0x313e</load_address>
         <run_address>0x313e</run_address>
         <size>0xe83</size>
         <input_file_ref idref="fl-5"/>
      </object_component>
      <object_component id="oc-1f1">
         <name>.debug_info</name>
         <load_address>0x3fc1</load_address>
         <run_address>0x3fc1</run_address>
         <size>0x30c</size>
         <input_file_ref idref="fl-6"/>
      </object_component>
      <object_component id="oc-158">
         <name>.debug_info</name>
         <load_address>0x42cd</load_address>
         <run_address>0x42cd</run_address>
         <size>0x634</size>
         <input_file_ref idref="fl-6"/>
      </object_component>
      <object_component id="oc-162">
         <name>.debug_info</name>
         <load_address>0x4901</load_address>
         <run_address>0x4901</run_address>
         <size>0x680</size>
         <input_file_ref idref="fl-8"/>
      </object_component>
      <object_component id="oc-d2">
         <name>.debug_info</name>
         <load_address>0x4f81</load_address>
         <run_address>0x4f81</run_address>
         <size>0x91d</size>
         <input_file_ref idref="fl-8"/>
      </object_component>
      <object_component id="oc-1fb">
         <name>.debug_info</name>
         <load_address>0x589e</load_address>
         <run_address>0x589e</run_address>
         <size>0x196</size>
         <input_file_ref idref="fl-8"/>
      </object_component>
      <object_component id="oc-1f6">
         <name>.debug_info</name>
         <load_address>0x5a34</load_address>
         <run_address>0x5a34</run_address>
         <size>0x35</size>
         <input_file_ref idref="fl-8"/>
      </object_component>
      <object_component id="oc-154">
         <name>.debug_info</name>
         <load_address>0x5a69</load_address>
         <run_address>0x5a69</run_address>
         <size>0x759</size>
         <input_file_ref idref="fl-9"/>
      </object_component>
      <object_component id="oc-cc">
         <name>.debug_info</name>
         <load_address>0x61c2</load_address>
         <run_address>0x61c2</run_address>
         <size>0x216e</size>
         <input_file_ref idref="fl-9"/>
      </object_component>
      <object_component id="oc-1eb">
         <name>.debug_info</name>
         <load_address>0x8330</load_address>
         <run_address>0x8330</run_address>
         <size>0x19b</size>
         <input_file_ref idref="fl-9"/>
      </object_component>
      <object_component id="oc-c0">
         <name>.debug_info</name>
         <load_address>0x84cb</load_address>
         <run_address>0x84cb</run_address>
         <size>0x2c</size>
         <input_file_ref idref="fl-b"/>
      </object_component>
      <object_component id="oc-16c">
         <name>.debug_info</name>
         <load_address>0x84f7</load_address>
         <run_address>0x84f7</run_address>
         <size>0x6ef</size>
         <input_file_ref idref="fl-f"/>
      </object_component>
      <object_component id="oc-f2">
         <name>.debug_info</name>
         <load_address>0x8be6</load_address>
         <run_address>0x8be6</run_address>
         <size>0x125</size>
         <input_file_ref idref="fl-f"/>
      </object_component>
      <object_component id="oc-d7">
         <name>.debug_info</name>
         <load_address>0x8d0b</load_address>
         <run_address>0x8d0b</run_address>
         <size>0x1f64</size>
         <input_file_ref idref="fl-f"/>
      </object_component>
      <object_component id="oc-1e8">
         <name>.debug_info</name>
         <load_address>0xac6f</load_address>
         <run_address>0xac6f</run_address>
         <size>0x398</size>
         <input_file_ref idref="fl-14"/>
      </object_component>
      <object_component id="oc-1e2">
         <name>.debug_info</name>
         <load_address>0xb007</load_address>
         <run_address>0xb007</run_address>
         <size>0x146</size>
         <input_file_ref idref="fl-14"/>
      </object_component>
      <object_component id="oc-1e5">
         <name>.debug_info</name>
         <load_address>0xb14d</load_address>
         <run_address>0xb14d</run_address>
         <size>0x138</size>
         <input_file_ref idref="fl-14"/>
      </object_component>
      <object_component id="oc-14e">
         <name>.debug_info</name>
         <load_address>0xb285</load_address>
         <run_address>0xb285</run_address>
         <size>0x37f0</size>
         <input_file_ref idref="fl-14"/>
      </object_component>
      <object_component id="oc-1f3">
         <name>.debug_info</name>
         <load_address>0xea75</load_address>
         <run_address>0xea75</run_address>
         <size>0x380</size>
         <input_file_ref idref="fl-15"/>
      </object_component>
      <object_component id="oc-15d">
         <name>.debug_info</name>
         <load_address>0xedf5</load_address>
         <run_address>0xedf5</run_address>
         <size>0x33aa</size>
         <input_file_ref idref="fl-15"/>
      </object_component>
      <object_component id="oc-1cc">
         <name>.debug_info</name>
         <load_address>0x1219f</load_address>
         <run_address>0x1219f</run_address>
         <size>0x41c</size>
         <input_file_ref idref="fl-16"/>
      </object_component>
      <object_component id="oc-1c4">
         <name>.debug_info</name>
         <load_address>0x125bb</load_address>
         <run_address>0x125bb</run_address>
         <size>0x143</size>
         <input_file_ref idref="fl-16"/>
      </object_component>
      <object_component id="oc-144">
         <name>.debug_info</name>
         <load_address>0x126fe</load_address>
         <run_address>0x126fe</run_address>
         <size>0x4a74</size>
         <input_file_ref idref="fl-16"/>
      </object_component>
      <object_component id="oc-204">
         <name>.debug_info</name>
         <load_address>0x17172</load_address>
         <run_address>0x17172</run_address>
         <size>0x389</size>
         <input_file_ref idref="fl-19"/>
      </object_component>
      <object_component id="oc-201">
         <name>.debug_info</name>
         <load_address>0x174fb</load_address>
         <run_address>0x174fb</run_address>
         <size>0x143</size>
         <input_file_ref idref="fl-19"/>
      </object_component>
      <object_component id="oc-168">
         <name>.debug_info</name>
         <load_address>0x1763e</load_address>
         <run_address>0x1763e</run_address>
         <size>0x1866</size>
         <input_file_ref idref="fl-19"/>
      </object_component>
      <object_component id="oc-1e0">
         <name>.debug_info</name>
         <load_address>0x18ea4</load_address>
         <run_address>0x18ea4</run_address>
         <size>0x3cd</size>
         <input_file_ref idref="fl-1a"/>
      </object_component>
      <object_component id="oc-1d7">
         <name>.debug_info</name>
         <load_address>0x19271</load_address>
         <run_address>0x19271</run_address>
         <size>0x12a</size>
         <input_file_ref idref="fl-1a"/>
      </object_component>
      <object_component id="oc-1ce">
         <name>.debug_info</name>
         <load_address>0x1939b</load_address>
         <run_address>0x1939b</run_address>
         <size>0x130</size>
         <input_file_ref idref="fl-1a"/>
      </object_component>
      <object_component id="oc-1da">
         <name>.debug_info</name>
         <load_address>0x194cb</load_address>
         <run_address>0x194cb</run_address>
         <size>0x136</size>
         <input_file_ref idref="fl-1a"/>
      </object_component>
      <object_component id="oc-1dd">
         <name>.debug_info</name>
         <load_address>0x19601</load_address>
         <run_address>0x19601</run_address>
         <size>0x13c</size>
         <input_file_ref idref="fl-1a"/>
      </object_component>
      <object_component id="oc-149">
         <name>.debug_info</name>
         <load_address>0x1973d</load_address>
         <run_address>0x1973d</run_address>
         <size>0x26f8</size>
         <input_file_ref idref="fl-1a"/>
      </object_component>
      <object_component id="oc-2b3">
         <name>.debug_info</name>
         <load_address>0x1be35</load_address>
         <run_address>0x1be35</run_address>
         <size>0x51</size>
         <input_file_ref idref="fl-1a"/>
      </object_component>
      <object_component id="oc-2ed">
         <name>.debug_info</name>
         <load_address>0x1be86</load_address>
         <run_address>0x1be86</run_address>
         <size>0x517</size>
         <input_file_ref idref="fl-1f"/>
      </object_component>
      <object_component id="oc-2c6">
         <name>.debug_info</name>
         <load_address>0x1c39d</load_address>
         <run_address>0x1c39d</run_address>
         <size>0x13a</size>
         <input_file_ref idref="fl-1f"/>
      </object_component>
      <object_component id="oc-2c9">
         <name>.debug_info</name>
         <load_address>0x1c4d7</load_address>
         <run_address>0x1c4d7</run_address>
         <size>0x13a</size>
         <input_file_ref idref="fl-1f"/>
      </object_component>
      <object_component id="oc-2cc">
         <name>.debug_info</name>
         <load_address>0x1c611</load_address>
         <run_address>0x1c611</run_address>
         <size>0x13a</size>
         <input_file_ref idref="fl-1f"/>
      </object_component>
      <object_component id="oc-2cf">
         <name>.debug_info</name>
         <load_address>0x1c74b</load_address>
         <run_address>0x1c74b</run_address>
         <size>0x13a</size>
         <input_file_ref idref="fl-1f"/>
      </object_component>
      <object_component id="oc-2d2">
         <name>.debug_info</name>
         <load_address>0x1c885</load_address>
         <run_address>0x1c885</run_address>
         <size>0x13c</size>
         <input_file_ref idref="fl-1f"/>
      </object_component>
      <object_component id="oc-2d5">
         <name>.debug_info</name>
         <load_address>0x1c9c1</load_address>
         <run_address>0x1c9c1</run_address>
         <size>0x13c</size>
         <input_file_ref idref="fl-1f"/>
      </object_component>
      <object_component id="oc-2d8">
         <name>.debug_info</name>
         <load_address>0x1cafd</load_address>
         <run_address>0x1cafd</run_address>
         <size>0x13c</size>
         <input_file_ref idref="fl-1f"/>
      </object_component>
      <object_component id="oc-2db">
         <name>.debug_info</name>
         <load_address>0x1cc39</load_address>
         <run_address>0x1cc39</run_address>
         <size>0x13c</size>
         <input_file_ref idref="fl-1f"/>
      </object_component>
      <object_component id="oc-2de">
         <name>.debug_info</name>
         <load_address>0x1cd75</load_address>
         <run_address>0x1cd75</run_address>
         <size>0x136</size>
         <input_file_ref idref="fl-1f"/>
      </object_component>
      <object_component id="oc-2e1">
         <name>.debug_info</name>
         <load_address>0x1ceab</load_address>
         <run_address>0x1ceab</run_address>
         <size>0x136</size>
         <input_file_ref idref="fl-1f"/>
      </object_component>
      <object_component id="oc-2e4">
         <name>.debug_info</name>
         <load_address>0x1cfe1</load_address>
         <run_address>0x1cfe1</run_address>
         <size>0x137</size>
         <input_file_ref idref="fl-1f"/>
      </object_component>
      <object_component id="oc-2e7">
         <name>.debug_info</name>
         <load_address>0x1d118</load_address>
         <run_address>0x1d118</run_address>
         <size>0x137</size>
         <input_file_ref idref="fl-1f"/>
      </object_component>
      <object_component id="oc-2ea">
         <name>.debug_info</name>
         <load_address>0x1d24f</load_address>
         <run_address>0x1d24f</run_address>
         <size>0x137</size>
         <input_file_ref idref="fl-1f"/>
      </object_component>
      <object_component id="oc-20c">
         <name>.debug_info</name>
         <load_address>0x1d386</load_address>
         <run_address>0x1d386</run_address>
         <size>0x1fd5</size>
         <input_file_ref idref="fl-1f"/>
      </object_component>
      <object_component id="oc-174">
         <name>.debug_info</name>
         <load_address>0x1f35b</load_address>
         <run_address>0x1f35b</run_address>
         <size>0x599</size>
         <input_file_ref idref="fl-21"/>
      </object_component>
      <object_component id="oc-16e">
         <name>.debug_info</name>
         <load_address>0x1f8f4</load_address>
         <run_address>0x1f8f4</run_address>
         <size>0x12b</size>
         <input_file_ref idref="fl-21"/>
      </object_component>
      <object_component id="oc-171">
         <name>.debug_info</name>
         <load_address>0x1fa1f</load_address>
         <run_address>0x1fa1f</run_address>
         <size>0x142</size>
         <input_file_ref idref="fl-21"/>
      </object_component>
      <object_component id="oc-dd">
         <name>.debug_info</name>
         <load_address>0x1fb61</load_address>
         <run_address>0x1fb61</run_address>
         <size>0x38f</size>
         <input_file_ref idref="fl-21"/>
      </object_component>
      <object_component id="oc-179">
         <name>.debug_info</name>
         <load_address>0x1fef0</load_address>
         <run_address>0x1fef0</run_address>
         <size>0x52a</size>
         <input_file_ref idref="fl-25"/>
      </object_component>
      <object_component id="oc-176">
         <name>.debug_info</name>
         <load_address>0x2041a</load_address>
         <run_address>0x2041a</run_address>
         <size>0x22a</size>
         <input_file_ref idref="fl-25"/>
      </object_component>
      <object_component id="oc-e3">
         <name>.debug_info</name>
         <load_address>0x20644</load_address>
         <run_address>0x20644</run_address>
         <size>0x2296</size>
         <input_file_ref idref="fl-25"/>
      </object_component>
      <object_component id="oc-19c">
         <name>.debug_info</name>
         <load_address>0x228da</load_address>
         <run_address>0x228da</run_address>
         <size>0x341</size>
         <input_file_ref idref="fl-5c"/>
      </object_component>
      <object_component id="oc-198">
         <name>.debug_info</name>
         <load_address>0x22c1b</load_address>
         <run_address>0x22c1b</run_address>
         <size>0x132</size>
         <input_file_ref idref="fl-5c"/>
      </object_component>
      <object_component id="oc-f5">
         <name>.debug_info</name>
         <load_address>0x22d4d</load_address>
         <run_address>0x22d4d</run_address>
         <size>0x12e</size>
         <input_file_ref idref="fl-5c"/>
      </object_component>
      <object_component id="oc-18d">
         <name>.debug_info</name>
         <load_address>0x22e7b</load_address>
         <run_address>0x22e7b</run_address>
         <size>0x333</size>
         <input_file_ref idref="fl-118"/>
      </object_component>
      <object_component id="oc-e8">
         <name>.debug_info</name>
         <load_address>0x231ae</load_address>
         <run_address>0x231ae</run_address>
         <size>0x1d1</size>
         <input_file_ref idref="fl-118"/>
      </object_component>
      <object_component id="oc-181">
         <name>.debug_info</name>
         <load_address>0x2337f</load_address>
         <run_address>0x2337f</run_address>
         <size>0x18d</size>
         <input_file_ref idref="fl-118"/>
      </object_component>
      <object_component id="oc-187">
         <name>.debug_info</name>
         <load_address>0x2350c</load_address>
         <run_address>0x2350c</run_address>
         <size>0x16d</size>
         <input_file_ref idref="fl-118"/>
      </object_component>
      <object_component id="oc-35e">
         <name>.debug_info</name>
         <load_address>0x23679</load_address>
         <run_address>0x23679</run_address>
         <size>0x2c</size>
         <input_file_ref idref="fl-118"/>
      </object_component>
      <object_component id="oc-31e">
         <name>.debug_info</name>
         <load_address>0x236a5</load_address>
         <run_address>0x236a5</run_address>
         <size>0x14c</size>
         <input_file_ref idref="fl-119"/>
      </object_component>
      <object_component id="oc-303">
         <name>.debug_info</name>
         <load_address>0x237f1</load_address>
         <run_address>0x237f1</run_address>
         <size>0x13a</size>
         <input_file_ref idref="fl-11a"/>
      </object_component>
      <object_component id="oc-2ff">
         <name>.debug_info</name>
         <load_address>0x2392b</load_address>
         <run_address>0x2392b</run_address>
         <size>0x13a</size>
         <input_file_ref idref="fl-11b"/>
      </object_component>
      <object_component id="oc-3e">
         <name>.debug_info</name>
         <load_address>0x23a65</load_address>
         <run_address>0x23a65</run_address>
         <size>0x119</size>
         <input_file_ref idref="fl-11e"/>
      </object_component>
      <object_component id="oc-91">
         <name>.debug_info</name>
         <load_address>0x23b7e</load_address>
         <run_address>0x23b7e</run_address>
         <size>0x147</size>
         <input_file_ref idref="fl-120"/>
      </object_component>
      <object_component id="oc-8e">
         <name>.debug_info</name>
         <load_address>0x23cc5</load_address>
         <run_address>0x23cc5</run_address>
         <size>0x2d4</size>
         <input_file_ref idref="fl-121"/>
      </object_component>
      <object_component id="oc-49">
         <name>.debug_info</name>
         <load_address>0x23f99</load_address>
         <run_address>0x23f99</run_address>
         <size>0x1d2</size>
         <input_file_ref idref="fl-121"/>
      </object_component>
      <object_component id="oc-89">
         <name>.debug_info</name>
[...]
         <value>0x4705</value>
         <object_component_ref idref="oc-147"/>
      </symbol>
      <symbol id="sm-698">
         <name>SysCtlPeripheralDisable</name>
         <value>0x4411</value>
         <object_component_ref idref="oc-147"/>
      </symbol>
      <symbol id="sm-699">
         <name>SysCtlPeripheralSleepEnable</name>
         <value>0x4671</value>
         <object_component_ref idref="oc-147"/>
      </symbol>
      <symbol id="sm-69a">
         <name>SysCtlIntUnregister</name>
         <value>0x42f9</value>
         <object_component_ref idref="oc-147"/>
      </symbol>
      <symbol id="sm-69b">
         <name>SysCtlPeripheralReady</name>
         <value>0x4549</value>
         <object_component_ref idref="oc-147"/>
      </symbol>
      <symbol id="sm-69c">
         <name>SysCtlPIOSCCalibrate</name>
         <value>0x46b5</value>
         <object_component_ref idref="oc-147"/>
      </symbol>
      <symbol id="sm-69d">
         <name>SysCtlResetCauseClear</name>
         <value>0x4723</value>
         <object_component_ref idref="oc-147"/>
      </symbol>
      <symbol id="sm-69e">
         <name>SysCtlLDOSleepGet</name>
         <value>0x431f</value>
         <object_component_ref idref="oc-147"/>
      </symbol>
      <symbol id="sm-69f">
         <name>SysCtlClockFreqSet</name>
         <value>0x3ee1</value>
         <object_component_ref idref="oc-147"/>
      </symbol>
      <symbol id="sm-6a0">
         <name>SysCtlPeripheralReset</name>
         <value>0x4599</value>
         <object_component_ref idref="oc-147"/>
      </symbol>
      <symbol id="sm-789">
         <name>GrMapISO8859_9_Unicode</name>
         <value>0x5a87</value>
         <object_component_ref idref="oc-209"/>
      </symbol>
      <symbol id="sm-78a">
         <name>g_pui16WIN1253_Unicode</name>
         <value>0x9fd0</value>
         <object_component_ref idref="oc-2e6"/>
      </symbol>
      <symbol id="sm-78b">
         <name>g_pui16ISO8859_10_Unicode</name>
         <value>0x99c8</value>
         <object_component_ref idref="oc-2d1"/>
      </symbol>
      <symbol id="sm-78c">
         <name>GrMapISO8859_16_Unicode</name>
         <value>0x5c67</value>
         <object_component_ref idref="oc-209"/>
      </symbol>
      <symbol id="sm-78d">
         <name>GrMapWIN1253_Unicode</name>
         <value>0x5fb3</value>
         <object_component_ref idref="oc-209"/>
      </symbol>
      <symbol id="sm-78e">
         <name>g_pui16ISO8859_7_Unicode</name>
         <value>0xa212</value>
         <object_component_ref idref="oc-2ce"/>
      </symbol>
      <symbol id="sm-78f">
         <name>g_pui16WIN1251_Unicode</name>
         <value>0x9f50</value>
         <object_component_ref idref="oc-2e0"/>
      </symbol>
      <symbol id="sm-790">
         <name>GrMapISO8859_2_Unicode</name>
         <value>0x590d</value>
         <object_component_ref idref="oc-209"/>
      </symbol>
      <symbol id="sm-791">
         <name>GrMapISO8859_10_Unicode</name>
         <value>0x5ae5</value>
         <object_component_ref idref="oc-209"/>
      </symbol>
      <symbol id="sm-792">
         <name>GrMapISO8859_5_Unicode</name>
         <value>0x599d</value>
         <object_component_ref idref="oc-209"/>
      </symbol>
      <symbol id="sm-793">
         <name>GrMapWIN1251_Unicode</name>
         <value>0x5f31</value>
         <object_component_ref idref="oc-209"/>
      </symbol>
      <symbol id="sm-794">
         <name>GrMapUTF16LE_Unicode</name>
         <value>0x5e97</value>
         <object_component_ref idref="oc-209"/>
      </symbol>
      <symbol id="sm-795">
         <name>GrMapUTF16BE_Unicode</name>
         <value>0x5ead</value>
         <object_component_ref idref="oc-209"/>
      </symbol>
      <symbol id="sm-796">
         <name>g_pui16ISO8859_14_Unicode</name>
         <value>0xa1d4</value>
         <object_component_ref idref="oc-2d7"/>
      </symbol>
      <symbol id="sm-797">
         <name>GrMapISO8859_7_Unicode</name>
         <value>0x59f9</value>
         <object_component_ref idref="oc-209"/>
      </symbol>
      <symbol id="sm-798">
         <name>GrMapWIN1254_Unicode</name>
         <value>0x5ffd</value>
         <object_component_ref idref="oc-209"/>
      </symbol>
      <symbol id="sm-799">
         <name>g_pui16ISO8859_2_Unicode</name>
         <value>0x9c02</value>
         <object_component_ref idref="oc-2c5"/>
      </symbol>
      <symbol id="sm-79a">
         <name>GrMapUnicode_Unicode</name>
         <value>0x5ec3</value>
         <object_component_ref idref="oc-209"/>
      </symbol>
      <symbol id="sm-79b">
         <name>GrMapUTF8_Unicode</name>
         <value>0x5c9d</value>
         <object_component_ref idref="oc-209"/>
      </symbol>
      <symbol id="sm-79c">
         <name>g_pui16WIN1254_Unicode</name>
         <value>0xa194</value>
         <object_component_ref idref="oc-2e9"/>
      </symbol>
      <symbol id="sm-79d">
         <name>g_pui16ISO8859_16_Unicode</name>
         <value>0x9b44</value>
         <object_component_ref idref="oc-2da"/>
      </symbol>
      <symbol id="sm-79e">
         <name>GrMapISO8859_1_Unicode</name>
         <value>0x58f5</value>
         <object_component_ref idref="oc-209"/>
      </symbol>
      <symbol id="sm-79f">
         <name>GrMapISO8859_15_Unicode</name>
         <value>0x5bf5</value>
         <object_component_ref idref="oc-209"/>
      </symbol>
      <symbol id="sm-7a0">
         <name>GrMapWIN1252_Unicode</name>
         <value>0x5f7b</value>
         <object_component_ref idref="oc-209"/>
      </symbol>
      <symbol id="sm-7a1">
         <name>GrMapISO8859_8_Unicode</name>
         <value>0x5a3b</value>
         <object_component_ref idref="oc-209"/>
      </symbol>
      <symbol id="sm-7a2">
         <name>g_pui16WIN1252_Unicode</name>
         <value>0xa154</value>
         <object_component_ref idref="oc-2e3"/>
      </symbol>
      <symbol id="sm-7a3">
         <name>GrMapISO8859_3_Unicode</name>
         <value>0x593d</value>
         <object_component_ref idref="oc-209"/>
      </symbol>
      <symbol id="sm-7a4">
         <name>GrMapWIN1250_Unicode</name>
         <value>0x5f01</value>
         <object_component_ref idref="oc-209"/>
      </symbol>
      <symbol id="sm-7a5">
         <name>g_pui16WIN1250_Unicode</name>
         <value>0x97fe</value>
         <object_component_ref idref="oc-2dd"/>
      </symbol>
      <symbol id="sm-7a6">
         <name>g_pui16ISO8859_13_Unicode</name>
         <value>0x9a86</value>
         <object_component_ref idref="oc-2d4"/>
      </symbol>
      <symbol id="sm-7a7">
         <name>GrMapISO8859_11_Unicode</name>
         <value>0x5b15</value>
         <object_component_ref idref="oc-209"/>
      </symbol>
      <symbol id="sm-7a8">
         <name>GrMapISO8859_4_Unicode</name>
         <value>0x596d</value>
         <object_component_ref idref="oc-209"/>
      </symbol>
      <symbol id="sm-7a9">
         <name>g_pui16ISO8859_4_Unicode</name>
         <value>0x9d7e</value>
         <object_component_ref idref="oc-2cb"/>
      </symbol>
      <symbol id="sm-7aa">
         <name>g_pui16ISO8859_3_Unicode</name>
         <value>0x9cc0</value>
         <object_component_ref idref="oc-2c8"/>
      </symbol>
      <symbol id="sm-7ab">
         <name>GrMapISO8859_13_Unicode</name>
         <value>0x5b3f</value>
         <object_component_ref idref="oc-209"/>
      </symbol>
      <symbol id="sm-7ac">
         <name>GrMapISO8859_6_Unicode</name>
         <value>0x59c7</value>
         <object_component_ref idref="oc-209"/>
      </symbol>
      <symbol id="sm-7ad">
         <name>GrMapISO8859_14_Unicode</name>
         <value>0x5b75</value>
         <object_component_ref idref="oc-209"/>
      </symbol>
      <symbol id="sm-7db">
         <name>GrContextInit</name>
         <value>0x6d29</value>
         <object_component_ref idref="oc-db"/>
      </symbol>
      <symbol id="sm-7dc">
         <name>GrContextClipRegionSet</name>
         <value>0x6ddb</value>
         <object_component_ref idref="oc-db"/>
      </symbol>
      <symbol id="sm-7dd">
         <name>g_psDefaultCodePointMapTable</name>
         <value>0xa2e4</value>
         <object_component_ref idref="oc-170"/>
      </symbol>
      <symbol id="sm-7de">
         <name>GrLibInit</name>
         <value>0x6d19</value>
         <object_component_ref idref="oc-db"/>
      </symbol>
      <symbol id="sm-8a6">
         <name>GrFontBlockCodepointsGet</name>
         <value>0xbbd</value>
         <object_component_ref idref="oc-e1"/>
      </symbol>
      <symbol id="sm-8a7">
         <name>GrFontInfoGet</name>
         <value>0x84f</value>
         <object_component_ref idref="oc-e1"/>
      </symbol>
      <symbol id="sm-8a8">
         <name>GrDefaultStringRenderer</name>
         <value>0x2db</value>
         <object_component_ref idref="oc-e1"/>
      </symbol>
      <symbol id="sm-8a9">
         <name>GrFontGlyphRender</name>
         <value>0x423</value>
         <object_component_ref idref="oc-e1"/>
      </symbol>
      <symbol id="sm-8aa">
         <name>GrStringTableSet</name>
         <value>0xcb7</value>
         <object_component_ref idref="oc-e1"/>
      </symbol>
      <symbol id="sm-8ab">
         <name>GrFontHeightGet</name>
         <value>0x8e5</value>
         <object_component_ref idref="oc-e1"/>
      </symbol>
      <symbol id="sm-8ac">
         <name>GrStringGet</name>
         <value>0xd5d</value>
         <object_component_ref idref="oc-e1"/>
      </symbol>
      <symbol id="sm-8ad">
         <name>GrContextFontSet</name>
         <value>0xca3</value>
         <object_component_ref idref="oc-e1"/>
      </symbol>
      <symbol id="sm-8ae">
         <name>GrFontGlyphDataGet</name>
         <value>0xa9d</value>
         <object_component_ref idref="oc-e1"/>
      </symbol>
      <symbol id="sm-8af">
         <name>GrStringLanguageSet</name>
         <value>0xcff</value>
         <object_component_ref idref="oc-e1"/>
      </symbol>
      <symbol id="sm-8b0">
         <name>GrCodepageMapTableSet</name>
         <value>0xc69</value>
         <object_component_ref idref="oc-e1"/>
      </symbol>
      <symbol id="sm-8b1">
         <name>GrFontMaxWidthGet</name>
         <value>0x923</value>
         <object_component_ref idref="oc-e1"/>
      </symbol>
      <symbol id="sm-8b2">
         <name>GrFontNumBlocksGet</name>
         <value>0xb8f</value>
         <object_component_ref idref="oc-e1"/>
      </symbol>
      <symbol id="sm-8b3">
         <name>GrStringDraw</name>
         <value>0x2ab</value>
         <object_component_ref idref="oc-e1"/>
      </symbol>
      <symbol id="sm-8b4">
         <name>GrFontCodepageGet</name>
         <value>0xaeb</value>
         <object_component_ref idref="oc-e1"/>
      </symbol>
      <symbol id="sm-8b5">
         <name>GrStringNextCharGet</name>
         <value>0x3dd</value>
         <object_component_ref idref="oc-e1"/>
      </symbol>
      <symbol id="sm-8b6">
         <name>GrStringWidthGet</name>
         <value>0x209</value>
         <object_component_ref idref="oc-e1"/>
      </symbol>
      <symbol id="sm-8b7">
         <name>GrFontBaselineGet</name>
         <value>0x8a7</value>
         <object_component_ref idref="oc-e1"/>
      </symbol>
      <symbol id="sm-8b8">
         <name>GrStringCodepageSet</name>
         <value>0xc8b</value>
         <object_component_ref idref="oc-e1"/>
      </symbol>
      <symbol id="sm-900">
         <name>g_sFontCmss48</name>
         <value>0x9900</value>
         <object_component_ref idref="oc-f4"/>
      </symbol>
      <symbol id="sm-929">
         <name>sprintf</name>
         <value>0x7d5d</value>
         <object_component_ref idref="oc-e7"/>
      </symbol>
      <symbol id="sm-940">
         <name>__aeabi_dsub</name>
         <value>0x6b61</value>
         <object_component_ref idref="oc-31b"/>
      </symbol>
      <symbol id="sm-941">
         <name>__aeabi_dadd</name>
         <value>0x6b6b</value>
         <object_component_ref idref="oc-31b"/>
      </symbol>
      <symbol id="sm-955">
         <name>__aeabi_ddiv</name>
         <value>0x6fe9</value>
         <object_component_ref idref="oc-301"/>
      </symbol>
      <symbol id="sm-960">
         <name>__aeabi_dmul</name>
         <value>0x7481</value>
         <object_component_ref idref="oc-2fc"/>
      </symbol>
      <symbol id="sm-97d">
         <name>memcpy</name>
         <value>0x770f</value>
         <object_component_ref idref="oc-3b"/>
      </symbol>
      <symbol id="sm-97e">
         <name>__aeabi_memcpy</name>
         <value>0x770f</value>
         <object_component_ref idref="oc-3b"/>
      </symbol>
      <symbol id="sm-97f">
         <name>__aeabi_memcpy8</name>
         <value>0x770f</value>
         <object_component_ref idref="oc-3b"/>
      </symbol>
      <symbol id="sm-980">
         <name>__aeabi_memcpy4</name>
         <value>0x770f</value>
         <object_component_ref idref="oc-3b"/>
      </symbol>
      <symbol id="sm-990">
         <name>__aeabi_memset</name>
         <value>0x79d7</value>
         <object_component_ref idref="oc-8f"/>
      </symbol>
      <symbol id="sm-991">
         <name>memset</name>
         <value>0x79dd</value>
         <object_component_ref idref="oc-8f"/>
      </symbol>
      <symbol id="sm-992">
         <name>__aeabi_memset8</name>
         <value>0x79d7</value>
         <object_component_ref idref="oc-8f"/>
      </symbol>
      <symbol id="sm-993">
         <name>__aeabi_memset4</name>
         <value>0x79d7</value>
         <object_component_ref idref="oc-8f"/>
      </symbol>
      <symbol id="sm-994">
         <name>__aeabi_memclr8</name>
         <value>0x79d5</value>
         <object_component_ref idref="oc-8f"/>
      </symbol>
      <symbol id="sm-995">
         <name>__aeabi_memclr4</name>
         <value>0x79d5</value>
         <object_component_ref idref="oc-8f"/>
      </symbol>
      <symbol id="sm-996">
         <name>__aeabi_memclr</name>
         <value>0x79d5</value>
         <object_component_ref idref="oc-8f"/>
      </symbol>
      <symbol id="sm-9aa">
         <name>__TI_zero_init_nomemset</name>
         <value>0x7e7b</value>
         <object_component_ref idref="oc-47"/>
      </symbol>
      <symbol id="sm-9c1">
         <name>__TI_decompress_none</name>
         <value>0x7f21</value>
         <object_component_ref idref="oc-1b"/>
      </symbol>
      <symbol id="sm-9e4">
         <name>__TI_decompress_lzss</name>
         <value>0x7abd</value>
         <object_component_ref idref="oc-15"/>
      </symbol>
      <symbol id="sm-9f9">
         <name>__stack</name>
         <value>0x20000208</value>
         <object_component_ref idref="oc-24"/>
      </symbol>
      <symbol id="sm-9fa">
         <name>_c_int00_noargs</name>
         <value>0x7e19</value>
         <object_component_ref idref="oc-59"/>
      </symbol>
      <symbol id="sm-b5f">
         <name>__TI_printfi</name>
         <value>0x29f1</value>
         <object_component_ref idref="oc-17a"/>
      </symbol>
      <symbol id="sm-b81">
         <name>__aeabi_cdcmpeq</name>
         <value>0x78c9</value>
         <object_component_ref idref="oc-229"/>
      </symbol>
      <symbol id="sm-b82">
         <name>__aeabi_cdcmple</name>
         <value>0x78c9</value>
         <object_component_ref idref="oc-229"/>
      </symbol>
      <symbol id="sm-b83">
         <name>__aeabi_cdrcmple</name>
         <value>0x794f</value>
         <object_component_ref idref="oc-306"/>
      </symbol>
      <symbol id="sm-b8d">
         <name>__aeabi_d2iz</name>
         <value>0x7cd1</value>
         <object_component_ref idref="oc-30b"/>
      </symbol>
      <symbol id="sm-b97">
         <name>__aeabi_i2d</name>
         <value>0x7e4d</value>
         <object_component_ref idref="oc-316"/>
      </symbol>
      <symbol id="sm-ba4">
         <name>__aeabi_uldivmod</name>
         <value>0x77ab</value>
         <object_component_ref idref="oc-2f5"/>
      </symbol>
      <symbol id="sm-bcc">
         <name>__TI_auto_init_nobinit_nopinit</name>
         <value>0x7d19</value>
         <object_component_ref idref="oc-108"/>
      </symbol>
      <symbol id="sm-bd6">
         <name>_system_pre_init</name>
         <value>0x7f4d</value>
         <object_component_ref idref="oc-95"/>
      </symbol>
      <symbol id="sm-be2">
         <name>C$$EXIT</name>
         <value>0x7f51</value>
         <object_component_ref idref="oc-fc"/>
      </symbol>
      <symbol id="sm-be3">
         <name>abort</name>
         <value>0x7f51</value>
         <object_component_ref idref="oc-fc"/>
      </symbol>
      <symbol id="sm-bf3">
         <name>__TI_ltoa</name>
         <value>0x7bdf</value>
         <object_component_ref idref="oc-310"/>
      </symbol>
      <symbol id="sm-c0a">
         <name>atoi</name>
         <value>0x7c85</value>
         <object_component_ref idref="oc-21d"/>
      </symbol>
      <symbol id="sm-c15">
         <name>_ctypes_</name>
         <value>0x96fc</value>
         <object_component_ref idref="oc-2f0"/>
      </symbol>
      <symbol id="sm-c25">
         <name>memccpy</name>
         <value>0x7e97</value>
         <object_component_ref idref="oc-246"/>
      </symbol>
      <symbol id="sm-c35">
         <name>strchr</name>
         <value>0x7ee5</value>
         <object_component_ref idref="oc-347"/>
      </symbol>
      <symbol id="sm-c43">
         <name>strlen</name>
         <value>0x7efb</value>
         <object_component_ref idref="oc-217"/>
      </symbol>
      <symbol id="sm-c59">
         <name>__aeabi_errno_addr</name>
         <value>0x7f45</value>
         <object_component_ref idref="oc-252"/>
      </symbol>
      <symbol id="sm-c5a">
         <name>errno</name>
         <value>0x2000066c</value>
         <object_component_ref idref="oc-357"/>
      </symbol>
      <symbol id="sm-c73">
         <name>wcslen</name>
         <value>0x7f0f</value>
         <object_component_ref idref="oc-24c"/>
      </symbol>
      <symbol id="sm-c93">
         <name>frexpl</name>
         <value>0x7b25</value>
         <object_component_ref idref="oc-33b"/>
      </symbol>
      <symbol id="sm-c94">
         <name>frexp</name>
         <value>0x7b25</value>
         <object_component_ref idref="oc-33b"/>
      </symbol>
      <symbol id="sm-cb1">
         <name>scalbn</name>
         <value>0x7371</value>
         <object_component_ref idref="oc-341"/>
      </symbol>
      <symbol id="sm-cb2">
         <name>scalbnl</name>
         <value>0x7371</value>
         <object_component_ref idref="oc-341"/>
      </symbol>
      <symbol id="sm-cb3">
         <name>ldexpl</name>
         <value>0x7371</value>
         <object_component_ref idref="oc-341"/>
      </symbol>
      <symbol id="sm-cb4">
         <name>ldexp</name>
         <value>0x7371</value>
         <object_component_ref idref="oc-341"/>
      </symbol>
      <symbol id="sm-cbe">
         <name>__aeabi_idiv0</name>
         <value>0x343f</value>
         <object_component_ref idref="oc-3af"/>
      </symbol>
      <symbol id="sm-cbf">
         <name>__aeabi_ldiv0</name>
         <value>0x343f</value>
         <object_component_ref idref="oc-3af"/>
      </symbol>
      <symbol id="sm-cc9">
         <name>copysign</name>
         <value>0x7eb3</value>
         <object_component_ref idref="oc-3c8"/>
      </symbol>
      <symbol id="sm-cca">
         <name>copysignl</name>
         <value>0x7eb3</value>
         <object_component_ref idref="oc-3c8"/>
      </symbol>
      <symbol id="sm-ccb">
         <name>__TI_static_base__</name>
         <value>0x0</value>
      </symbol>
      <symbol id="sm-cce">
         <name>__mpu_init</name>
         <value>0x0</value>
      </symbol>
      <symbol id="sm-ccf">
         <name>_system_post_cinit</name>
         <value>0x0</value>
      </symbol>
   </symbol_table>
   <title>Link successful</title>
</link_info>
