<?xml version="1.0"?>
<link_info>
   <banner>TI ARM Linker PC v16.9.6.LTS</banner>
   <copyright>Copyright (c) 1996-2017 Texas Instruments Incorporated</copyright>
   <link_time>0x5af53235</link_time>
   <link_errors>0x0</link_errors>
   <output_file>lab5_1.1.out</output_file>
   <entry_point>
      <name>_c_int00</name>
      <address>0x7ce1</address>
   </entry_point>
   <input_file_list>
      <input_file id="fl-2">
         <path>.\</path>
         <kind>object</kind>
         <file>main.obj</file>
         <name>main.obj</name>
      </input_file>
      <input_file id="fl-3">
         <path>.\</path>
         <kind>object</kind>
         <file>tm4c129encpdt_startup_ccs.obj</file>
         <name>tm4c129encpdt_startup_ccs.obj</name>
      </input_file>
      <input_file id="fl-4">
         <path>.\Drivers\CoreDrivers\</path>
         <kind>object</kind>
         <file>cpu.obj</file>
         <name>cpu.obj</name>
      </input_file>
      <input_file id="fl-5">
         <path>.\Drivers\CoreDrivers\</path>
         <kind>object</kind>
         <file>interrupt.obj</file>
         <name>interrupt.obj</name>
      </input_file>
      <input_file id="fl-6">
         <path>.\Drivers\CoreDrivers\</path>
         <kind>object</kind>
         <file>systick.obj</file>
         <name>systick.obj</name>
      </input_file>
      <input_file id="fl-7">
         <path>.\Drivers\DeviceDrivers\</path>
         <kind>object</kind>
         <file>buzzer.obj</file>
         <name>buzzer.obj</name>
      </input_file>
      <input_file id="fl-8">
         <path>.\Drivers\DeviceDrivers\</path>
         <kind>object</kind>
         <file>clock.obj</file>
         <name>clock.obj</name>
      </input_file>
      <input_file id="fl-9">
         <path>.\Drivers\DeviceDrivers\</path>
         <kind>object</kind>
         <file>it7258_i2c.obj</file>
         <name>it7258_i2c.obj</name>
      </input_file>
      <input_file id="fl-a">
         <path>.\Drivers\DeviceDrivers\</path>
         <kind>object</kind>
         <file>lightsensor.obj</file>
         <name>lightsensor.obj</name>
      </input_file>
      <input_file id="fl-b">
         <path>.\Drivers\DeviceDrivers\</path>
         <kind>object</kind>
         <file>odinw2_uart.obj</file>
         <name>odinw2_uart.obj</name>
      </input_file>
      <input_file id="fl-c">
         <path>.\Drivers\DeviceDrivers\</path>
         <kind>object</kind>
         <file>pushbutton.obj</file>
         <name>pushbutton.obj</name>
      </input_file>
      <input_file id="fl-d">
         <path>.\Drivers\DeviceDrivers\</path>
         <kind>object</kind>
         <file>rgbled.obj</file>
         <name>rgbled.obj</name>
      </input_file>
      <input_file id="fl-e">
         <path>.\Drivers\DeviceDrivers\</path>
         <kind>object</kind>
         <file>serial_uart.obj</file>
         <name>serial_uart.obj</name>
      </input_file>
      <input_file id="fl-f">
         <path>.\Drivers\DeviceDrivers\</path>
         <kind>object</kind>
         <file>st7789_spi.obj</file>
         <name>st7789_spi.obj</name>
      </input_file>
      <input_file id="fl-10">
         <path>.\Drivers\DeviceDrivers\</path>
         <kind>object</kind>
         <file>tempsensor.obj</file>
         <name>tempsensor.obj</name>
      </input_file>
      <input_file id="fl-11">
         <path>.\Drivers\DeviceDrivers\</path>
         <kind>object</kind>
         <file>vibrator.obj</file>
         <name>vibrator.obj</name>
      </input_file>
      <input_file id="fl-12">
         <path>.\Drivers\PeripheralDrivers\</path>
         <kind>object</kind>
         <file>adc.obj</file>
         <name>adc.obj</name>
      </input_file>
      <input_file id="fl-13">
         <path>.\Drivers\PeripheralDrivers\</path>
         <kind>object</kind>
         <file>comp.obj</file>
         <name>comp.obj</name>
      </input_file>
      <input_file id="fl-14">
         <path>.\Drivers\PeripheralDrivers\</path>
         <kind>object</kind>
         <file>gpio.obj</file>
         <name>gpio.obj</name>
      </input_file>
      <input_file id="fl-15">
         <path>.\Drivers\PeripheralDrivers\</path>
         <kind>object</kind>
         <file>hibernate.obj</file>
         <name>hibernate.obj</name>
      </input_file>
      <input_file id="fl-16">
         <path>.\Drivers\PeripheralDrivers\</path>
         <kind>object</kind>
         <file>i2c.obj</file>
         <name>i2c.obj</name>
      </input_file>
      <input_file id="fl-17">
         <path>.\Drivers\PeripheralDrivers\</path>
         <kind>object</kind>
         <file>lcd.obj</file>
         <name>lcd.obj</name>
      </input_file>
      <input_file id="fl-18">
         <path>.\Drivers\PeripheralDrivers\</path>
         <kind>object</kind>
         <file>pwm.obj</file>
         <name>pwm.obj</name>
      </input_file>
      <input_file id="fl-19">
         <path>.\Drivers\PeripheralDrivers\</path>
         <kind>object</kind>
         <file>ssi.obj</file>
         <name>ssi.obj</name>
      </input_file>
      <input_file id="fl-1a">
         <path>.\Drivers\PeripheralDrivers\</path>
         <kind>object</kind>
         <file>sysctl.obj</file>
         <name>sysctl.obj</name>
      </input_file>
      <input_file id="fl-1b">
         <path>.\Drivers\PeripheralDrivers\</path>
         <kind>object</kind>
         <file>timer.obj</file>
         <name>timer.obj</name>
      </input_file>
      <input_file id="fl-1c">
         <path>.\Drivers\PeripheralDrivers\</path>
         <kind>object</kind>
         <file>uart.obj</file>
         <name>uart.obj</name>
      </input_file>
      <input_file id="fl-1d">
         <path>.\Drivers\PeripheralDrivers\</path>
         <kind>object</kind>
         <file>udma.obj</file>
         <name>udma.obj</name>
      </input_file>
      <input_file id="fl-1e">
         <path>.\Drivers\PeripheralDrivers\</path>
         <kind>object</kind>
         <file>watchdog.obj</file>
         <name>watchdog.obj</name>
      </input_file>
      <input_file id="fl-1f">
         <path>.\Libraries\grlib\</path>
         <kind>object</kind>
         <file>charmap.obj</file>
         <name>charmap.obj</name>
      </input_file>
      <input_file id="fl-20">
         <path>.\Libraries\grlib\</path>
         <kind>object</kind>
         <file>circle.obj</file>
         <name>circle.obj</name>
      </input_file>
      <input_file id="fl-21">
         <path>.\Libraries\grlib\</path>
         <kind>object</kind>
         <file>context.obj</file>
         <name>context.obj</name>
      </input_file>
      <input_file id="fl-22">
         <path>.\Libraries\grlib\</path>
         <kind>object</kind>
         <file>image.obj</file>
         <name>image.obj</name>
      </input_file>
      <input_file id="fl-23">
         <path>.\Libraries\grlib\</path>
         <kind>object</kind>
         <file>line.obj</file>
         <name>line.obj</name>
      </input_file>
      <input_file id="fl-24">
         <path>.\Libraries\grlib\</path>
         <kind>object</kind>
         <file>rectangle.obj</file>
         <name>rectangle.obj</name>
      </input_file>
      <input_file id="fl-25">
         <path>.\Libraries\grlib\</path>
         <kind>object</kind>
         <file>string.obj</file>
         <name>string.obj</name>
      </input_file>
      <input_file id="fl-26">
         <path>.\Libraries\grlib\fonts\</path>
         <kind>object</kind>
         <file>fontcmss12.obj</file>
         <name>fontcmss12.obj</name>
      </input_file>
      <input_file id="fl-27">
         <path>.\Libraries\grlib\fonts\</path>
         <kind>object</kind>
         <file>fontcmss12b.obj</file>
         <name>fontcmss12b.obj</name>
      </input_file>
      <input_file id="fl-28">
         <path>.\Libraries\grlib\fonts\</path>
         <kind>object</kind>
         <file>fontcmss12i.obj</file>
         <name>fontcmss12i.obj</name>
      </input_file>
      <input_file id="fl-29">
         <path>.\Libraries\grlib\fonts\</path>
         <kind>object</kind>
         <file>fontcmss14.obj</file>
         <name>fontcmss14.obj</name>
      </input_file>
      <input_file id="fl-2a">
         <path>.\Libraries\grlib\fonts\</path>
         <kind>object</kind>
         <file>fontcmss14b.obj</file>
         <name>fontcmss14b.obj</name>
      </input_file>
      <input_file id="fl-2b">
         <path>.\Libraries\grlib\fonts\</path>
         <kind>object</kind>
         <file>fontcmss14i.obj</file>
         <name>fontcmss14i.obj</name>
      </input_file>
      <input_file id="fl-2c">
         <path>.\Libraries\grlib\fonts\</path>
         <kind>object</kind>
         <file>fontcmss16.obj</file>
         <name>fontcmss16.obj</name>
      </input_file>
      <input_file id="fl-2d">
         <path>.\Libraries\grlib\fonts\</path>
         <kind>object</kind>
         <file>fontcmss16b.obj</file>
         <name>fontcmss16b.obj</name>
      </input_file>
      <input_file id="fl-2e">
         <path>.\Libraries\grlib\fonts\</path>
         <kind>object</kind>
         <file>fontcmss16i.obj</file>
         <name>fontcmss16i.obj</name>
      </input_file>
      <input_file id="fl-2f">
         <path>.\Libraries\grlib\fonts\</path>
         <kind>object</kind>
         <file>fontcmss18.obj</file>
         <name>fontcmss18.obj</name>
      </input_file>
      <input_file id="fl-30">
         <path>.\Libraries\grlib\fonts\</path>
         <kind>object</kind>
         <file>fontcmss18b.obj</file>
         <name>fontcmss18b.obj</name>
      </input_file>
      <input_file id="fl-31">
         <path>.\Libraries\grlib\fonts\</path>
         <kind>object</kind>
         <file>fontcmss18i.obj</file>
         <name>fontcmss18i.obj</name>
      </input_file>
      <input_file id="fl-32">
         <path>.\Libraries\grlib\fonts\</path>
         <kind>object</kind>
         <file>fontcmss20.obj</file>
         <name>fontcmss20.obj</name>
      </input_file>
      <input_file id="fl-33">
         <path>.\Libraries\grlib\fonts\</path>
         <kind>object</kind>
         <file>fontcmss20b.obj</file>
         <name>fontcmss20b.obj</name>
      </input_file>
      <input_file id="fl-34">
         <path>.\Libraries\grlib\fonts\</path>
         <kind>object</kind>
         <file>fontcmss20i.obj</file>
         <name>fontcmss20i.obj</name>
      </input_file>
      <input_file id="fl-35">
         <path>.\Libraries\grlib\fonts\</path>
         <kind>object</kind>
         <file>fontcmss22.obj</file>
         <name>fontcmss22.obj</name>
      </input_file>
      <input_file id="fl-36">
         <path>.\Libraries\grlib\fonts\</path>
         <kind>object</kind>
         <file>fontcmss22b.obj</file>
         <name>fontcmss22b.obj</name>
      </input_file>
      <input_file id="fl-37">
         <path>.\Libraries\grlib\fonts\</path>
         <kind>object</kind>
         <file>fontcmss22i.obj</file>
         <name>fontcmss22i.obj</name>
      </input_file>
      <input_file id="fl-38">
         <path>.\Libraries\grlib\fonts\</path>
         <kind>object</kind>
         <file>fontcmss24.obj</file>
         <name>fontcmss24.obj</name>
      </input_file>
      <input_file id="fl-39">
         <path>.\Libraries\grlib\fonts\</path>
         <kind>object</kind>
         <file>fontcmss24b.obj</file>
         <name>fontcmss24b.obj</name>
      </input_file>
      <input_file id="fl-3a">
         <path>.\Libraries\grlib\fonts\</path>
         <kind>object</kind>
         <file>fontcmss24i.obj</file>
         <name>fontcmss24i.obj</name>
      </input_file>
      <input_file id="fl-3b">
         <path>.\Libraries\grlib\fonts\</path>
         <kind>object</kind>
         <file>fontcmss26.obj</file>
         <name>fontcmss26.obj</name>
      </input_file>
      <input_file id="fl-3c">
         <path>.\Libraries\grlib\fonts\</path>
         <kind>object</kind>
         <file>fontcmss26b.obj</file>
         <name>fontcmss26b.obj</name>
      </input_file>
      <input_file id="fl-3d">
         <path>.\Libraries\grlib\fonts\</path>
         <kind>object</kind>
         <file>fontcmss26i.obj</file>
         <name>fontcmss26i.obj</name>
      </input_file>
      <input_file id="fl-3e">
         <path>.\Libraries\grlib\fonts\</path>
         <kind>object</kind>
         <file>fontcmss28.obj</file>
         <name>fontcmss28.obj</name>
      </input_file>
      <input_file id="fl-3f">
         <path>.\Libraries\grlib\fonts\</path>
         <kind>object</kind>
         <file>fontcmss28b.obj</file>
         <name>fontcmss28b.obj</name>
      </input_file>
      <input_file id="fl-40">
         <path>.\Libraries\grlib\fonts\</path>
         <kind>object</kind>
         <file>fontcmss28i.obj</file>
         <name>fontcmss28i.obj</name>
      </input_file>
      <input_file id="fl-41">
         <path>.\Libraries\grlib\fonts\</path>
         <kind>object</kind>
         <file>fontcmss30.obj</file>
         <name>fontcmss30.obj</name>
      </input_file>
      <input_file id="fl-42">
         <path>.\Libraries\grlib\fonts\</path>
         <kind>object</kind>
         <file>fontcmss30b.obj</file>
         <name>fontcmss30b.obj</name>
      </input_file>
      <input_file id="fl-43">
         <path>.\Libraries\grlib\fonts\</path>
         <kind>object</kind>
         <file>fontcmss30i.obj</file>
         <name>fontcmss30i.obj</name>
      </input_file>
      <input_file id="fl-44">
         <path>.\Libraries\grlib\fonts\</path>
         <kind>object</kind>
         <file>fontcmss32.obj</file>
         <name>fontcmss32.obj</name>
      </input_file>
      <input_file id="fl-45">
         <path>.\Libraries\grlib\fonts\</path>
         <kind>object</kind>
         <file>fontcmss32b.obj</file>
         <name>fontcmss32b.obj</name>
      </input_file>
      <input_file id="fl-46">
         <path>.\Libraries\grlib\fonts\</path>
         <kind>object</kind>
         <file>fontcmss32i.obj</file>
         <name>fontcmss32i.obj</name>
      </input_file>
      <input_file id="fl-47">
         <path>.\Libraries\grlib\fonts\</path>
         <kind>object</kind>
         <file>fontcmss34.obj</file>
         <name>fontcmss34.obj</name>
      </input_file>
      <input_file id="fl-48">
         <path>.\Libraries\grlib\fonts\</path>
         <kind>object</kind>
         <file>fontcmss34b.obj</file>
         <name>fontcmss34b.obj</name>
      </input_file>
      <input_file id="fl-49">
         <path>.\Libraries\grlib\fonts\</path>
         <kind>object</kind>
         <file>fontcmss34i.obj</file>
         <name>fontcmss34i.obj</name>
      </input_file>
      <input_file id="fl-4a">
         <path>.\Libraries\grlib\fonts\</path>
         <kind>object</kind>
         <file>fontcmss36.obj</file>
         <name>fontcmss36.obj</name>
      </input_file>
      <input_file id="fl-4b">
         <path>.\Libraries\grlib\fonts\</path>
         <kind>object</kind>
         <file>fontcmss36b.obj</file>
         <name>fontcmss36b.obj</name>
      </input_file>
      <input_file id="fl-4c">
         <path>.\Libraries\grlib\fonts\</path>
         <kind>object</kind>
         <file>fontcmss36i.obj</file>
         <name>fontcmss36i.obj</name>
      </input_file>
      <input_file id="fl-4d">
         <path>.\Libraries\grlib\fonts\</path>
         <kind>object</kind>
         <file>fontcmss38.obj</file>
         <name>fontcmss38.obj</name>
      </input_file>
      <input_file id="fl-4e">
         <path>.\Libraries\grlib\fonts\</path>
         <kind>object</kind>
         <file>fontcmss38b.obj</file>
         <name>fontcmss38b.obj</name>
      </input_file>
      <input_file id="fl-4f">
         <path>.\Libraries\grlib\fonts\</path>
         <kind>object</kind>
         <file>fontcmss38i.obj</file>
         <name>fontcmss38i.obj</name>
      </input_file>
      <input_file id="fl-50">
         <path>.\Libraries\grlib\fonts\</path>
         <kind>object</kind>
         <file>fontcmss40.obj</file>
         <name>fontcmss40.obj</name>
      </input_file>
      <input_file id="fl-51">
         <path>.\Libraries\grlib\fonts\</path>
         <kind>object</kind>
         <file>fontcmss40b.obj</file>
         <name>fontcmss40b.obj</name>
      </input_file>
      <input_file id="fl-52">
         <path>.\Libraries\grlib\fonts\</path>
         <kind>object</kind>
         <file>fontcmss40i.obj</file>
         <name>fontcmss40i.obj</name>
      </input_file>
      <input_file id="fl-53">
         <path>.\Libraries\grlib\fonts\</path>
         <kind>object</kind>
         <file>fontcmss42.obj</file>
         <name>fontcmss42.obj</name>
      </input_file>
      <input_file id="fl-54">
         <path>.\Libraries\grlib\fonts\</path>
         <kind>object</kind>
         <file>fontcmss42b.obj</file>
         <name>fontcmss42b.obj</name>
      </input_file>
      <input_file id="fl-55">
         <path>.\Libraries\grlib\fonts\</path>
         <kind>object</kind>
         <file>fontcmss42i.obj</file>
         <name>fontcmss42i.obj</name>
      </input_file>
      <input_file id="fl-56">
         <path>.\Libraries\grlib\fonts\</path>
         <kind>object</kind>
         <file>fontcmss44.obj</file>
         <name>fontcmss44.obj</name>
      </input_file>
      <input_file id="fl-57">
         <path>.\Libraries\grlib\fonts\</path>
         <kind>object</kind>
         <file>fontcmss44b.obj</file>
         <name>fontcmss44b.obj</name>
      </input_file>
      <input_file id="fl-58">
         <path>.\Libraries\grlib\fonts\</path>
         <kind>object</kind>
         <file>fontcmss44i.obj</file>
         <name>fontcmss44i.obj</name>
      </input_file>
      <input_file id="fl-59">
         <path>.\Libraries\grlib\fonts\</path>
         <kind>object</kind>
         <file>fontcmss46.obj</file>
         <name>fontcmss46.obj</name>
      </input_file>
      <input_file id="fl-5a">
         <path>.\Libraries\grlib\fonts\</path>
         <kind>object</kind>
         <file>fontcmss46b.obj</file>
         <name>fontcmss46b.obj</name>
      </input_file>
      <input_file id="fl-5b">
         <path>.\Libraries\grlib\fonts\</path>
         <kind>object</kind>
         <file>fontcmss46i.obj</file>
         <name>fontcmss46i.obj</name>
      </input_file>
      <input_file id="fl-5c">
         <path>.\Libraries\grlib\fonts\</path>
         <kind>object</kind>
         <file>fontcmss48.obj</file>
         <name>fontcmss48.obj</name>
      </input_file>
      <input_file id="fl-5d">
         <path>.\Libraries\grlib\fonts\</path>
         <kind>object</kind>
         <file>fontcmss48b.obj</file>
         <name>fontcmss48b.obj</name>
      </input_file>
      <input_file id="fl-5e">
         <path>.\Libraries\grlib\fonts\</path>
         <kind>object</kind>
         <file>fontcmss48i.obj</file>
         <name>fontcmss48i.obj</name>
      </input_file>
      <input_file id="fl-62">
         <kind>object</kind>
         <file>&lt;internal&gt;</file>
         <name>&lt;internal&gt;</name>
      </input_file>
      <input_file id="fl-118">
         <path>C:\ti\ccsv7\tools\compiler\ti-cgt-arm_16.9.6.LTS\lib\</path>
         <kind>archive</kind>
         <file>rtsv7M4_T_le_v4SPD16_eabi.lib</file>
         <name>boot.obj</name>
      </input_file>
      <input_file id="fl-119">
         <path>C:\ti\ccsv7\tools\compiler\ti-cgt-arm_16.9.6.LTS\lib\</path>
         <kind>archive</kind>
         <file>rtsv7M4_T_le_v4SPD16_eabi.lib</file>
         <name>copy_decompress_lzss.obj</name>
      </input_file>
      <input_file id="fl-11a">
         <path>C:\ti\ccsv7\tools\compiler\ti-cgt-arm_16.9.6.LTS\lib\</path>
         <kind>archive</kind>
         <file>rtsv7M4_T_le_v4SPD16_eabi.lib</file>
         <name>copy_decompress_none.obj</name>
      </input_file>
      <input_file id="fl-11b">
         <path>C:\ti\ccsv7\tools\compiler\ti-cgt-arm_16.9.6.LTS\lib\</path>
         <kind>archive</kind>
         <file>rtsv7M4_T_le_v4SPD16_eabi.lib</file>
         <name>copy_zero_init.obj</name>
      </input_file>
      <input_file id="fl-11c">
         <path>C:\ti\ccsv7\tools\compiler\ti-cgt-arm_16.9.6.LTS\lib\</path>
         <kind>archive</kind>
         <file>rtsv7M4_T_le_v4SPD16_eabi.lib</file>
         <name>exit.obj</name>
      </input_file>
      <input_file id="fl-11d">
         <path>C:\ti\ccsv7\tools\compiler\ti-cgt-arm_16.9.6.LTS\lib\</path>
         <kind>archive</kind>
         <file>rtsv7M4_T_le_v4SPD16_eabi.lib</file>
         <name>fd_add_t2.obj</name>
      </input_file>
      <input_file id="fl-11e">
         <path>C:\ti\ccsv7\tools\compiler\ti-cgt-arm_16.9.6.LTS\lib\</path>
         <kind>archive</kind>
         <file>rtsv7M4_T_le_v4SPD16_eabi.lib</file>
         <name>fd_div_t2.obj</name>
      </input_file>
      <input_file id="fl-11f">
         <path>C:\ti\ccsv7\tools\compiler\ti-cgt-arm_16.9.6.LTS\lib\</path>
         <kind>archive</kind>
         <file>rtsv7M4_T_le_v4SPD16_eabi.lib</file>
         <name>fd_mul_t2.obj</name>
      </input_file>
      <input_file id="fl-120">
         <path>C:\ti\ccsv7\tools\compiler\ti-cgt-arm_16.9.6.LTS\lib\</path>
         <kind>archive</kind>
         <file>rtsv7M4_T_le_v4SPD16_eabi.lib</file>
         <name>fd_tos_t2.obj</name>
      </input_file>
      <input_file id="fl-121">
         <path>C:\ti\ccsv7\tools\compiler\ti-cgt-arm_16.9.6.LTS\lib\</path>
         <kind>archive</kind>
         <file>rtsv7M4_T_le_v4SPD16_eabi.lib</file>
         <name>fs_tod_t2.obj</name>
      </input_file>
      <input_file id="fl-122">
         <path>C:\ti\ccsv7\tools\compiler\ti-cgt-arm_16.9.6.LTS\lib\</path>
         <kind>archive</kind>
         <file>rtsv7M4_T_le_v4SPD16_eabi.lib</file>
         <name>memcpy_t2.obj</name>
      </input_file>
      <input_file id="fl-123">
         <path>C:\ti\ccsv7\tools\compiler\ti-cgt-arm_16.9.6.LTS\lib\</path>
         <kind>archive</kind>
         <file>rtsv7M4_T_le_v4SPD16_eabi.lib</file>
         <name>memset_t2.obj</name>
      </input_file>
      <input_file id="fl-124">
         <path>C:\ti\ccsv7\tools\compiler\ti-cgt-arm_16.9.6.LTS\lib\</path>
         <kind>archive</kind>
         <file>rtsv7M4_T_le_v4SPD16_eabi.lib</file>
         <name>mpu_init.obj</name>
      </input_file>
      <input_file id="fl-125">
         <path>C:\ti\ccsv7\tools\compiler\ti-cgt-arm_16.9.6.LTS\lib\</path>
         <kind>archive</kind>
         <file>rtsv7M4_T_le_v4SPD16_eabi.lib</file>
         <name>pre_init.obj</name>
      </input_file>
      <input_file id="fl-126">
         <path>C:\ti\ccsv7\tools\compiler\ti-cgt-arm_16.9.6.LTS\lib\</path>
         <kind>archive</kind>
         <file>rtsv7M4_T_le_v4SPD16_eabi.lib</file>
         <name>sprintf.obj</name>
      </input_file>
      <input_file id="fl-127">
         <path>C:\ti\ccsv7\tools\compiler\ti-cgt-arm_16.9.6.LTS\lib\</path>
         <kind>archive</kind>
         <file>rtsv7M4_T_le_v4SPD16_eabi.lib</file>
         <name>stkdepth_vars.obj</name>
      </input_file>
      <input_file id="fl-128">
         <path>C:\ti\ccsv7\tools\compiler\ti-cgt-arm_16.9.6.LTS\lib\</path>
         <kind>archive</kind>
         <file>rtsv7M4_T_le_v4SPD16_eabi.lib</file>
         <name>strcat.obj</name>
      </input_file>
      <input_file id="fl-129">
         <path>C:\ti\ccsv7\tools\compiler\ti-cgt-arm_16.9.6.LTS\lib\</path>
         <kind>archive</kind>
         <file>rtsv7M4_T_le_v4SPD16_eabi.lib</file>
         <name>strcpy.obj</name>
      </input_file>
      <input_file id="fl-12a">
         <path>C:\ti\ccsv7\tools\compiler\ti-cgt-arm_16.9.6.LTS\lib\</path>
         <kind>archive</kind>
         <file>rtsv7M4_T_le_v4SPD16_eabi.lib</file>
         <name>u_tofd_t2.obj</name>
      </input_file>
      <input_file id="fl-12b">
         <path>C:\ti\ccsv7\tools\compiler\ti-cgt-arm_16.9.6.LTS\lib\</path>
         <kind>archive</kind>
         <file>rtsv7M4_T_le_v4SPD16_eabi.lib</file>
         <name>_lock.obj</name>
      </input_file>
      <input_file id="fl-12c">
         <path>C:\ti\ccsv7\tools\compiler\ti-cgt-arm_16.9.6.LTS\lib\</path>
         <kind>archive</kind>
         <file>rtsv7M4_T_le_v4SPD16_eabi.lib</file>
         <name>_printfi.obj</name>
      </input_file>
      <input_file id="fl-12d">
         <path>C:\ti\ccsv7\tools\compiler\ti-cgt-arm_16.9.6.LTS\lib\</path>
         <kind>archive</kind>
         <file>rtsv7M4_T_le_v4SPD16_eabi.lib</file>
         <name>args_main.obj</name>
      </input_file>
      <input_file id="fl-12e">
         <path>C:\ti\ccsv7\tools\compiler\ti-cgt-arm_16.9.6.LTS\lib\</path>
         <kind>archive</kind>
         <file>rtsv7M4_T_le_v4SPD16_eabi.lib</file>
         <name>atoi.obj</name>
      </input_file>
      <input_file id="fl-12f">
         <path>C:\ti\ccsv7\tools\compiler\ti-cgt-arm_16.9.6.LTS\lib\</path>
         <kind>archive</kind>
         <file>rtsv7M4_T_le_v4SPD16_eabi.lib</file>
         <name>autoinit.obj</name>
      </input_file>
      <input_file id="fl-130">
         <path>C:\ti\ccsv7\tools\compiler\ti-cgt-arm_16.9.6.LTS\lib\</path>
         <kind>archive</kind>
         <file>rtsv7M4_T_le_v4SPD16_eabi.lib</file>
         <name>cpy_tbl.obj</name>
      </input_file>
      <input_file id="fl-131">
         <path>C:\ti\ccsv7\tools\compiler\ti-cgt-arm_16.9.6.LTS\lib\</path>
         <kind>archive</kind>
         <file>rtsv7M4_T_le_v4SPD16_eabi.lib</file>
         <name>ctype.obj</name>
      </input_file>
      <input_file id="fl-132">
         <path>C:\ti\ccsv7\tools\compiler\ti-cgt-arm_16.9.6.LTS\lib\</path>
         <kind>archive</kind>
         <file>rtsv7M4_T_le_v4SPD16_eabi.lib</file>
         <name>fd_cmp_t2.obj</name>
      </input_file>
      <input_file id="fl-133">
         <path>C:\ti\ccsv7\tools\compiler\ti-cgt-arm_16.9.6.LTS\lib\</path>
         <kind>archive</kind>
         <file>rtsv7M4_T_le_v4SPD16_eabi.lib</file>
         <name>fd_toi_t2.obj</name>
      </input_file>
      <input_file id="fl-134">
         <path>C:\ti\ccsv7\tools\compiler\ti-cgt-arm_16.9.6.LTS\lib\</path>
         <kind>archive</kind>
         <file>rtsv7M4_T_le_v4SPD16_eabi.lib</file>
         <name>i_tofd_t2.obj</name>
      </input_file>
      <input_file id="fl-135">
         <path>C:\ti\ccsv7\tools\compiler\ti-cgt-arm_16.9.6.LTS\lib\</path>
         <kind>archive</kind>
         <file>rtsv7M4_T_le_v4SPD16_eabi.lib</file>
         <name>ltoa.obj</name>
      </input_file>
      <input_file id="fl-136">
         <path>C:\ti\ccsv7\tools\compiler\ti-cgt-arm_16.9.6.LTS\lib\</path>
         <kind>archive</kind>
         <file>rtsv7M4_T_le_v4SPD16_eabi.lib</file>
         <name>memccpy.obj</name>
      </input_file>
      <input_file id="fl-137">
         <path>C:\ti\ccsv7\tools\compiler\ti-cgt-arm_16.9.6.LTS\lib\</path>
         <kind>archive</kind>
         <file>rtsv7M4_T_le_v4SPD16_eabi.lib</file>
         <name>s_frexp.obj</name>
      </input_file>
      <input_file id="fl-138">
         <path>C:\ti\ccsv7\tools\compiler\ti-cgt-arm_16.9.6.LTS\lib\</path>
         <kind>archive</kind>
         <file>rtsv7M4_T_le_v4SPD16_eabi.lib</file>
         <name>s_scalbn.obj</name>
      </input_file>
      <input_file id="fl-139">
         <path>C:\ti\ccsv7\tools\compiler\ti-cgt-arm_16.9.6.LTS\lib\</path>
         <kind>archive</kind>
         <file>rtsv7M4_T_le_v4SPD16_eabi.lib</file>
         <name>startup.obj</name>
      </input_file>
      <input_file id="fl-13a">
         <path>C:\ti\ccsv7\tools\compiler\ti-cgt-arm_16.9.6.LTS\lib\</path>
         <kind>archive</kind>
         <file>rtsv7M4_T_le_v4SPD16_eabi.lib</file>
         <name>strchr.obj</name>
      </input_file>
      <input_file id="fl-13b">
         <path>C:\ti\ccsv7\tools\compiler\ti-cgt-arm_16.9.6.LTS\lib\</path>
         <kind>archive</kind>
         <file>rtsv7M4_T_le_v4SPD16_eabi.lib</file>
         <name>strlen.obj</name>
      </input_file>
      <input_file id="fl-13c">
         <path>C:\ti\ccsv7\tools\compiler\ti-cgt-arm_16.9.6.LTS\lib\</path>
         <kind>archive</kind>
         <file>rtsv7M4_T_le_v4SPD16_eabi.lib</file>
         <name>ull_div_t2.obj</name>
      </input_file>
      <input_file id="fl-13d">
         <path>C:\ti\ccsv7\tools\compiler\ti-cgt-arm_16.9.6.LTS\lib\</path>
         <kind>archive</kind>
         <file>rtsv7M4_T_le_v4SPD16_eabi.lib</file>
         <name>errno.obj</name>
      </input_file>
      <input_file id="fl-13e">
         <path>C:\ti\ccsv7\tools\compiler\ti-cgt-arm_16.9.6.LTS\lib\</path>
         <kind>archive</kind>
         <file>rtsv7M4_T_le_v4SPD16_eabi.lib</file>
         <name>s_copysign.obj</name>
      </input_file>
   </input_file_list>
   <object_component_list>
      <object_component id="oc-f">
         <name>.intvecs</name>
         <load_address>0x0</load_address>
         <run_address>0x0</run_address>
         <size>0x208</size>
         <input_file_ref idref="fl-3"/>
      </object_component>
      <object_component id="oc-164">
         <name>.text</name>
         <load_address>0x208</load_address>
         <run_address>0x208</run_address>
         <size>0x113e</size>
         <input_file_ref idref="fl-12c"/>
      </object_component>
      <object_component id="oc-57">
         <name>.text</name>
         <load_address>0x1346</load_address>
         <run_address>0x1346</run_address>
         <size>0x2</size>
         <input_file_ref idref="fl-124"/>
      </object_component>
      <object_component id="oc-e8">
         <name>.text</name>
         <load_address>0x1348</load_address>
         <run_address>0x1348</run_address>
         <size>0xed8</size>
         <input_file_ref idref="fl-25"/>
      </object_component>
      <object_component id="oc-126">
         <name>.text</name>
         <load_address>0x2220</load_address>
         <run_address>0x2220</run_address>
         <size>0xdc8</size>
         <input_file_ref idref="fl-16"/>
      </object_component>
      <object_component id="oc-132">
         <name>.text</name>
         <load_address>0x2fe8</load_address>
         <run_address>0x2fe8</run_address>
         <size>0xb50</size>
         <input_file_ref idref="fl-14"/>
      </object_component>
      <object_component id="oc-d0">
         <name>.text</name>
         <load_address>0x3b38</load_address>
         <run_address>0x3b38</run_address>
         <size>0x9c4</size>
         <input_file_ref idref="fl-9"/>
      </object_component>
      <object_component id="oc-12c">
         <name>.text</name>
         <load_address>0x44fc</load_address>
         <run_address>0x44fc</run_address>
         <size>0x9bc</size>
         <input_file_ref idref="fl-1a"/>
      </object_component>
      <object_component id="oc-140">
         <name>.text</name>
         <load_address>0x4eb8</load_address>
         <run_address>0x4eb8</run_address>
         <size>0x8cc</size>
         <input_file_ref idref="fl-15"/>
      </object_component>
      <object_component id="oc-dc">
         <name>.text</name>
         <load_address>0x5784</load_address>
         <run_address>0x5784</run_address>
         <size>0x868</size>
         <input_file_ref idref="fl-f"/>
      </object_component>
      <object_component id="oc-1cb">
         <name>.text</name>
         <load_address>0x5fec</load_address>
         <run_address>0x5fec</run_address>
         <size>0x75c</size>
         <input_file_ref idref="fl-1f"/>
      </object_component>
      <object_component id="oc-180">
         <name>.text</name>
         <load_address>0x6748</load_address>
         <run_address>0x6748</run_address>
         <size>0x3c0</size>
         <input_file_ref idref="fl-5"/>
      </object_component>
      <object_component id="oc-14a">
         <name>.text</name>
         <load_address>0x6b08</load_address>
         <run_address>0x6b08</run_address>
         <size>0x316</size>
         <input_file_ref idref="fl-19"/>
      </object_component>
      <object_component id="oc-1d9">
         <name>.text</name>
         <load_address>0x6e1e</load_address>
         <run_address>0x6e1e</run_address>
         <size>0x1f4</size>
         <input_file_ref idref="fl-13c"/>
      </object_component>
      <object_component id="oc-208">
         <name>.text</name>
         <load_address>0x7012</load_address>
         <run_address>0x7012</run_address>
         <size>0x1b6</size>
         <input_file_ref idref="fl-11d"/>
      </object_component>
      <object_component id="oc-e2">
         <name>.text</name>
         <load_address>0x71c8</load_address>
         <run_address>0x71c8</run_address>
         <size>0x194</size>
         <input_file_ref idref="fl-21"/>
      </object_component>
      <object_component id="oc-1ee">
         <name>.text</name>
         <load_address>0x735c</load_address>
         <run_address>0x735c</run_address>
         <size>0x136</size>
         <input_file_ref idref="fl-11e"/>
      </object_component>
      <object_component id="oc-9f">
         <name>.text</name>
         <load_address>0x7492</load_address>
         <run_address>0x7492</run_address>
         <size>0x2</size>
         <input_file_ref idref="fl-139"/>
      </object_component>
      <object_component id="oc-a7">
         <name>.text</name>
         <load_address>0x7494</load_address>
         <run_address>0x7494</run_address>
         <size>0x12c</size>
         <input_file_ref idref="fl-2"/>
      </object_component>
      <object_component id="oc-1e9">
         <name>.text</name>
         <load_address>0x75c0</load_address>
         <run_address>0x75c0</run_address>
         <size>0xfc</size>
         <input_file_ref idref="fl-11f"/>
      </object_component>
      <object_component id="oc-213">
         <name>.text</name>
         <load_address>0x76bc</load_address>
         <run_address>0x76bc</run_address>
         <size>0xfc</size>
         <input_file_ref idref="fl-138"/>
      </object_component>
      <object_component id="oc-d6">
         <name>.text</name>
         <load_address>0x77b8</load_address>
         <run_address>0x77b8</run_address>
         <size>0xe0</size>
         <input_file_ref idref="fl-8"/>
      </object_component>
      <object_component id="oc-3f">
         <name>.text</name>
         <load_address>0x7898</load_address>
         <run_address>0x7898</run_address>
         <size>0x9c</size>
         <input_file_ref idref="fl-122"/>
      </object_component>
      <object_component id="oc-13a">
         <name>.text</name>
         <load_address>0x7934</load_address>
         <run_address>0x7934</run_address>
         <size>0x88</size>
         <input_file_ref idref="fl-6"/>
      </object_component>
      <object_component id="oc-1e4">
         <name>.text:__aeabi_cdcmple</name>
         <load_address>0x79bc</load_address>
         <run_address>0x79bc</run_address>
         <size>0x86</size>
         <input_file_ref idref="fl-132"/>
      </object_component>
      <object_component id="oc-1f3">
         <name>.text:__aeabi_cdrcmple</name>
         <load_address>0x7a42</load_address>
         <run_address>0x7a42</run_address>
         <size>0x86</size>
         <input_file_ref idref="fl-132"/>
      </object_component>
      <object_component id="oc-4b">
         <name>.text</name>
         <load_address>0x7ac8</load_address>
         <run_address>0x7ac8</run_address>
         <size>0x7a</size>
         <input_file_ref idref="fl-123"/>
      </object_component>
      <object_component id="oc-63">
         <name>.text</name>
         <load_address>0x7b44</load_address>
         <run_address>0x7b44</run_address>
         <size>0x70</size>
         <input_file_ref idref="fl-12f"/>
      </object_component>
      <object_component id="oc-12">
         <name>.text:decompress:lzss</name>
         <load_address>0x7bb4</load_address>
         <run_address>0x7bb4</run_address>
         <size>0x68</size>
         <input_file_ref idref="fl-119"/>
      </object_component>
      <object_component id="oc-20d">
         <name>.text</name>
         <load_address>0x7c1c</load_address>
         <run_address>0x7c1c</run_address>
         <size>0x64</size>
         <input_file_ref idref="fl-137"/>
      </object_component>
      <object_component id="oc-ee">
         <name>.text</name>
         <load_address>0x7c80</load_address>
         <run_address>0x7c80</run_address>
         <size>0x60</size>
         <input_file_ref idref="fl-126"/>
      </object_component>
      <object_component id="oc-24">
         <name>.text</name>
         <load_address>0x7ce0</load_address>
         <run_address>0x7ce0</run_address>
         <size>0x54</size>
         <input_file_ref idref="fl-118"/>
      </object_component>
      <object_component id="oc-6f">
         <name>.text</name>
         <load_address>0x7d34</load_address>
         <run_address>0x7d34</run_address>
         <size>0x54</size>
         <input_file_ref idref="fl-11c"/>
      </object_component>
      <object_component id="oc-1fd">
         <name>.text</name>
         <load_address>0x7d88</load_address>
         <run_address>0x7d88</run_address>
         <size>0x54</size>
         <input_file_ref idref="fl-135"/>
      </object_component>
      <object_component id="oc-21f">
         <name>.text</name>
         <load_address>0x7ddc</load_address>
         <run_address>0x7ddc</run_address>
         <size>0x4c</size>
         <input_file_ref idref="fl-12e"/>
      </object_component>
      <object_component id="oc-99">
         <name>.text</name>
         <load_address>0x7e28</load_address>
         <run_address>0x7e28</run_address>
         <size>0x4c</size>
         <input_file_ref idref="fl-130"/>
      </object_component>
      <object_component id="oc-1f8">
         <name>.text</name>
         <load_address>0x7e74</load_address>
         <run_address>0x7e74</run_address>
         <size>0x48</size>
         <input_file_ref idref="fl-133"/>
      </object_component>
      <object_component id="oc-191">
         <name>.text</name>
         <load_address>0x7ebc</load_address>
         <run_address>0x7ebc</run_address>
         <size>0x3e</size>
         <input_file_ref idref="fl-4"/>
      </object_component>
      <object_component id="oc-203">
         <name>.text</name>
         <load_address>0x7efa</load_address>
         <run_address>0x7efa</run_address>
         <size>0x2e</size>
         <input_file_ref idref="fl-134"/>
      </object_component>
      <object_component id="oc-225">
         <name>.text</name>
         <load_address>0x7f28</load_address>
         <run_address>0x7f28</run_address>
         <size>0x1c</size>
         <input_file_ref idref="fl-136"/>
      </object_component>
      <object_component id="oc-69">
         <name>.text</name>
         <load_address>0x7f44</load_address>
         <run_address>0x7f44</run_address>
         <size>0x18</size>
         <input_file_ref idref="fl-12d"/>
      </object_component>
      <object_component id="oc-219">
         <name>.text</name>
         <load_address>0x7f5c</load_address>
         <run_address>0x7f5c</run_address>
         <size>0x16</size>
         <input_file_ref idref="fl-13a"/>
      </object_component>
      <object_component id="oc-10e">
         <name>.text</name>
         <load_address>0x7f74</load_address>
         <run_address>0x7f74</run_address>
         <size>0x14</size>
         <input_file_ref idref="fl-12b"/>
      </object_component>
      <object_component id="oc-2bc">
         <name>.text</name>
         <load_address>0x7f88</load_address>
         <run_address>0x7f88</run_address>
         <size>0x14</size>
         <input_file_ref idref="fl-13e"/>
      </object_component>
      <object_component id="oc-1de">
         <name>.text</name>
         <load_address>0x7f9c</load_address>
         <run_address>0x7f9c</run_address>
         <size>0x14</size>
         <input_file_ref idref="fl-13b"/>
      </object_component>
      <object_component id="oc-18">
         <name>.text:decompress:none</name>
         <load_address>0x7fb0</load_address>
         <run_address>0x7fb0</run_address>
         <size>0xe</size>
         <input_file_ref idref="fl-11a"/>
      </object_component>
      <object_component id="oc-1e">
         <name>.text:decompress:ZI</name>
         <load_address>0x7fbe</load_address>
         <run_address>0x7fbe</run_address>
         <size>0xc</size>
         <input_file_ref idref="fl-11b"/>
      </object_component>
      <object_component id="oc-2b">
         <name>.text</name>
         <load_address>0x7fca</load_address>
         <run_address>0x7fca</run_address>
         <size>0xc</size>
         <input_file_ref idref="fl-3"/>
      </object_component>
      <object_component id="oc-5d">
         <name>.text</name>
         <load_address>0x7fd6</load_address>
         <run_address>0x7fd6</run_address>
         <size>0x4</size>
         <input_file_ref idref="fl-125"/>
      </object_component>
      <object_component id="oc-177">
         <name>.const:.string:g_pui8Cmss48Data</name>
         <load_address>0x7fdc</load_address>
         <run_address>0x7fdc</run_address>
         <size>0x1686</size>
         <input_file_ref idref="fl-5c"/>
      </object_component>
      <object_component id="oc-19a">
         <name>.const:g_pppui32XTALtoVCO</name>
         <load_address>0x9664</load_address>
         <run_address>0x9664</run_address>
         <size>0x120</size>
         <input_file_ref idref="fl-1a"/>
      </object_component>
      <object_component id="oc-2c9">
         <name>.const:.string:_ctypes_</name>
         <load_address>0x9784</load_address>
         <run_address>0x9784</run_address>
         <size>0x101</size>
         <input_file_ref idref="fl-131"/>
      </object_component>
      <object_component id="oc-298">
         <name>.const:g_pui16WIN1250_Unicode</name>
         <load_address>0x9886</load_address>
         <run_address>0x9886</run_address>
         <size>0x100</size>
         <input_file_ref idref="fl-1f"/>
      </object_component>
      <object_component id="oc-fd">
         <name>.const:g_sFontCmss48</name>
         <load_address>0x9988</load_address>
         <run_address>0x9988</run_address>
         <size>0xc8</size>
         <input_file_ref idref="fl-5c"/>
      </object_component>
      <object_component id="oc-28c">
         <name>.const:g_pui16ISO8859_10_Unicode</name>
         <load_address>0x9a50</load_address>
         <run_address>0x9a50</run_address>
         <size>0xbe</size>
         <input_file_ref idref="fl-1f"/>
      </object_component>
      <object_component id="oc-28f">
         <name>.const:g_pui16ISO8859_13_Unicode</name>
         <load_address>0x9b0e</load_address>
         <run_address>0x9b0e</run_address>
         <size>0xbe</size>
         <input_file_ref idref="fl-1f"/>
      </object_component>
      <object_component id="oc-295">
         <name>.const:g_pui16ISO8859_16_Unicode</name>
         <load_address>0x9bcc</load_address>
         <run_address>0x9bcc</run_address>
         <size>0xbe</size>
         <input_file_ref idref="fl-1f"/>
      </object_component>
      <object_component id="oc-280">
         <name>.const:g_pui16ISO8859_2_Unicode</name>
         <load_address>0x9c8a</load_address>
         <run_address>0x9c8a</run_address>
         <size>0xbe</size>
         <input_file_ref idref="fl-1f"/>
      </object_component>
      <object_component id="oc-283">
         <name>.const:g_pui16ISO8859_3_Unicode</name>
         <load_address>0x9d48</load_address>
         <run_address>0x9d48</run_address>
         <size>0xbe</size>
         <input_file_ref idref="fl-1f"/>
      </object_component>
      <object_component id="oc-286">
         <name>.const:g_pui16ISO8859_4_Unicode</name>
         <load_address>0x9e06</load_address>
         <run_address>0x9e06</run_address>
         <size>0xbe</size>
         <input_file_ref idref="fl-1f"/>
      </object_component>
      <object_component id="oc-1a2">
         <name>.const:g_ppui32GPIOIntMapSnowflake</name>
         <load_address>0x9ec4</load_address>
         <run_address>0x9ec4</run_address>
         <size>0x90</size>
         <input_file_ref idref="fl-14"/>
      </object_component>
      <object_component id="oc-24e">
         <name>.const:g_pui32Regs</name>
         <load_address>0x9f54</load_address>
         <run_address>0x9f54</run_address>
         <size>0x84</size>
         <input_file_ref idref="fl-5"/>
      </object_component>
      <object_component id="oc-29b">
         <name>.const:g_pui16WIN1251_Unicode</name>
         <load_address>0x9fd8</load_address>
         <run_address>0x9fd8</run_address>
         <size>0x80</size>
         <input_file_ref idref="fl-1f"/>
      </object_component>
      <object_component id="oc-2a1">
         <name>.const:g_pui16WIN1253_Unicode</name>
         <load_address>0xa058</load_address>
         <run_address>0xa058</run_address>
         <size>0x80</size>
         <input_file_ref idref="fl-1f"/>
      </object_component>
      <object_component id="oc-197">
         <name>.const:g_pui32Xtals</name>
         <load_address>0xa0d8</load_address>
         <run_address>0xa0d8</run_address>
         <size>0x6c</size>
         <input_file_ref idref="fl-1a"/>
      </object_component>
      <object_component id="oc-186">
         <name>.const:g_ppui32I2CIntMapSnowflake</name>
         <load_address>0xa144</load_address>
         <run_address>0xa144</run_address>
         <size>0x50</size>
         <input_file_ref idref="fl-16"/>
      </object_component>
      <object_component id="oc-1a8">
         <name>.const:g_pui32GPIOBaseAddrs</name>
         <load_address>0xa194</load_address>
         <run_address>0xa194</run_address>
         <size>0x48</size>
         <input_file_ref idref="fl-14"/>
      </object_component>
      <object_component id="oc-29e">
         <name>.const:g_pui16WIN1252_Unicode</name>
         <load_address>0xa1dc</load_address>
         <run_address>0xa1dc</run_address>
         <size>0x40</size>
         <input_file_ref idref="fl-1f"/>
      </object_component>
      <object_component id="oc-2a4">
         <name>.const:g_pui16WIN1254_Unicode</name>
         <load_address>0xa21c</load_address>
         <run_address>0xa21c</run_address>
         <size>0x40</size>
         <input_file_ref idref="fl-1f"/>
      </object_component>
      <object_component id="oc-292">
         <name>.const:g_pui16ISO8859_14_Unicode</name>
         <load_address>0xa25c</load_address>
         <run_address>0xa25c</run_address>
         <size>0x3e</size>
         <input_file_ref idref="fl-1f"/>
      </object_component>
      <object_component id="oc-289">
         <name>.const:g_pui16ISO8859_7_Unicode</name>
         <load_address>0xa29a</load_address>
         <run_address>0xa29a</run_address>
         <size>0x3a</size>
         <input_file_ref idref="fl-1f"/>
      </object_component>
      <object_component id="oc-18e">
         <name>.const:g_sXTALtoMEMTIM</name>
         <load_address>0xa2d4</load_address>
         <run_address>0xa2d4</run_address>
         <size>0x30</size>
         <input_file_ref idref="fl-1a"/>
      </object_component>
      <object_component id="oc-fa">
         <name>.const:g_sST7789</name>
         <load_address>0xa304</load_address>
         <run_address>0xa304</run_address>
         <size>0x28</size>
         <input_file_ref idref="fl-f"/>
      </object_component>
      <object_component id="oc-1bf">
         <name>.const:g_ppui32SSIIntMapSnowflake</name>
         <load_address>0xa32c</load_address>
         <run_address>0xa32c</run_address>
         <size>0x20</size>
         <input_file_ref idref="fl-19"/>
      </object_component>
      <object_component id="oc-251">
         <name>.const:g_pui32Priority</name>
         <load_address>0xa34c</load_address>
         <run_address>0xa34c</run_address>
         <size>0x20</size>
         <input_file_ref idref="fl-5"/>
      </object_component>
      <object_component id="oc-15a">
         <name>.const:g_psDefaultCodePointMapTable</name>
         <load_address>0xa36c</load_address>
         <run_address>0xa36c</run_address>
         <size>0x10</size>
         <input_file_ref idref="fl-21"/>
      </object_component>
      <object_component id="oc-242">
         <name>.const:g_pui32Dii16Regs</name>
         <load_address>0xa37c</load_address>
         <run_address>0xa37c</run_address>
         <size>0x10</size>
         <input_file_ref idref="fl-5"/>
      </object_component>
      <object_component id="oc-245">
         <name>.const:g_pui32EnRegs</name>
         <load_address>0xa38c</load_address>
         <run_address>0xa38c</run_address>
         <size>0x10</size>
         <input_file_ref idref="fl-5"/>
      </object_component>
      <object_component id="oc-24b">
         <name>.const:g_pui32PendRegs</name>
         <load_address>0xa39c</load_address>
         <run_address>0xa39c</run_address>
         <size>0x10</size>
         <input_file_ref idref="fl-5"/>
      </object_component>
      <object_component id="oc-248">
         <name>.const:g_pui32UnpendRegs</name>
         <load_address>0xa3ac</load_address>
         <run_address>0xa3ac</run_address>
         <size>0x10</size>
         <input_file_ref idref="fl-5"/>
      </object_component>
      <object_component id="oc-19d">
         <name>.const:g_pui32VCOFrequencies</name>
         <load_address>0xa3bc</load_address>
         <run_address>0xa3bc</run_address>
         <size>0x8</size>
         <input_file_ref idref="fl-1a"/>
      </object_component>
      <object_component id="oc-1a5">
         <name>.const</name>
         <load_address>0xa3c4</load_address>
         <run_address>0xa3c4</run_address>
         <size>0x4</size>
         <input_file_ref idref="fl-14"/>
      </object_component>
      <object_component id="oc-189">
         <name>.const</name>
         <load_address>0xa3c8</load_address>
         <run_address>0xa3c8</run_address>
         <size>0x4</size>
         <input_file_ref idref="fl-16"/>
      </object_component>
      <object_component id="oc-1c2">
         <name>.const</name>
         <load_address>0xa3cc</load_address>
         <run_address>0xa3cc</run_address>
         <size>0x4</size>
         <input_file_ref idref="fl-19"/>
      </object_component>
      <object_component id="oc-33b">
         <name>.cinit..data.load</name>
         <load_address>0xa3d0</load_address>
         <run_address>0xa3d0</run_address>
         <size>0x11</size>
      </object_component>
      <object_component id="oc-338">
         <name>__TI_handler_table</name>
         <load_address>0xa3e4</load_address>
         <run_address>0xa3e4</run_address>
         <size>0xc</size>
      </object_component>
      <object_component id="oc-33c">
         <name>.cinit..bss.load</name>
         <load_address>0xa3f0</load_address>
         <run_address>0xa3f0</run_address>
         <size>0x8</size>
      </object_component>
      <object_component id="oc-33a">
         <name>.cinit..vtable.load</name>
         <load_address>0xa3f8</load_address>
         <run_address>0xa3f8</run_address>
         <size>0x8</size>
      </object_component>
      <object_component id="oc-339">
         <name>__TI_cinit_table</name>
         <load_address>0xa400</load_address>
         <run_address>0xa400</run_address>
         <size>0x18</size>
      </object_component>
      <object_component id="oc-254">
         <name>.vtable</name>
         <uninitialized>true</uninitialized>
         <run_address>0x20000000</run_address>
         <size>0x208</size>
         <input_file_ref idref="fl-5"/>
      </object_component>
      <object_component id="oc-f4">
         <name>.data</name>
         <load_address>0x20000688</load_address>
         <run_address>0x20000688</run_address>
         <size>0x1</size>
         <input_file_ref idref="fl-2"/>
      </object_component>
      <object_component id="oc-af">
         <name>.data:$O1$$</name>
         <load_address>0x2000066c</load_address>
         <run_address>0x2000066c</run_address>
         <size>0xc</size>
         <input_file_ref idref="fl-11c"/>
      </object_component>
      <object_component id="oc-75">
         <name>.data</name>
         <load_address>0x20000684</load_address>
         <run_address>0x20000684</run_address>
         <size>0x4</size>
         <input_file_ref idref="fl-127"/>
      </object_component>
      <object_component id="oc-b2">
         <name>.data:$O1$$</name>
         <load_address>0x20000678</load_address>
         <run_address>0x20000678</run_address>
         <size>0x8</size>
         <input_file_ref idref="fl-12b"/>
      </object_component>
      <object_component id="oc-2c2">
         <name>.data</name>
         <load_address>0x20000680</load_address>
         <run_address>0x20000680</run_address>
         <size>0x4</size>
         <input_file_ref idref="fl-13d"/>
      </object_component>
      <object_component id="oc-157">
         <name>.bss</name>
         <uninitialized>true</uninitialized>
         <run_address>0x20000664</run_address>
         <size>0x4</size>
         <input_file_ref idref="fl-21"/>
      </object_component>
      <object_component id="oc-15f">
         <name>.bss</name>
         <uninitialized>true</uninitialized>
         <run_address>0x20000634</run_address>
         <size>0x12</size>
         <input_file_ref idref="fl-25"/>
      </object_component>
      <object_component id="oc-146">
         <name>.common:SysTickInterruptFlag</name>
         <uninitialized>true</uninitialized>
         <run_address>0x20000662</run_address>
         <size>0x1</size>
      </object_component>
      <object_component id="oc-f7">
         <name>.common:sContext</name>
         <uninitialized>true</uninitialized>
         <run_address>0x20000608</run_address>
         <size>0x2c</size>
      </object_component>
      <object_component id="oc-100">
         <name>.common:ui16XPosition</name>
         <uninitialized>true</uninitialized>
         <run_address>0x20000652</run_address>
         <size>0x8</size>
      </object_component>
      <object_component id="oc-101">
         <name>.common:ui16YPosition</name>
         <uninitialized>true</uninitialized>
         <run_address>0x2000065a</run_address>
         <size>0x8</size>
      </object_component>
      <object_component id="oc-102">
         <name>.common:ui8Pressure</name>
         <uninitialized>true</uninitialized>
         <run_address>0x20000668</run_address>
         <size>0x4</size>
      </object_component>
      <object_component id="oc-103">
         <name>.common:uc8TempCoordinate</name>
         <uninitialized>true</uninitialized>
         <run_address>0x20000646</run_address>
         <size>0xc</size>
      </object_component>
      <object_component id="oc-2a">
         <name>.stack</name>
         <uninitialized>true</uninitialized>
         <run_address>0x20000208</run_address>
         <size>0x0</size>
         <input_file_ref idref="fl-118"/>
      </object_component>
      <object_component id="oc-33d">
         <name>.stack</name>
         <uninitialized>true</uninitialized>
         <run_address>0x20000208</run_address>
         <size>0x0</size>
      </object_component>
      <object_component id="oc-f8">
         <name>.debug_info</name>
         <load_address>0x0</load_address>
         <run_address>0x0</run_address>
         <size>0x81b</size>
         <input_file_ref idref="fl-2"/>
      </object_component>
      <object_component id="oc-f5">
         <name>.debug_info</name>
         <load_address>0x81b</load_address>
         <run_address>0x81b</run_address>
         <size>0xd5</size>
         <input_file_ref idref="fl-2"/>
      </object_component>
      <object_component id="oc-a8">
         <name>.debug_info</name>
         <load_address>0x8f0</load_address>
         <run_address>0x8f0</run_address>
         <size>0x296</size>
         <input_file_ref idref="fl-2"/>
      </object_component>
      <object_component id="oc-151">
         <name>.debug_info</name>
         <load_address>0xb86</load_address>
         <run_address>0xb86</run_address>
         <size>0x6bd</size>
         <input_file_ref idref="fl-2"/>
      </object_component>
      <object_component id="oc-ba">
         <name>.debug_info</name>
         <load_address>0x1243</load_address>
         <run_address>0x1243</run_address>
         <size>0x8b</size>
         <input_file_ref idref="fl-2"/>
      </object_component>
      <object_component id="oc-7c">
         <name>.debug_info</name>
         <load_address>0x12ce</load_address>
         <run_address>0x12ce</run_address>
         <size>0x18b</size>
         <input_file_ref idref="fl-2"/>
      </object_component>
      <object_component id="oc-16c">
         <name>.debug_info</name>
         <load_address>0x1459</load_address>
         <run_address>0x1459</run_address>
         <size>0x4e</size>
         <input_file_ref idref="fl-2"/>
      </object_component>
      <object_component id="oc-33">
         <name>.debug_info</name>
         <load_address>0x14a7</load_address>
         <run_address>0x14a7</run_address>
         <size>0x299</size>
         <input_file_ref idref="fl-3"/>
      </object_component>
      <object_component id="oc-10">
         <name>.debug_info</name>
         <load_address>0x1740</load_address>
         <run_address>0x1740</run_address>
         <size>0xea</size>
         <input_file_ref idref="fl-3"/>
      </object_component>
      <object_component id="oc-2c">
         <name>.debug_info</name>
         <load_address>0x182a</load_address>
         <run_address>0x182a</run_address>
         <size>0x269</size>
         <input_file_ref idref="fl-3"/>
      </object_component>
      <object_component id="oc-3a">
         <name>.debug_info</name>
         <load_address>0x1a93</load_address>
         <run_address>0x1a93</run_address>
         <size>0x84</size>
         <input_file_ref idref="fl-3"/>
      </object_component>
      <object_component id="oc-192">
         <name>.debug_info</name>
         <load_address>0x1b17</load_address>
         <run_address>0x1b17</run_address>
         <size>0x3ac</size>
         <input_file_ref idref="fl-4"/>
      </object_component>
      <object_component id="oc-258">
         <name>.debug_info</name>
         <load_address>0x1ec3</load_address>
         <run_address>0x1ec3</run_address>
         <size>0x32f</size>
         <input_file_ref idref="fl-5"/>
      </object_component>
      <object_component id="oc-243">
         <name>.debug_info</name>
         <load_address>0x21f2</load_address>
         <run_address>0x21f2</run_address>
         <size>0xf5</size>
         <input_file_ref idref="fl-5"/>
      </object_component>
      <object_component id="oc-246">
         <name>.debug_info</name>
         <load_address>0x22e7</load_address>
         <run_address>0x22e7</run_address>
         <size>0xef</size>
         <input_file_ref idref="fl-5"/>
      </object_component>
      <object_component id="oc-249">
         <name>.debug_info</name>
         <load_address>0x23d6</load_address>
         <run_address>0x23d6</run_address>
         <size>0xf7</size>
         <input_file_ref idref="fl-5"/>
      </object_component>
      <object_component id="oc-24c">
         <name>.debug_info</name>
         <load_address>0x24cd</load_address>
         <run_address>0x24cd</run_address>
         <size>0xf3</size>
         <input_file_ref idref="fl-5"/>
      </object_component>
      <object_component id="oc-24f">
         <name>.debug_info</name>
         <load_address>0x25c0</load_address>
         <run_address>0x25c0</run_address>
         <size>0xeb</size>
         <input_file_ref idref="fl-5"/>
      </object_component>
      <object_component id="oc-252">
         <name>.debug_info</name>
         <load_address>0x26ab</load_address>
         <run_address>0x26ab</run_address>
         <size>0xf3</size>
         <input_file_ref idref="fl-5"/>
      </object_component>
      <object_component id="oc-255">
         <name>.debug_info</name>
         <load_address>0x279e</load_address>
         <run_address>0x279e</run_address>
         <size>0xf4</size>
         <input_file_ref idref="fl-5"/>
      </object_component>
      <object_component id="oc-182">
         <name>.debug_info</name>
         <load_address>0x2892</load_address>
         <run_address>0x2892</run_address>
         <size>0xe49</size>
         <input_file_ref idref="fl-5"/>
      </object_component>
      <object_component id="oc-1b5">
         <name>.debug_info</name>
         <load_address>0x36db</load_address>
         <run_address>0x36db</run_address>
         <size>0x2c0</size>
         <input_file_ref idref="fl-6"/>
      </object_component>
      <object_component id="oc-13b">
         <name>.debug_info</name>
         <load_address>0x399b</load_address>
         <run_address>0x399b</run_address>
         <size>0x5fa</size>
         <input_file_ref idref="fl-6"/>
      </object_component>
      <object_component id="oc-147">
         <name>.debug_info</name>
         <load_address>0x3f95</load_address>
         <run_address>0x3f95</run_address>
         <size>0x62e</size>
         <input_file_ref idref="fl-8"/>
      </object_component>
      <object_component id="oc-d8">
         <name>.debug_info</name>
         <load_address>0x45c3</load_address>
         <run_address>0x45c3</run_address>
         <size>0x8e3</size>
         <input_file_ref idref="fl-8"/>
      </object_component>
      <object_component id="oc-1ba">
         <name>.debug_info</name>
         <load_address>0x4ea6</load_address>
         <run_address>0x4ea6</run_address>
         <size>0x196</size>
         <input_file_ref idref="fl-8"/>
      </object_component>
      <object_component id="oc-139">
         <name>.debug_info</name>
         <load_address>0x503c</load_address>
         <run_address>0x503c</run_address>
         <size>0x713</size>
         <input_file_ref idref="fl-9"/>
      </object_component>
      <object_component id="oc-d1">
         <name>.debug_info</name>
         <load_address>0x574f</load_address>
         <run_address>0x574f</run_address>
         <size>0x2134</size>
         <input_file_ref idref="fl-9"/>
      </object_component>
      <object_component id="oc-1af">
         <name>.debug_info</name>
         <load_address>0x7883</load_address>
         <run_address>0x7883</run_address>
         <size>0x19b</size>
         <input_file_ref idref="fl-9"/>
      </object_component>
      <object_component id="oc-90">
         <name>.debug_info</name>
         <load_address>0x7a1e</load_address>
         <run_address>0x7a1e</run_address>
         <size>0x2c</size>
         <input_file_ref idref="fl-b"/>
      </object_component>
      <object_component id="oc-156">
         <name>.debug_info</name>
         <load_address>0x7a4a</load_address>
         <run_address>0x7a4a</run_address>
         <size>0x6a9</size>
         <input_file_ref idref="fl-f"/>
      </object_component>
      <object_component id="oc-fb">
         <name>.debug_info</name>
         <load_address>0x80f3</load_address>
         <run_address>0x80f3</run_address>
         <size>0xeb</size>
         <input_file_ref idref="fl-f"/>
      </object_component>
      <object_component id="oc-dd">
         <name>.debug_info</name>
         <load_address>0x81de</load_address>
         <run_address>0x81de</run_address>
         <size>0x1f2a</size>
         <input_file_ref idref="fl-f"/>
      </object_component>
      <object_component id="oc-1ac">
         <name>.debug_info</name>
         <load_address>0xa108</load_address>
         <run_address>0xa108</run_address>
         <size>0x351</size>
         <input_file_ref idref="fl-14"/>
      </object_component>
      <object_component id="oc-1a3">
         <name>.debug_info</name>
         <load_address>0xa459</load_address>
         <run_address>0xa459</run_address>
         <size>0x10c</size>
         <input_file_ref idref="fl-14"/>
      </object_component>
      <object_component id="oc-1a6">
         <name>.debug_info</name>
         <load_address>0xa565</load_address>
         <run_address>0xa565</run_address>
         <size>0x110</size>
         <input_file_ref idref="fl-14"/>
      </object_component>
      <object_component id="oc-1a9">
         <name>.debug_info</name>
         <load_address>0xa675</load_address>
         <run_address>0xa675</run_address>
         <size>0xfe</size>
         <input_file_ref idref="fl-14"/>
      </object_component>
      <object_component id="oc-134">
         <name>.debug_info</name>
         <load_address>0xa773</load_address>
         <run_address>0xa773</run_address>
         <size>0x37b6</size>
         <input_file_ref idref="fl-14"/>
      </object_component>
      <object_component id="oc-1b7">
         <name>.debug_info</name>
         <load_address>0xdf29</load_address>
         <run_address>0xdf29</run_address>
         <size>0x32e</size>
         <input_file_ref idref="fl-15"/>
      </object_component>
      <object_component id="oc-143">
         <name>.debug_info</name>
         <load_address>0xe257</load_address>
         <run_address>0xe257</run_address>
         <size>0x3370</size>
         <input_file_ref idref="fl-15"/>
      </object_component>
      <object_component id="oc-18d">
         <name>.debug_info</name>
         <load_address>0x115c7</load_address>
         <run_address>0x115c7</run_address>
         <size>0x3db</size>
         <input_file_ref idref="fl-16"/>
      </object_component>
      <object_component id="oc-187">
         <name>.debug_info</name>
         <load_address>0x119a2</load_address>
         <run_address>0x119a2</run_address>
         <size>0x109</size>
         <input_file_ref idref="fl-16"/>
      </object_component>
      <object_component id="oc-18a">
         <name>.debug_info</name>
         <load_address>0x11aab</load_address>
         <run_address>0x11aab</run_address>
         <size>0x109</size>
         <input_file_ref idref="fl-16"/>
      </object_component>
      <object_component id="oc-127">
         <name>.debug_info</name>
         <load_address>0x11bb4</load_address>
         <run_address>0x11bb4</run_address>
         <size>0x4a3a</size>
         <input_file_ref idref="fl-16"/>
      </object_component>
      <object_component id="oc-1c6">
         <name>.debug_info</name>
         <load_address>0x165ee</load_address>
         <run_address>0x165ee</run_address>
         <size>0x342</size>
         <input_file_ref idref="fl-19"/>
      </object_component>
      <object_component id="oc-1c0">
         <name>.debug_info</name>
         <load_address>0x16930</load_address>
         <run_address>0x16930</run_address>
         <size>0x109</size>
         <input_file_ref idref="fl-19"/>
      </object_component>
      <object_component id="oc-1c3">
         <name>.debug_info</name>
         <load_address>0x16a39</load_address>
         <run_address>0x16a39</run_address>
         <size>0x10b</size>
         <input_file_ref idref="fl-19"/>
      </object_component>
      <object_component id="oc-14e">
         <name>.debug_info</name>
         <load_address>0x16b44</load_address>
         <run_address>0x16b44</run_address>
         <size>0x182c</size>
         <input_file_ref idref="fl-19"/>
      </object_component>
      <object_component id="oc-1a1">
         <name>.debug_info</name>
         <load_address>0x18370</load_address>
         <run_address>0x18370</run_address>
         <size>0x381</size>
         <input_file_ref idref="fl-1a"/>
      </object_component>
      <object_component id="oc-198">
         <name>.debug_info</name>
         <load_address>0x186f1</load_address>
         <run_address>0x186f1</run_address>
         <size>0xf0</size>
         <input_file_ref idref="fl-1a"/>
      </object_component>
      <object_component id="oc-18f">
         <name>.debug_info</name>
         <load_address>0x187e1</load_address>
         <run_address>0x187e1</run_address>
         <size>0xf6</size>
         <input_file_ref idref="fl-1a"/>
      </object_component>
      <object_component id="oc-19b">
         <name>.debug_info</name>
         <load_address>0x188d7</load_address>
         <run_address>0x188d7</run_address>
         <size>0xfc</size>
         <input_file_ref idref="fl-1a"/>
      </object_component>
      <object_component id="oc-19e">
         <name>.debug_info</name>
         <load_address>0x189d3</load_address>
         <run_address>0x189d3</run_address>
         <size>0x102</size>
         <input_file_ref idref="fl-1a"/>
      </object_component>
      <object_component id="oc-12e">
         <name>.debug_info</name>
         <load_address>0x18ad5</load_address>
         <run_address>0x18ad5</run_address>
         <size>0x26be</size>
         <input_file_ref idref="fl-1a"/>
      </object_component>
      <object_component id="oc-26a">
         <name>.debug_info</name>
         <load_address>0x1b193</load_address>
         <run_address>0x1b193</run_address>
         <size>0x51</size>
         <input_file_ref idref="fl-1a"/>
      </object_component>
      <object_component id="oc-2a8">
         <name>.debug_info</name>
         <load_address>0x1b1e4</load_address>
         <run_address>0x1b1e4</run_address>
         <size>0x4ee</size>
         <input_file_ref idref="fl-1f"/>
      </object_component>
      <object_component id="oc-281">
         <name>.debug_info</name>
         <load_address>0x1b6d2</load_address>
         <run_address>0x1b6d2</run_address>
         <size>0x100</size>
         <input_file_ref idref="fl-1f"/>
      </object_component>
      <object_component id="oc-284">
         <name>.debug_info</name>
         <load_address>0x1b7d2</load_address>
         <run_address>0x1b7d2</run_address>
         <size>0x100</size>
         <input_file_ref idref="fl-1f"/>
      </object_component>
      <object_component id="oc-287">
         <name>.debug_info</name>
         <load_address>0x1b8d2</load_address>
         <run_address>0x1b8d2</run_address>
         <size>0x100</size>
         <input_file_ref idref="fl-1f"/>
      </object_component>
      <object_component id="oc-28a">
         <name>.debug_info</name>
         <load_address>0x1b9d2</load_address>
         <run_address>0x1b9d2</run_address>
         <size>0x100</size>
         <input_file_ref idref="fl-1f"/>
      </object_component>
      <object_component id="oc-28d">
         <name>.debug_info</name>
         <load_address>0x1bad2</load_address>
         <run_address>0x1bad2</run_address>
         <size>0x102</size>
         <input_file_ref idref="fl-1f"/>
      </object_component>
      <object_component id="oc-290">
         <name>.debug_info</name>
         <load_address>0x1bbd4</load_address>
         <run_address>0x1bbd4</run_address>
         <size>0x102</size>
         <input_file_ref idref="fl-1f"/>
      </object_component>
      <object_component id="oc-293">
         <name>.debug_info</name>
         <load_address>0x1bcd6</load_address>
         <run_address>0x1bcd6</run_address>
         <size>0x102</size>
         <input_file_ref idref="fl-1f"/>
      </object_component>
      <object_component id="oc-296">
         <name>.debug_info</name>
         <load_address>0x1bdd8</load_address>
         <run_address>0x1bdd8</run_address>
         <size>0x102</size>
         <input_file_ref idref="fl-1f"/>
      </object_component>
      <object_component id="oc-299">
         <name>.debug_info</name>
         <load_address>0x1beda</load_address>
         <run_address>0x1beda</run_address>
         <size>0xfc</size>
         <input_file_ref idref="fl-1f"/>
      </object_component>
      <object_component id="oc-29c">
         <name>.debug_info</name>
         <load_address>0x1bfd6</load_address>
         <run_address>0x1bfd6</run_address>
         <size>0xfc</size>
         <input_file_ref idref="fl-1f"/>
      </object_component>
      <object_component id="oc-29f">
         <name>.debug_info</name>
         <load_address>0x1c0d2</load_address>
         <run_address>0x1c0d2</run_address>
         <size>0xfd</size>
         <input_file_ref idref="fl-1f"/>
      </object_component>
      <object_component id="oc-2a2">
         <name>.debug_info</name>
         <load_address>0x1c1cf</load_address>
         <run_address>0x1c1cf</run_address>
         <size>0xfd</size>
         <input_file_ref idref="fl-1f"/>
      </object_component>
      <object_component id="oc-2a5">
         <name>.debug_info</name>
         <load_address>0x1c2cc</load_address>
         <run_address>0x1c2cc</run_address>
         <size>0xfd</size>
         <input_file_ref idref="fl-1f"/>
      </object_component>
      <object_component id="oc-1cc">
         <name>.debug_info</name>
         <load_address>0x1c3c9</load_address>
         <run_address>0x1c3c9</run_address>
         <size>0x1f9b</size>
         <input_file_ref idref="fl-1f"/>
      </object_component>
      <object_component id="oc-15e">
         <name>.debug_info</name>
         <load_address>0x1e364</load_address>
         <run_address>0x1e364</run_address>
         <size>0x553</size>
         <input_file_ref idref="fl-21"/>
      </object_component>
      <object_component id="oc-158">
         <name>.debug_info</name>
         <load_address>0x1e8b7</load_address>
         <run_address>0x1e8b7</run_address>
         <size>0xf1</size>
         <input_file_ref idref="fl-21"/>
      </object_component>
      <object_component id="oc-15b">
         <name>.debug_info</name>
         <load_address>0x1e9a8</load_address>
         <run_address>0x1e9a8</run_address>
         <size>0x108</size>
         <input_file_ref idref="fl-21"/>
      </object_component>
      <object_component id="oc-e5">
         <name>.debug_info</name>
         <load_address>0x1eab0</load_address>
         <run_address>0x1eab0</run_address>
         <size>0x355</size>
         <input_file_ref idref="fl-21"/>
      </object_component>
      <object_component id="oc-163">
         <name>.debug_info</name>
         <load_address>0x1ee05</load_address>
         <run_address>0x1ee05</run_address>
         <size>0x501</size>
         <input_file_ref idref="fl-25"/>
      </object_component>
      <object_component id="oc-160">
         <name>.debug_info</name>
         <load_address>0x1f306</load_address>
         <run_address>0x1f306</run_address>
         <size>0x1f0</size>
         <input_file_ref idref="fl-25"/>
      </object_component>
      <object_component id="oc-ea">
         <name>.debug_info</name>
         <load_address>0x1f4f6</load_address>
         <run_address>0x1f4f6</run_address>
         <size>0x21b4</size>
         <input_file_ref idref="fl-25"/>
      </object_component>
      <object_component id="oc-17c">
         <name>.debug_info</name>
         <load_address>0x216aa</load_address>
         <run_address>0x216aa</run_address>
         <size>0x2fb</size>
         <input_file_ref idref="fl-5c"/>
      </object_component>
      <object_component id="oc-178">
         <name>.debug_info</name>
         <load_address>0x219a5</load_address>
         <run_address>0x219a5</run_address>
         <size>0xf8</size>
         <input_file_ref idref="fl-5c"/>
      </object_component>
      <object_component id="oc-fe">
         <name>.debug_info</name>
         <load_address>0x21a9d</load_address>
         <run_address>0x21a9d</run_address>
         <size>0xf4</size>
         <input_file_ref idref="fl-5c"/>
      </object_component>
      <object_component id="oc-27">
         <name>.debug_info</name>
         <load_address>0x21b91</load_address>
         <run_address>0x21b91</run_address>
         <size>0x160</size>
         <input_file_ref idref="fl-118"/>
      </object_component>
      <object_component id="oc-86">
         <name>.debug_info</name>
         <load_address>0x21cf1</load_address>
         <run_address>0x21cf1</run_address>
         <size>0x293</size>
         <input_file_ref idref="fl-119"/>
      </object_component>
      <object_component id="oc-16">
         <name>.debug_info</name>
         <load_address>0x21f84</load_address>
         <run_address>0x21f84</run_address>
         <size>0x245</size>
         <input_file_ref idref="fl-119"/>
      </object_component>
      <object_component id="oc-35">
         <name>.debug_info</name>
         <load_address>0x221c9</load_address>
         <run_address>0x221c9</run_address>
         <size>0x60</size>
         <input_file_ref idref="fl-119"/>
      </object_component>
      <object_component id="oc-81">
         <name>.debug_info</name>
         <load_address>0x22229</load_address>
         <run_address>0x22229</run_address>
         <size>0x46</size>
         <input_file_ref idref="fl-119"/>
      </object_component>
      <object_component id="oc-4a">
         <name>.debug_info</name>
         <load_address>0x2226f</load_address>
         <run_address>0x2226f</run_address>
         <size>0x2da</size>
         <input_file_ref idref="fl-11a"/>
      </object_component>
      <object_component id="oc-1b">
         <name>.debug_info</name>
         <load_address>0x22549</load_address>
         <run_address>0x22549</run_address>
         <size>0x1df</size>
         <input_file_ref idref="fl-11a"/>
      </object_component>
      <object_component id="oc-45">
         <name>.debug_info</name>
         <load_address>0x22728</load_address>
         <run_address>0x22728</run_address>
         <size>0x46</size>
         <input_file_ref idref="fl-11a"/>
      </object_component>
      <object_component id="oc-88">
         <name>.debug_info</name>
         <load_address>0x2276e</load_address>
         <run_address>0x2276e</run_address>
         <size>0x2c</size>
         <input_file_ref idref="fl-11a"/>
      </object_component>
      <object_component id="oc-56">
         <name>.debug_info</name>
         <load_address>0x2279a</load_address>
         <run_address>0x2279a</run_address>
         <size>0x2c9</size>
         <input_file_ref idref="fl-11b"/>
      </object_component>
      <object_component id="oc-1f">
         <name>.debug_info</name>
         <load_address>0x22a63</load_address>
         <run_address>0x22a63</run_address>
         <size>0x1aa</size>
         <input_file_ref idref="fl-11b"/>
      </object_component>
      <object_component id="oc-51">
         <name>.debug_info</name>
         <load_address>0x22c0d</load_address>
         <run_address>0x22c0d</run_address>
         <size>0x46</size>
         <input_file_ref idref="fl-11b"/>
      </object_component>
      <object_component id="oc-b6">
         <name>.debug_info</name>
         <load_address>0x22c53</load_address>
         <run_address>0x22c53</run_address>
         <size>0x3ce</size>
         <input_file_ref idref="fl-11c"/>
      </object_component>
      <object_component id="oc-b0">
         <name>.debug_info</name>
         <load_address>0x23021</load_address>
         <run_address>0x23021</run_address>
         <size>0x185</size>
         <input_file_ref idref="fl-11c"/>
      </object_component>
      <object_component id="oc-71">
         <name>.debug_info</name>
         <load_address>0x231a6</load_address>
         <run_address>0x231a6</run_address>
         <size>0x214</size>
         <input_file_ref idref="fl-11c"/>
      </object_component>
      <object_component id="oc-209">
         <name>.debug_info</name>
         <load_address>0x233ba</load_address>
         <run_address>0x233ba</run_address>
         <size>0x144</size>
         <input_file_ref idref="fl-11d"/>
      </object_component>
      <object_component id="oc-1f0">
         <name>.debug_info</name>
         <load_address>0x234fe</load_address>
         <run_address>0x234fe</run_address>
         <size>0x132</size>
         <input_file_ref idref="fl-11e"/>
      </object_component>
      <object_component id="oc-1ec">
         <name>.debug_info</name>
         <load_address>0x23630</load_address>
         <run_address>0x23630</run_address>
         <size>0x132</size>
         <input_file_ref idref="fl-11f"/>
      </object_component>
      <object_component id="oc-42">
[...]
      </symbol>
      <symbol id="sm-789">
         <name>GrMapISO8859_9_Unicode</name>
         <value>0x617f</value>
         <object_component_ref idref="oc-1cb"/>
      </symbol>
      <symbol id="sm-78a">
         <name>g_pui16WIN1253_Unicode</name>
         <value>0xa058</value>
         <object_component_ref idref="oc-2a1"/>
      </symbol>
      <symbol id="sm-78b">
         <name>g_pui16ISO8859_10_Unicode</name>
         <value>0x9a50</value>
         <object_component_ref idref="oc-28c"/>
      </symbol>
      <symbol id="sm-78c">
         <name>GrMapISO8859_16_Unicode</name>
         <value>0x635f</value>
         <object_component_ref idref="oc-1cb"/>
      </symbol>
      <symbol id="sm-78d">
         <name>GrMapWIN1253_Unicode</name>
         <value>0x66ab</value>
         <object_component_ref idref="oc-1cb"/>
      </symbol>
      <symbol id="sm-78e">
         <name>g_pui16ISO8859_7_Unicode</name>
         <value>0xa29a</value>
         <object_component_ref idref="oc-289"/>
      </symbol>
      <symbol id="sm-78f">
         <name>g_pui16WIN1251_Unicode</name>
         <value>0x9fd8</value>
         <object_component_ref idref="oc-29b"/>
      </symbol>
      <symbol id="sm-790">
         <name>GrMapISO8859_2_Unicode</name>
         <value>0x6005</value>
         <object_component_ref idref="oc-1cb"/>
      </symbol>
      <symbol id="sm-791">
         <name>GrMapISO8859_10_Unicode</name>
         <value>0x61dd</value>
         <object_component_ref idref="oc-1cb"/>
      </symbol>
      <symbol id="sm-792">
         <name>GrMapISO8859_5_Unicode</name>
         <value>0x6095</value>
         <object_component_ref idref="oc-1cb"/>
      </symbol>
      <symbol id="sm-793">
         <name>GrMapWIN1251_Unicode</name>
         <value>0x6629</value>
         <object_component_ref idref="oc-1cb"/>
      </symbol>
      <symbol id="sm-794">
         <name>GrMapUTF16LE_Unicode</name>
         <value>0x658f</value>
         <object_component_ref idref="oc-1cb"/>
      </symbol>
      <symbol id="sm-795">
         <name>GrMapUTF16BE_Unicode</name>
         <value>0x65a5</value>
         <object_component_ref idref="oc-1cb"/>
      </symbol>
      <symbol id="sm-796">
         <name>g_pui16ISO8859_14_Unicode</name>
         <value>0xa25c</value>
         <object_component_ref idref="oc-292"/>
      </symbol>
      <symbol id="sm-797">
         <name>GrMapISO8859_7_Unicode</name>
         <value>0x60f1</value>
         <object_component_ref idref="oc-1cb"/>
      </symbol>
      <symbol id="sm-798">
         <name>GrMapWIN1254_Unicode</name>
         <value>0x66f5</value>
         <object_component_ref idref="oc-1cb"/>
      </symbol>
      <symbol id="sm-799">
         <name>g_pui16ISO8859_2_Unicode</name>
         <value>0x9c8a</value>
         <object_component_ref idref="oc-280"/>
      </symbol>
      <symbol id="sm-79a">
         <name>GrMapUnicode_Unicode</name>
         <value>0x65bb</value>
         <object_component_ref idref="oc-1cb"/>
      </symbol>
      <symbol id="sm-79b">
         <name>GrMapUTF8_Unicode</name>
         <value>0x6395</value>
         <object_component_ref idref="oc-1cb"/>
      </symbol>
      <symbol id="sm-79c">
         <name>g_pui16WIN1254_Unicode</name>
         <value>0xa21c</value>
         <object_component_ref idref="oc-2a4"/>
      </symbol>
      <symbol id="sm-79d">
         <name>g_pui16ISO8859_16_Unicode</name>
         <value>0x9bcc</value>
         <object_component_ref idref="oc-295"/>
      </symbol>
      <symbol id="sm-79e">
         <name>GrMapISO8859_1_Unicode</name>
         <value>0x5fed</value>
         <object_component_ref idref="oc-1cb"/>
      </symbol>
      <symbol id="sm-79f">
         <name>GrMapISO8859_15_Unicode</name>
         <value>0x62ed</value>
         <object_component_ref idref="oc-1cb"/>
      </symbol>
      <symbol id="sm-7a0">
         <name>GrMapWIN1252_Unicode</name>
         <value>0x6673</value>
         <object_component_ref idref="oc-1cb"/>
      </symbol>
      <symbol id="sm-7a1">
         <name>GrMapISO8859_8_Unicode</name>
         <value>0x6133</value>
         <object_component_ref idref="oc-1cb"/>
      </symbol>
      <symbol id="sm-7a2">
         <name>g_pui16WIN1252_Unicode</name>
         <value>0xa1dc</value>
         <object_component_ref idref="oc-29e"/>
      </symbol>
      <symbol id="sm-7a3">
         <name>GrMapISO8859_3_Unicode</name>
         <value>0x6035</value>
         <object_component_ref idref="oc-1cb"/>
      </symbol>
      <symbol id="sm-7a4">
         <name>GrMapWIN1250_Unicode</name>
         <value>0x65f9</value>
         <object_component_ref idref="oc-1cb"/>
      </symbol>
      <symbol id="sm-7a5">
         <name>g_pui16WIN1250_Unicode</name>
         <value>0x9886</value>
         <object_component_ref idref="oc-298"/>
      </symbol>
      <symbol id="sm-7a6">
         <name>g_pui16ISO8859_13_Unicode</name>
         <value>0x9b0e</value>
         <object_component_ref idref="oc-28f"/>
      </symbol>
      <symbol id="sm-7a7">
         <name>GrMapISO8859_11_Unicode</name>
         <value>0x620d</value>
         <object_component_ref idref="oc-1cb"/>
      </symbol>
      <symbol id="sm-7a8">
         <name>GrMapISO8859_4_Unicode</name>
         <value>0x6065</value>
         <object_component_ref idref="oc-1cb"/>
      </symbol>
      <symbol id="sm-7a9">
         <name>g_pui16ISO8859_4_Unicode</name>
         <value>0x9e06</value>
         <object_component_ref idref="oc-286"/>
      </symbol>
      <symbol id="sm-7aa">
         <name>g_pui16ISO8859_3_Unicode</name>
         <value>0x9d48</value>
         <object_component_ref idref="oc-283"/>
      </symbol>
      <symbol id="sm-7ab">
         <name>GrMapISO8859_13_Unicode</name>
         <value>0x6237</value>
         <object_component_ref idref="oc-1cb"/>
      </symbol>
      <symbol id="sm-7ac">
         <name>GrMapISO8859_6_Unicode</name>
         <value>0x60bf</value>
         <object_component_ref idref="oc-1cb"/>
      </symbol>
      <symbol id="sm-7ad">
         <name>GrMapISO8859_14_Unicode</name>
         <value>0x626d</value>
         <object_component_ref idref="oc-1cb"/>
      </symbol>
      <symbol id="sm-7db">
         <name>GrContextInit</name>
         <value>0x71d9</value>
         <object_component_ref idref="oc-e2"/>
      </symbol>
      <symbol id="sm-7dc">
         <name>GrContextClipRegionSet</name>
         <value>0x728b</value>
         <object_component_ref idref="oc-e2"/>
      </symbol>
      <symbol id="sm-7dd">
         <name>g_psDefaultCodePointMapTable</name>
         <value>0xa36c</value>
         <object_component_ref idref="oc-15a"/>
      </symbol>
      <symbol id="sm-7de">
         <name>GrLibInit</name>
         <value>0x71c9</value>
         <object_component_ref idref="oc-e2"/>
      </symbol>
      <symbol id="sm-8a5">
         <name>GrFontBlockCodepointsGet</name>
         <value>0x1cfd</value>
         <object_component_ref idref="oc-e8"/>
      </symbol>
      <symbol id="sm-8a6">
         <name>GrFontInfoGet</name>
         <value>0x198f</value>
         <object_component_ref idref="oc-e8"/>
      </symbol>
      <symbol id="sm-8a7">
         <name>GrDefaultStringRenderer</name>
         <value>0x141b</value>
         <object_component_ref idref="oc-e8"/>
      </symbol>
      <symbol id="sm-8a8">
         <name>GrFontGlyphRender</name>
         <value>0x1563</value>
         <object_component_ref idref="oc-e8"/>
      </symbol>
      <symbol id="sm-8a9">
         <name>GrStringTableSet</name>
         <value>0x1df5</value>
         <object_component_ref idref="oc-e8"/>
      </symbol>
      <symbol id="sm-8aa">
         <name>GrFontHeightGet</name>
         <value>0x1a25</value>
         <object_component_ref idref="oc-e8"/>
      </symbol>
      <symbol id="sm-8ab">
         <name>GrStringGet</name>
         <value>0x1e99</value>
         <object_component_ref idref="oc-e8"/>
      </symbol>
      <symbol id="sm-8ac">
         <name>GrContextFontSet</name>
         <value>0x1de1</value>
         <object_component_ref idref="oc-e8"/>
      </symbol>
      <symbol id="sm-8ad">
         <name>GrFontGlyphDataGet</name>
         <value>0x1bdd</value>
         <object_component_ref idref="oc-e8"/>
      </symbol>
      <symbol id="sm-8ae">
         <name>GrStringLanguageSet</name>
         <value>0x1e3d</value>
         <object_component_ref idref="oc-e8"/>
      </symbol>
      <symbol id="sm-8af">
         <name>GrCodepageMapTableSet</name>
         <value>0x1da7</value>
         <object_component_ref idref="oc-e8"/>
      </symbol>
      <symbol id="sm-8b0">
         <name>GrFontMaxWidthGet</name>
         <value>0x1a63</value>
         <object_component_ref idref="oc-e8"/>
      </symbol>
      <symbol id="sm-8b1">
         <name>GrFontNumBlocksGet</name>
         <value>0x1ccf</value>
         <object_component_ref idref="oc-e8"/>
      </symbol>
      <symbol id="sm-8b2">
         <name>GrStringDraw</name>
         <value>0x13eb</value>
         <object_component_ref idref="oc-e8"/>
      </symbol>
      <symbol id="sm-8b3">
         <name>GrFontCodepageGet</name>
         <value>0x1c2b</value>
         <object_component_ref idref="oc-e8"/>
      </symbol>
      <symbol id="sm-8b4">
         <name>GrStringNextCharGet</name>
         <value>0x151d</value>
         <object_component_ref idref="oc-e8"/>
      </symbol>
      <symbol id="sm-8b5">
         <name>GrStringWidthGet</name>
         <value>0x1349</value>
         <object_component_ref idref="oc-e8"/>
      </symbol>
      <symbol id="sm-8b6">
         <name>GrFontBaselineGet</name>
         <value>0x19e7</value>
         <object_component_ref idref="oc-e8"/>
      </symbol>
      <symbol id="sm-8b7">
         <name>GrStringCodepageSet</name>
         <value>0x1dc9</value>
         <object_component_ref idref="oc-e8"/>
      </symbol>
      <symbol id="sm-8ff">
         <name>g_sFontCmss48</name>
         <value>0x9988</value>
         <object_component_ref idref="oc-fd"/>
      </symbol>
      <symbol id="sm-912">
         <name>_c_int00</name>
         <value>0x7ce1</value>
         <object_component_ref idref="oc-24"/>
      </symbol>
      <symbol id="sm-913">
         <name>__stack</name>
         <value>0x20000208</value>
         <object_component_ref idref="oc-2a"/>
      </symbol>
      <symbol id="sm-931">
         <name>__TI_decompress_lzss</name>
         <value>0x7bb5</value>
         <object_component_ref idref="oc-12"/>
      </symbol>
      <symbol id="sm-948">
         <name>__TI_decompress_none</name>
         <value>0x7fb1</value>
         <object_component_ref idref="oc-18"/>
      </symbol>
      <symbol id="sm-95a">
         <name>__TI_zero_init</name>
         <value>0x7fbf</value>
         <object_component_ref idref="oc-1e"/>
      </symbol>
      <symbol id="sm-97b">
         <name>C$$EXIT</name>
         <value>0x7d35</value>
         <object_component_ref idref="oc-6f"/>
      </symbol>
      <symbol id="sm-97c">
         <name>abort</name>
         <value>0x7d39</value>
         <object_component_ref idref="oc-6f"/>
      </symbol>
      <symbol id="sm-97d">
         <name>exit</name>
         <value>0x7d41</value>
         <object_component_ref idref="oc-6f"/>
      </symbol>
      <symbol id="sm-97e">
         <name>__TI_dtors_ptr</name>
         <value>0x20000670</value>
         <object_component_ref idref="oc-af"/>
      </symbol>
      <symbol id="sm-97f">
         <name>__TI_cleanup_ptr</name>
         <value>0x2000066c</value>
         <object_component_ref idref="oc-af"/>
      </symbol>
      <symbol id="sm-980">
         <name>__TI_enable_exit_profile_output</name>
         <value>0x20000674</value>
         <object_component_ref idref="oc-af"/>
      </symbol>
      <symbol id="sm-997">
         <name>__aeabi_dsub</name>
         <value>0x7013</value>
         <object_component_ref idref="oc-208"/>
      </symbol>
      <symbol id="sm-998">
         <name>__aeabi_dadd</name>
         <value>0x701d</value>
         <object_component_ref idref="oc-208"/>
      </symbol>
      <symbol id="sm-9ac">
         <name>__aeabi_ddiv</name>
         <value>0x735d</value>
         <object_component_ref idref="oc-1ee"/>
      </symbol>
      <symbol id="sm-9b7">
         <name>__aeabi_dmul</name>
         <value>0x75c1</value>
         <object_component_ref idref="oc-1e9"/>
      </symbol>
      <symbol id="sm-9d4">
         <name>memcpy</name>
         <value>0x7899</value>
         <object_component_ref idref="oc-3f"/>
      </symbol>
      <symbol id="sm-9d5">
         <name>__aeabi_memcpy</name>
         <value>0x7899</value>
         <object_component_ref idref="oc-3f"/>
      </symbol>
      <symbol id="sm-9d6">
         <name>__aeabi_memcpy8</name>
         <value>0x7899</value>
         <object_component_ref idref="oc-3f"/>
      </symbol>
      <symbol id="sm-9d7">
         <name>__aeabi_memcpy4</name>
         <value>0x7899</value>
         <object_component_ref idref="oc-3f"/>
      </symbol>
      <symbol id="sm-9e6">
         <name>__aeabi_memset</name>
         <value>0x7acb</value>
         <object_component_ref idref="oc-4b"/>
      </symbol>
      <symbol id="sm-9e7">
         <name>memset</name>
         <value>0x7ad1</value>
         <object_component_ref idref="oc-4b"/>
      </symbol>
      <symbol id="sm-9e8">
         <name>__aeabi_memset8</name>
         <value>0x7acb</value>
         <object_component_ref idref="oc-4b"/>
      </symbol>
      <symbol id="sm-9e9">
         <name>__aeabi_memset4</name>
         <value>0x7acb</value>
         <object_component_ref idref="oc-4b"/>
      </symbol>
      <symbol id="sm-9ea">
         <name>__aeabi_memclr8</name>
         <value>0x7ac9</value>
         <object_component_ref idref="oc-4b"/>
      </symbol>
      <symbol id="sm-9eb">
         <name>__aeabi_memclr4</name>
         <value>0x7ac9</value>
         <object_component_ref idref="oc-4b"/>
      </symbol>
      <symbol id="sm-9ec">
         <name>__aeabi_memclr</name>
         <value>0x7ac9</value>
         <object_component_ref idref="oc-4b"/>
      </symbol>
      <symbol id="sm-9f6">
         <name>__mpu_init</name>
         <value>0x1347</value>
         <object_component_ref idref="oc-57"/>
      </symbol>
      <symbol id="sm-a00">
         <name>_system_pre_init</name>
         <value>0x7fd7</value>
         <object_component_ref idref="oc-5d"/>
      </symbol>
      <symbol id="sm-a19">
         <name>sprintf</name>
         <value>0x7c81</value>
         <object_component_ref idref="oc-ee"/>
      </symbol>
      <symbol id="sm-a21">
         <name>main_func_sp</name>
         <value>0x20000684</value>
         <object_component_ref idref="oc-75"/>
      </symbol>
      <symbol id="sm-a3d">
         <name>_nop</name>
         <value>0x7f83</value>
         <object_component_ref idref="oc-10e"/>
      </symbol>
      <symbol id="sm-a3e">
         <name>_lock</name>
         <value>0x20000678</value>
         <object_component_ref idref="oc-b2"/>
      </symbol>
      <symbol id="sm-a3f">
         <name>_unlock</name>
         <value>0x2000067c</value>
         <object_component_ref idref="oc-b2"/>
      </symbol>
      <symbol id="sm-a40">
         <name>_register_lock</name>
         <value>0x7f7b</value>
         <object_component_ref idref="oc-10e"/>
      </symbol>
      <symbol id="sm-a41">
         <name>_register_unlock</name>
         <value>0x7f75</value>
         <object_component_ref idref="oc-10e"/>
      </symbol>
      <symbol id="sm-b42">
         <name>__TI_printfi</name>
         <value>0xa4d</value>
         <object_component_ref idref="oc-164"/>
      </symbol>
      <symbol id="sm-b56">
         <name>_args_main</name>
         <value>0x7f45</value>
         <object_component_ref idref="oc-69"/>
      </symbol>
      <symbol id="sm-b6c">
         <name>atoi</name>
         <value>0x7ddd</value>
         <object_component_ref idref="oc-21f"/>
      </symbol>
      <symbol id="sm-b96">
         <name>__TI_auto_init</name>
         <value>0x7b45</value>
         <object_component_ref idref="oc-63"/>
      </symbol>
      <symbol id="sm-bb0">
         <name>copy_in</name>
         <value>0x7e29</value>
         <object_component_ref idref="oc-99"/>
      </symbol>
      <symbol id="sm-bbb">
         <name>_ctypes_</name>
         <value>0x9784</value>
         <object_component_ref idref="oc-2c9"/>
      </symbol>
      <symbol id="sm-bdd">
         <name>__aeabi_cdcmpeq</name>
         <value>0x79bd</value>
         <object_component_ref idref="oc-1e4"/>
      </symbol>
      <symbol id="sm-bde">
         <name>__aeabi_cdcmple</name>
         <value>0x79bd</value>
         <object_component_ref idref="oc-1e4"/>
      </symbol>
      <symbol id="sm-bdf">
         <name>__aeabi_cdrcmple</name>
         <value>0x7a43</value>
         <object_component_ref idref="oc-1f3"/>
      </symbol>
      <symbol id="sm-be9">
         <name>__aeabi_d2iz</name>
         <value>0x7e75</value>
         <object_component_ref idref="oc-1f8"/>
      </symbol>
      <symbol id="sm-bf3">
         <name>__aeabi_i2d</name>
         <value>0x7efb</value>
         <object_component_ref idref="oc-203"/>
      </symbol>
      <symbol id="sm-c02">
         <name>ltoa</name>
         <value>0x7d89</value>
         <object_component_ref idref="oc-1fd"/>
      </symbol>
      <symbol id="sm-c12">
         <name>memccpy</name>
         <value>0x7f29</value>
         <object_component_ref idref="oc-225"/>
      </symbol>
      <symbol id="sm-c2d">
         <name>frexpl</name>
         <value>0x7c1d</value>
         <object_component_ref idref="oc-20d"/>
      </symbol>
      <symbol id="sm-c2e">
         <name>frexp</name>
         <value>0x7c1d</value>
         <object_component_ref idref="oc-20d"/>
      </symbol>
      <symbol id="sm-c4b">
         <name>scalbn</name>
         <value>0x76bd</value>
         <object_component_ref idref="oc-213"/>
      </symbol>
      <symbol id="sm-c4c">
         <name>scalbnl</name>
         <value>0x76bd</value>
         <object_component_ref idref="oc-213"/>
      </symbol>
      <symbol id="sm-c4d">
         <name>ldexpl</name>
         <value>0x76bd</value>
         <object_component_ref idref="oc-213"/>
      </symbol>
      <symbol id="sm-c4e">
         <name>ldexp</name>
         <value>0x76bd</value>
         <object_component_ref idref="oc-213"/>
      </symbol>
      <symbol id="sm-c58">
         <name>_system_post_cinit</name>
         <value>0x7493</value>
         <object_component_ref idref="oc-9f"/>
      </symbol>
      <symbol id="sm-c68">
         <name>strchr</name>
         <value>0x7f5d</value>
         <object_component_ref idref="oc-219"/>
      </symbol>
      <symbol id="sm-c76">
         <name>strlen</name>
         <value>0x7f9d</value>
         <object_component_ref idref="oc-1de"/>
      </symbol>
      <symbol id="sm-c92">
         <name>__aeabi_uldivmod</name>
         <value>0x6e1f</value>
         <object_component_ref idref="oc-1d9"/>
      </symbol>
      <symbol id="sm-c9a">
         <name>errno</name>
         <value>0x20000680</value>
         <object_component_ref idref="oc-2c2"/>
      </symbol>
      <symbol id="sm-ca4">
         <name>copysign</name>
         <value>0x7f89</value>
         <object_component_ref idref="oc-2bc"/>
      </symbol>
      <symbol id="sm-ca5">
         <name>copysignl</name>
         <value>0x7f89</value>
         <object_component_ref idref="oc-2bc"/>
      </symbol>
      <symbol id="sm-ca6">
         <name>__TI_static_base__</name>
         <value>0x0</value>
      </symbol>
      <symbol id="sm-ca9">
         <name>SHT$$INIT_ARRAY$$Limit</name>
         <value>0x0</value>
      </symbol>
      <symbol id="sm-caa">
         <name>SHT$$INIT_ARRAY$$Base</name>
         <value>0x0</value>
      </symbol>
   </symbol_table>
   <title>Link successful</title>
</link_info>
