******************************************************************************
                  TI ARM Linker PC v16.9.6                     
******************************************************************************
>> Linked Fri May 11 14:03:33 2018

OUTPUT FILE NAME:   <lab5_1.1.out>
ENTRY POINT SYMBOL: "_c_int00"  address: 00007ce1


MEMORY CONFIGURATION

         name            origin    length      used     unused   attr    fill
----------------------  --------  ---------  --------  --------  ----  --------
  FLASH                 00000000   00100000  0000a416  000f5bea  R  X
  SRAM                  20000000   00040000  00000689  0003f977  RW X


SEGMENT ALLOCATION MAP

run origin  load origin   length   init length attrs members
----------  ----------- ---------- ----------- ----- -------
00000000    00000000    0000a418   0000a418    r-x
  00000000    00000000    00000208   00000208    r-- .intvecs
  00000208    00000208    00007dd2   00007dd2    r-x .text
  00007fdc    00007fdc    000023f4   000023f4    r-- .const
  0000a3d0    0000a3d0    00000048   00000048    r-- .cinit
20000000    20000000    00000689   00000000    rw-
  20000000    20000000    00000208   00000000    rw- .vtable
  20000208    20000208    00000400   00000000    rw- .stack
  20000608    20000608    00000064   00000000    rw- .bss
  2000066c    2000066c    0000001d   00000000    rw- .data


SECTION ALLOCATION MAP

 output                                  attributes/
section   page    origin      length       input sections
--------  ----  ----------  ----------   ----------------
.intvecs   0    00000000    00000208     
                  00000000    00000208     tm4c129encpdt_startup_ccs.obj (.intvecs)

.text      0    00000208    00007dd2     
                  00000208    0000113e     rtsv7M4_T_le_v4SPD16_eabi.lib : _printfi.obj (.text)
                  00001346    00000002                                   : mpu_init.obj (.text)
                  00001348    00000ed8     string.obj (.text)
                  00002220    00000dc8     i2c.obj (.text)
                  00002fe8    00000b50     gpio.obj (.text)
                  00003b38    000009c4     it7258_i2c.obj (.text)
                  000044fc    000009bc     sysctl.obj (.text)
                  00004eb8    000008cc     hibernate.obj (.text)
                  00005784    00000868     st7789_spi.obj (.text)
                  00005fec    0000075c     charmap.obj (.text)
                  00006748    000003c0     interrupt.obj (.text)
                  00006b08    00000316     ssi.obj (.text)
                  00006e1e    000001f4     rtsv7M4_T_le_v4SPD16_eabi.lib : ull_div_t2.obj (.text)
                  00007012    000001b6                                   : fd_add_t2.obj (.text)
                  000071c8    00000194     context.obj (.text)
                  0000735c    00000136     rtsv7M4_T_le_v4SPD16_eabi.lib : fd_div_t2.obj (.text)
                  00007492    00000002                                   : startup.obj (.text)
                  00007494    0000012c     main.obj (.text)
                  000075c0    000000fc     rtsv7M4_T_le_v4SPD16_eabi.lib : fd_mul_t2.obj (.text)
                  000076bc    000000fc                                   : s_scalbn.obj (.text)
                  000077b8    000000e0     clock.obj (.text)
                  00007898    0000009c     rtsv7M4_T_le_v4SPD16_eabi.lib : memcpy_t2.obj (.text)
                  00007934    00000088     systick.obj (.text)
                  000079bc    00000086     rtsv7M4_T_le_v4SPD16_eabi.lib : fd_cmp_t2.obj (.text:__aeabi_cdcmple)
                  00007a42    00000086                                   : fd_cmp_t2.obj (.text:__aeabi_cdrcmple)
                  00007ac8    0000007a                                   : memset_t2.obj (.text)
                  00007b42    00000002     --HOLE-- [fill = 0]
                  00007b44    00000070                                   : autoinit.obj (.text)
                  00007bb4    00000068                                   : copy_decompress_lzss.obj (.text:decompress:lzss)
                  00007c1c    00000064                                   : s_frexp.obj (.text)
                  00007c80    00000060                                   : sprintf.obj (.text)
                  00007ce0    00000054                                   : boot.obj (.text)
                  00007d34    00000054                                   : exit.obj (.text)
                  00007d88    00000054                                   : ltoa.obj (.text)
                  00007ddc    0000004c                                   : atoi.obj (.text)
                  00007e28    0000004c                                   : cpy_tbl.obj (.text)
                  00007e74    00000048                                   : fd_toi_t2.obj (.text)
                  00007ebc    0000003e     cpu.obj (.text)
                  00007efa    0000002e     rtsv7M4_T_le_v4SPD16_eabi.lib : i_tofd_t2.obj (.text)
                  00007f28    0000001c                                   : memccpy.obj (.text)
                  00007f44    00000018                                   : args_main.obj (.text)
                  00007f5c    00000016                                   : strchr.obj (.text)
                  00007f72    00000002     --HOLE-- [fill = 0]
                  00007f74    00000014                                   : _lock.obj (.text)
                  00007f88    00000014                                   : s_copysign.obj (.text)
                  00007f9c    00000014                                   : strlen.obj (.text)
                  00007fb0    0000000e                                   : copy_decompress_none.obj (.text:decompress:none)
                  00007fbe    0000000c                                   : copy_zero_init.obj (.text:decompress:ZI)
                  00007fca    0000000c     tm4c129encpdt_startup_ccs.obj (.text)
                  00007fd6    00000004     rtsv7M4_T_le_v4SPD16_eabi.lib : pre_init.obj (.text)

.const     0    00007fdc    000023f4     
                  00007fdc    00001686     fontcmss48.obj (.const:.string:g_pui8Cmss48Data)
                  00009662    00000002     --HOLE-- [fill = 0]
                  00009664    00000120     sysctl.obj (.const:g_pppui32XTALtoVCO)
                  00009784    00000101     rtsv7M4_T_le_v4SPD16_eabi.lib : ctype.obj (.const:.string:_ctypes_)
                  00009885    00000001     --HOLE-- [fill = 0]
                  00009886    00000100     charmap.obj (.const:g_pui16WIN1250_Unicode)
                  00009986    00000002     --HOLE-- [fill = 0]
                  00009988    000000c8     fontcmss48.obj (.const:g_sFontCmss48)
                  00009a50    000000be     charmap.obj (.const:g_pui16ISO8859_10_Unicode)
                  00009b0e    000000be     charmap.obj (.const:g_pui16ISO8859_13_Unicode)
                  00009bcc    000000be     charmap.obj (.const:g_pui16ISO8859_16_Unicode)
                  00009c8a    000000be     charmap.obj (.const:g_pui16ISO8859_2_Unicode)
                  00009d48    000000be     charmap.obj (.const:g_pui16ISO8859_3_Unicode)
                  00009e06    000000be     charmap.obj (.const:g_pui16ISO8859_4_Unicode)
                  00009ec4    00000090     gpio.obj (.const:g_ppui32GPIOIntMapSnowflake)
                  00009f54    00000084     interrupt.obj (.const:g_pui32Regs)
                  00009fd8    00000080     charmap.obj (.const:g_pui16WIN1251_Unicode)
                  0000a058    00000080     charmap.obj (.const:g_pui16WIN1253_Unicode)
                  0000a0d8    0000006c     sysctl.obj (.const:g_pui32Xtals)
                  0000a144    00000050     i2c.obj (.const:g_ppui32I2CIntMapSnowflake)
                  0000a194    00000048     gpio.obj (.const:g_pui32GPIOBaseAddrs)
                  0000a1dc    00000040     charmap.obj (.const:g_pui16WIN1252_Unicode)
                  0000a21c    00000040     charmap.obj (.const:g_pui16WIN1254_Unicode)
                  0000a25c    0000003e     charmap.obj (.const:g_pui16ISO8859_14_Unicode)
                  0000a29a    0000003a     charmap.obj (.const:g_pui16ISO8859_7_Unicode)
                  0000a2d4    00000030     sysctl.obj (.const:g_sXTALtoMEMTIM)
                  0000a304    00000028     st7789_spi.obj (.const:g_sST7789)
                  0000a32c    00000020     ssi.obj (.const:g_ppui32SSIIntMapSnowflake)
                  0000a34c    00000020     interrupt.obj (.const:g_pui32Priority)
                  0000a36c    00000010     context.obj (.const:g_psDefaultCodePointMapTable)
                  0000a37c    00000010     interrupt.obj (.const:g_pui32Dii16Regs)
                  0000a38c    00000010     interrupt.obj (.const:g_pui32EnRegs)
                  0000a39c    00000010     interrupt.obj (.const:g_pui32PendRegs)
                  0000a3ac    00000010     interrupt.obj (.const:g_pui32UnpendRegs)
                  0000a3bc    00000008     sysctl.obj (.const:g_pui32VCOFrequencies)
                  0000a3c4    00000004     gpio.obj (.const)
                  0000a3c8    00000004     i2c.obj (.const)
                  0000a3cc    00000004     ssi.obj (.const)

.cinit     0    0000a3d0    00000048     
                  0000a3d0    00000011     (.cinit..data.load) [load image, compression = lzss]
                  0000a3e1    00000003     --HOLE-- [fill = 0]
                  0000a3e4    0000000c     (__TI_handler_table)
                  0000a3f0    00000008     (.cinit..bss.load) [load image, compression = zero_init]
                  0000a3f8    00000008     (.cinit..vtable.load) [load image, compression = zero_init]
                  0000a400    00000018     (__TI_cinit_table)

.init_array 
*          0    00000000    00000000     UNINITIALIZED

.vtable    0    20000000    00000208     UNINITIALIZED
                  20000000    00000208     interrupt.obj (.vtable)

.stack     0    20000208    00000400     UNINITIALIZED
                  20000208    00000400     --HOLE--

.bss       0    20000608    00000064     UNINITIALIZED
                  20000608    0000002c     (.common:sContext)
                  20000634    00000012     string.obj (.bss)
                  20000646    0000000c     (.common:uc8TempCoordinate)
                  20000652    00000008     (.common:ui16XPosition)
                  2000065a    00000008     (.common:ui16YPosition)
                  20000662    00000001     (.common:SysTickInterruptFlag)
                  20000663    00000001     --HOLE--
                  20000664    00000004     context.obj (.bss)
                  20000668    00000004     (.common:ui8Pressure)

.data      0    2000066c    0000001d     UNINITIALIZED
                  2000066c    0000000c     rtsv7M4_T_le_v4SPD16_eabi.lib : exit.obj (.data:$O1$$)
                  20000678    00000008                                   : _lock.obj (.data:$O1$$)
                  20000680    00000004                                   : errno.obj (.data)
                  20000684    00000004                                   : stkdepth_vars.obj (.data)
                  20000688    00000001     main.obj (.data)

MODULE SUMMARY

       Module                          code    ro data   rw data
       ------                          ----    -------   -------
    .\
       tm4c129encpdt_startup_ccs.obj   12      520       0      
       main.obj                        300     0         78     
    +--+-------------------------------+-------+---------+---------+
       Total:                          312     520       78     
                                                                
    .\Drivers\CoreDrivers\
       interrupt.obj                   960     228       520    
       systick.obj                     136     0         0      
       cpu.obj                         62      0         0      
    +--+-------------------------------+-------+---------+---------+
       Total:                          1158    228       520    
                                                                
    .\Drivers\DeviceDrivers\
       it7258_i2c.obj                  2500    0         0      
       st7789_spi.obj                  2152    40        0      
       clock.obj                       224     0         0      
    +--+-------------------------------+-------+---------+---------+
       Total:                          4876    40        0      
                                                                
    .\Drivers\PeripheralDrivers\
       i2c.obj                         3528    84        0      
       gpio.obj                        2896    220       0      
       sysctl.obj                      2492    452       0      
       hibernate.obj                   2252    0         0      
       ssi.obj                         790     36        0      
    +--+-------------------------------+-------+---------+---------+
       Total:                          11958   792       0      
                                                                
    .\Libraries\grlib\
       string.obj                      3800    0         18     
       charmap.obj                     1884    1900      0      
       context.obj                     404     16        4      
    +--+-------------------------------+-------+---------+---------+
       Total:                          6088    1916      22     
                                                                
    .\Libraries\grlib\fonts\
       fontcmss48.obj                  0       5966      0      
    +--+-------------------------------+-------+---------+---------+
       Total:                          0       5966      0      
                                                                
    C:\ti\ccsv7\tools\compiler\ti-cgt-arm_16.9.6.LTS\lib\rtsv7M4_T_le_v4SPD16_eabi.lib
       _printfi.obj                    4414    0         0      
       ull_div_t2.obj                  500     0         0      
       fd_add_t2.obj                   438     0         0      
       fd_div_t2.obj                   310     0         0      
       fd_cmp_t2.obj                   268     0         0      
       ctype.obj                       0       257       0      
       fd_mul_t2.obj                   252     0         0      
       s_scalbn.obj                    252     0         0      
       memcpy_t2.obj                   156     0         0      
       memset_t2.obj                   122     0         0      
       autoinit.obj                    112     0         0      
       copy_decompress_lzss.obj        104     0         0      
       s_frexp.obj                     100     0         0      
       exit.obj                        84      0         12     
       sprintf.obj                     96      0         0      
       boot.obj                        84      0         0      
       ltoa.obj                        84      0         0      
       atoi.obj                        76      0         0      
       cpy_tbl.obj                     76      0         0      
       fd_toi_t2.obj                   72      0         0      
       i_tofd_t2.obj                   46      0         0      
       _lock.obj                       20      0         8      
       memccpy.obj                     28      0         0      
       args_main.obj                   24      0         0      
       strchr.obj                      22      0         0      
       s_copysign.obj                  20      0         0      
       strlen.obj                      20      0         0      
       copy_decompress_none.obj        14      0         0      
       copy_zero_init.obj              12      0         0      
       errno.obj                       0       0         4      
       pre_init.obj                    4       0         0      
       stkdepth_vars.obj               0       0         4      
       mpu_init.obj                    2       0         0      
       startup.obj                     2       0         0      
    +--+-------------------------------+-------+---------+---------+
       Total:                          7814    257       28     
                                                                
       Stack:                          0       0         1024   
       Linker Generated:               0       69        0      
    +--+-------------------------------+-------+---------+---------+
       Grand Total:                    32206   9788      1672   


LINKER GENERATED COPY TABLES

__TI_cinit_table @ 0000a400 records: 3, size/record: 8, table size: 24
	.data: load addr=0000a3d0, load size=00000011 bytes, run addr=2000066c, run size=0000001d bytes, compression=lzss
	.bss: load addr=0000a3f0, load size=00000008 bytes, run addr=20000608, run size=00000064 bytes, compression=zero_init
	.vtable: load addr=0000a3f8, load size=00000008 bytes, run addr=20000000, run size=00000208 bytes, compression=zero_init


LINKER GENERATED HANDLER TABLE

__TI_handler_table @ 0000a3e4 records: 3, size/record: 4, table size: 12
	index: 0, handler: __TI_zero_init
	index: 1, handler: __TI_decompress_lzss
	index: 2, handler: __TI_decompress_none


GLOBAL SYMBOLS: SORTED ALPHABETICALLY BY Name 

address   name                             
-------   ----                             
00007d35  C$$EXIT                          
00007ee3  CPUbasepriGet                    
00007eed  CPUbasepriSet                    
00007ebd  CPUcpsid                         
00007ec9  CPUcpsie                         
00007ed5  CPUprimask                       
00007edf  CPUwfi                           
000077c1  ClockFrequencySet                
00007877  ClockRTCAlarmTimeSet             
0000786b  ClockRTCDateTimeGet              
0000785b  ClockRTCDateTimeSet              
00007821  ClockRTCInit                     
00007851  ClockRTCIntClear                 
0000783f  ClockRTCIntRegister              
000077cf  ClockTimerSet                    
00003033  GPIOADCTriggerDisable            
00003051  GPIOADCTriggerEnable             
00003117  GPIODMATriggerDisable            
00003135  GPIODMATriggerEnable             
0000306f  GPIODirModeGet                   
000030bb  GPIODirModeSet                   
00003153  GPIOIntClear                     
00003167  GPIOIntDisable                   
00003181  GPIOIntEnable                    
0000319b  GPIOIntRegister                  
000031b9  GPIOIntStatus                    
000031db  GPIOIntTypeGet                   
00003261  GPIOIntTypeSet                   
00003305  GPIOIntUnregister                
0000331f  GPIOPadConfigGet                 
00003459  GPIOPadConfigSet                 
00003693  GPIOPinConfigure                 
000036d3  GPIOPinRead                      
000036eb  GPIOPinTypeADC                   
0000370f  GPIOPinTypeCAN                   
00003733  GPIOPinTypeCIR                   
00003757  GPIOPinTypeComparator            
0000377b  GPIOPinTypeComparatorOutput      
0000379f  GPIOPinTypeEPI                   
000037c3  GPIOPinTypeEthernetLED           
000037e7  GPIOPinTypeEthernetMII           
0000380b  GPIOPinTypeGPIOInput             
0000382f  GPIOPinTypeGPIOOutput            
00003853  GPIOPinTypeGPIOOutputOD          
00003877  GPIOPinTypeI2C                   
0000389b  GPIOPinTypeI2CSCL                
000038e3  GPIOPinTypeKBColumn              
000038bf  GPIOPinTypeKBRow                 
00003907  GPIOPinTypeLCD                   
0000392b  GPIOPinTypeLEDSeq                
0000394f  GPIOPinTypeLPC                   
00003973  GPIOPinTypePECIRx                
0000399d  GPIOPinTypePECITx                
000039c1  GPIOPinTypePWM                   
000039e5  GPIOPinTypeQEI                   
00003a09  GPIOPinTypeSSI                   
00003a2d  GPIOPinTypeTimer                 
00003a51  GPIOPinTypeUART                  
00003a75  GPIOPinTypeUSBAnalog             
00003a99  GPIOPinTypeUSBDigital            
00003abd  GPIOPinTypeWakeHigh              
00003ae3  GPIOPinTypeWakeLow               
00003b09  GPIOPinWakeStatus                
00003b19  GPIOPinWrite                     
00001da7  GrCodepageMapTableSet            
0000728b  GrContextClipRegionSet           
00001de1  GrContextFontSet                 
000071d9  GrContextInit                    
0000141b  GrDefaultStringRenderer          
000019e7  GrFontBaselineGet                
00001cfd  GrFontBlockCodepointsGet         
00001c2b  GrFontCodepageGet                
00001bdd  GrFontGlyphDataGet               
00001563  GrFontGlyphRender                
00001a25  GrFontHeightGet                  
0000198f  GrFontInfoGet                    
00001a63  GrFontMaxWidthGet                
00001ccf  GrFontNumBlocksGet               
000071c9  GrLibInit                        
000061dd  GrMapISO8859_10_Unicode          
0000620d  GrMapISO8859_11_Unicode          
00006237  GrMapISO8859_13_Unicode          
0000626d  GrMapISO8859_14_Unicode          
000062ed  GrMapISO8859_15_Unicode          
0000635f  GrMapISO8859_16_Unicode          
00005fed  GrMapISO8859_1_Unicode           
00006005  GrMapISO8859_2_Unicode           
00006035  GrMapISO8859_3_Unicode           
00006065  GrMapISO8859_4_Unicode           
00006095  GrMapISO8859_5_Unicode           
000060bf  GrMapISO8859_6_Unicode           
000060f1  GrMapISO8859_7_Unicode           
00006133  GrMapISO8859_8_Unicode           
0000617f  GrMapISO8859_9_Unicode           
000065a5  GrMapUTF16BE_Unicode             
0000658f  GrMapUTF16LE_Unicode             
00006395  GrMapUTF8_Unicode                
000065bb  GrMapUnicode_Unicode             
000065f9  GrMapWIN1250_Unicode             
00006629  GrMapWIN1251_Unicode             
00006673  GrMapWIN1252_Unicode             
000066ab  GrMapWIN1253_Unicode             
000066f5  GrMapWIN1254_Unicode             
00001dc9  GrStringCodepageSet              
000013eb  GrStringDraw                     
00001e99  GrStringGet                      
00001e3d  GrStringLanguageSet              
0000151d  GrStringNextCharGet              
00001df5  GrStringTableSet                 
00001349  GrStringWidthGet                 
00004fef  HibernateBatCheckDone            
00004ff9  HibernateBatCheckStart           
0000500b  HibernateCalendarGet             
000050a5  HibernateCalendarMatchGet        
00005149  HibernateCalendarMatchSet        
00005159  HibernateCalendarSet             
00005167  HibernateClockConfig             
000051b5  HibernateCounterMode             
000051c9  HibernateDataGet                 
00005205  HibernateDataSet                 
0000523b  HibernateDisable                 
0000524d  HibernateEnableExpClk            
00005269  HibernateGPIORetentionDisable    
00005285  HibernateGPIORetentionEnable     
0000529d  HibernateGPIORetentionGet        
000052b3  HibernateIntClear                
000052c7  HibernateIntDisable              
000052e1  HibernateIntEnable               
000052f5  HibernateIntRegister             
0000530f  HibernateIntStatus               
0000532d  HibernateIntUnregister           
00005343  HibernateIsActive                
00005353  HibernateLowBatGet               
0000535f  HibernateLowBatSet               
0000538b  HibernateRTCDisable              
0000539d  HibernateRTCEnable               
000053af  HibernateRTCGet                  
000053b5  HibernateRTCMatchGet             
000053c3  HibernateRTCMatchSet             
000053f9  HibernateRTCSSGet                
00005403  HibernateRTCSSMatchGet           
00005413  HibernateRTCSSMatchSet           
000053d5  HibernateRTCSet                  
00005427  HibernateRTCTrimGet              
0000542d  HibernateRTCTrimSet              
00005379  HibernateRequest                 
0000543d  HibernateTamperDisable           
00005463  HibernateTamperEnable            
0000548d  HibernateTamperEventsClear       
000054b9  HibernateTamperEventsClearNoLock 
000054d5  HibernateTamperEventsConfig      
00005507  HibernateTamperEventsGet         
00005579  HibernateTamperExtOscRecover     
000055a5  HibernateTamperExtOscValid       
000055bd  HibernateTamperIODisable         
000055f1  HibernateTamperIOEnable          
0000564d  HibernateTamperLock              
00005665  HibernateTamperStatusGet         
000056bf  HibernateTamperUnLock            
000056d5  HibernateWakeGet                 
00005709  HibernateWakeSet                 
0000226b  I2CFIFODataGet                   
00002285  I2CFIFODataGetNonBlocking        
000022ab  I2CFIFODataPut                   
000022cd  I2CFIFODataPutNonBlocking        
000022f5  I2CFIFOStatus                    
00002305  I2CIntRegister                   
00002323  I2CIntUnregister                 
00002895  I2CLoopbackEnable                
00002df3  I2CMInit                         
00002ec5  I2CMIntHandler                   
00002e8f  I2CMRead                         
00002e59  I2CMWrite                        
0000233d  I2CMasterBurstCountGet           
0000234b  I2CMasterBurstLengthSet          
00002361  I2CMasterBusBusy                 
00002379  I2CMasterBusy                    
00002391  I2CMasterControl                 
000023a3  I2CMasterDataGet                 
000023b1  I2CMasterDataPut                 
000023c7  I2CMasterDisable                 
000023dd  I2CMasterEnable                  
000023f3  I2CMasterErr                     
0000241f  I2CMasterGlitchFilterConfigSet   
00002437  I2CMasterInitExpClk              
000024a9  I2CMasterIntClear                
000024b9  I2CMasterIntClearEx              
000024cb  I2CMasterIntDisable              
000024db  I2CMasterIntDisableEx            
000024fd  I2CMasterIntEnable               
0000250d  I2CMasterIntEnableEx             
00002525  I2CMasterIntStatus               
0000255f  I2CMasterIntStatusEx             
0000257d  I2CMasterLineStateGet            
0000258b  I2CMasterSlaveAddrSet            
000025ad  I2CMasterTimeoutSet              
000025bf  I2CRxFIFOConfigSet               
000025e7  I2CRxFIFOFlush                   
000025ff  I2CSlaveACKOverride              
00002631  I2CSlaveACKValueSet              
00002663  I2CSlaveAddressSet               
000026a1  I2CSlaveDataGet                  
000026b1  I2CSlaveDataPut                  
000026c9  I2CSlaveDisable                  
000026e7  I2CSlaveEnable                   
00002705  I2CSlaveFIFODisable              
00002717  I2CSlaveFIFOEnable               
00002739  I2CSlaveInit                     
00002753  I2CSlaveIntClear                 
0000276d  I2CSlaveIntClearEx               
00002781  I2CSlaveIntDisable               
00002799  I2CSlaveIntDisableEx             
000027b3  I2CSlaveIntEnable                
000027cb  I2CSlaveIntEnableEx              
000027e5  I2CSlaveIntStatus                
00002823  I2CSlaveIntStatusEx              
00002845  I2CSlaveStatus                   
00002855  I2CTxFIFOConfigSet               
0000287d  I2CTxFIFOFlush                   
000043ad  IT7258GetGesture                 
0000428f  IT7258GetTouchPointData          
00003f67  IT7258IdentifyCapSensor          
00004025  IT7258InquiryCapSensorInformation
00003f5b  IT7258IntClear                   
00003f3b  IT7258IntRegister                
00003ed5  IT7258PinInit                    
00003e51  IT7258PinInitI2CTest             
000041e5  IT7258ReinitializeFirmware       
000040c3  IT7258SetCapSensorInformation    
00004179  IT7258SetPowerMode               
0000674b  IntDisable                       
000067bd  IntEnable                        
0000682f  IntIsEnabled                     
000068ab  IntMasterDisable                 
000068bb  IntMasterEnable                  
000068cb  IntPendClear                     
00006919  IntPendSet                       
00006979  IntPriorityGet                   
0000699d  IntPriorityGroupingGet           
000069d5  IntPriorityGroupingSet           
000069ef  IntPriorityMaskGet               
000069f7  IntPriorityMaskSet               
00006a0d  IntPrioritySet                   
00006a61  IntRegister                      
00006ab3  IntTrigger                       
00006ac9  IntUnregister                    
00007fcb  ResetISR                         
UNDEFED   SHT$$INIT_ARRAY$$Base            
UNDEFED   SHT$$INIT_ARRAY$$Limit           
00006b53  SSIAdvDataPutFrameEnd            
00006b79  SSIAdvDataPutFrameEndNonBlocking 
00006ba5  SSIAdvFrameHoldDisable           
00006bbb  SSIAdvFrameHoldEnable            
00006bd1  SSIAdvModeSet                    
00006bed  SSIBusy                          
00006c0b  SSIClockSourceGet                
00006c1b  SSIClockSourceSet                
00006c2f  SSIConfigSetExpClk               
00006d37  SSIDMADisable                    
00006d4f  SSIDMAEnable                     
00006ca9  SSIDataGet                       
00006cc5  SSIDataGetNonBlocking            
00006ce7  SSIDataPut                       
00006d01  SSIDataPutNonBlocking            
00006d21  SSIDisable                       
00006d67  SSIEnable                        
00006d7d  SSIIntClear                      
00006d8f  SSIIntDisable                    
00006da7  SSIIntEnable                     
00006dc9  SSIIntRegister                   
00006de7  SSIIntStatus                     
00006e05  SSIIntUnregister                 
00005fbb  ST7789ColorTranslate             
00005fe3  ST7789Flush                      
00005d6f  ST7789LineDrawH                  
00005e1b  ST7789LineDrawV                  
00005899  ST7789PinInit                    
000057d5  ST7789PinInitSPITest             
00005ae5  ST7789PixelDraw                  
00005b89  ST7789PixelDrawMultiple          
00005ec7  ST7789RectFill                   
000045bd  SysCtlAltClkConfig               
000045d9  SysCtlClockFreqSet               
000048b5  SysCtlClockOutConfig             
000048d1  SysCtlDeepSleep                  
000048f5  SysCtlDeepSleepClockConfigSet    
00004963  SysCtlDeepSleepPowerSet          
00004973  SysCtlIntClear                   
00004995  SysCtlIntDisable                 
000049a9  SysCtlIntEnable                  
000049c1  SysCtlIntRegister                
000049d5  SysCtlIntStatus                  
000049f1  SysCtlIntUnregister              
00004a01  SysCtlLDODeepSleepGet            
00004a07  SysCtlLDODeepSleepSet            
00004a17  SysCtlLDOSleepGet                
00004a1d  SysCtlLDOSleepSet                
00004a2d  SysCtlMOSCConfigSet              
00004a41  SysCtlNMIClear                   
00004a55  SysCtlNMIStatus                  
00004dad  SysCtlPIOSCCalibrate             
00004a5b  SysCtlPeripheralClockGating      
00004a89  SysCtlPeripheralDeepSleepDisable 
00004ac5  SysCtlPeripheralDeepSleepEnable  
00004b09  SysCtlPeripheralDisable          
00004b45  SysCtlPeripheralEnable           
00004b81  SysCtlPeripheralPowerOff         
00004bc5  SysCtlPeripheralPowerOn          
00004c01  SysCtlPeripheralPresent          
00004c41  SysCtlPeripheralReady            
00004c91  SysCtlPeripheralReset            
00004d25  SysCtlPeripheralSleepDisable     
00004d69  SysCtlPeripheralSleepEnable      
00004dfd  SysCtlReset                      
00004e05  SysCtlResetBehaviorGet           
00004e0b  SysCtlResetBehaviorSet           
00004e1b  SysCtlResetCauseClear            
00004e2f  SysCtlResetCauseGet              
00004e35  SysCtlSleep                      
00004e41  SysCtlSleepPowerSet              
00004e51  SysCtlVoltageEventClear          
00004e65  SysCtlVoltageEventConfig         
00004e75  SysCtlVoltageEventStatus         
00007935  SysTickDisable                   
00007941  SysTickEnable                    
0000794d  SysTickIntDisable                
00007959  SysTickIntEnable                 
00007965  SysTickIntRegister               
0000797d  SysTickIntUnregister             
20000662  SysTickInterruptFlag             
000077b9  SysTickInterruptHandler          
00007991  SysTickPeriodGet                 
00007999  SysTickPeriodSet                 
000079ab  SysTickValueGet                  
00007495  TouchPanelIntHandler             
000028ab  _I2CMCommand                     
00002d79  _I2CMStateCallback               
00002977  _I2CMStateIdle                   
00002c9f  _I2CMStateReadFinal              
00002bff  _I2CMStateReadFirst              
00002c37  _I2CMStateReadNext               
00002bd3  _I2CMStateReadOne                
00002cf9  _I2CMStateReadPause              
00002d59  _I2CMStateReadWait               
00002acb  _I2CMStateWriteFinal             
00002a63  _I2CMStateWriteNext              
00002b43  _I2CMStateWritePause             
00003c73  _IT7258DataRead                  
00003b39  _IT7258DataWrite                 
00003e15  _IT7258ReadCommandResponseBuffer 
00003e3f  _IT7258ReadPointInfoBuffer       
00003e2d  _IT7258ReadQueryBuffer           
00003dfd  _IT7258WriteCommandBuffer        
00005785  _ST7789GPIODataPut               
000057a1  _ST7789WriteCommand              
000057bb  _ST7789WriteData                 
20000608  __STACK_END                      
00000400  __STACK_SIZE                     
20000408  __STACK_TOP                      
0000a400  __TI_CINIT_Base                  
0000a418  __TI_CINIT_Limit                 
0000a3e4  __TI_Handler_Table_Base          
0000a3f0  __TI_Handler_Table_Limit         
00007b45  __TI_auto_init                   
2000066c  __TI_cleanup_ptr                 
00007bb5  __TI_decompress_lzss             
00007fb1  __TI_decompress_none             
20000670  __TI_dtors_ptr                   
20000674  __TI_enable_exit_profile_output  
ffffffff  __TI_pprof_out_hndl              
00000a4d  __TI_printfi                     
ffffffff  __TI_prof_data_size              
ffffffff  __TI_prof_data_start             
00000000  __TI_static_base__               
00007fbf  __TI_zero_init                   
000079bd  __aeabi_cdcmpeq                  
000079bd  __aeabi_cdcmple                  
00007a43  __aeabi_cdrcmple                 
00007e75  __aeabi_d2iz                     
0000701d  __aeabi_dadd                     
0000735d  __aeabi_ddiv                     
000075c1  __aeabi_dmul                     
00007013  __aeabi_dsub                     
00007efb  __aeabi_i2d                      
00007ac9  __aeabi_memclr                   
00007ac9  __aeabi_memclr4                  
00007ac9  __aeabi_memclr8                  
00007899  __aeabi_memcpy                   
00007899  __aeabi_memcpy4                  
00007899  __aeabi_memcpy8                  
00007acb  __aeabi_memset                   
00007acb  __aeabi_memset4                  
00007acb  __aeabi_memset8                  
00006e1f  __aeabi_uldivmod                 
ffffffff  __binit__                        
ffffffff  __c_args__                       
00001347  __mpu_init                       
20000208  __stack                          
00007f45  _args_main                       
00007ce1  _c_int00                         
00009784  _ctypes_                         
20000678  _lock                            
00007f83  _nop                             
00007f7b  _register_lock                   
00007f75  _register_unlock                 
00007493  _system_post_cinit               
00007fd7  _system_pre_init                 
2000067c  _unlock                          
00007d39  abort                            
00007ddd  atoi                             
20000688  bTouchStatus                     
ffffffff  binit                            
00007e29  copy_in                          
00007f89  copysign                         
00007f89  copysignl                        
20000680  errno                            
00007d41  exit                             
00007c1d  frexp                            
00007c1d  frexpl                           
20000000  g_pfnRAMVectors                  
00000000  g_pfnVectors                     
0000a36c  g_psDefaultCodePointMapTable     
00009a50  g_pui16ISO8859_10_Unicode        
00009b0e  g_pui16ISO8859_13_Unicode        
0000a25c  g_pui16ISO8859_14_Unicode        
00009bcc  g_pui16ISO8859_16_Unicode        
00009c8a  g_pui16ISO8859_2_Unicode         
00009d48  g_pui16ISO8859_3_Unicode         
00009e06  g_pui16ISO8859_4_Unicode         
0000a29a  g_pui16ISO8859_7_Unicode         
00009886  g_pui16WIN1250_Unicode           
00009fd8  g_pui16WIN1251_Unicode           
0000a1dc  g_pui16WIN1252_Unicode           
0000a058  g_pui16WIN1253_Unicode           
0000a21c  g_pui16WIN1254_Unicode           
00009988  g_sFontCmss48                    
0000a304  g_sST7789                        
000076bd  ldexp                            
000076bd  ldexpl                           
00007d89  ltoa                             
000074a3  main                             
20000684  main_func_sp                     
00007f29  memccpy                          
00007899  memcpy                           
00007ad1  memset                           
20000608  sContext                         
000076bd  scalbn                           
000076bd  scalbnl                          
00007c81  sprintf                          
00007f5d  strchr                           
00007f9d  strlen                           
20000646  uc8TempCoordinate                
20000652  ui16XPosition                    
2000065a  ui16YPosition                    
20000668  ui8Pressure                      


GLOBAL SYMBOLS: SORTED BY Symbol Address 

address   name                             
-------   ----                             
00000000  __TI_static_base__               
00000000  g_pfnVectors                     
00000400  __STACK_SIZE                     
00000a4d  __TI_printfi                     
00001347  __mpu_init                       
00001349  GrStringWidthGet                 
000013eb  GrStringDraw                     
0000141b  GrDefaultStringRenderer          
0000151d  GrStringNextCharGet              
00001563  GrFontGlyphRender                
0000198f  GrFontInfoGet                    
000019e7  GrFontBaselineGet                
00001a25  GrFontHeightGet                  
00001a63  GrFontMaxWidthGet                
00001bdd  GrFontGlyphDataGet               
00001c2b  GrFontCodepageGet                
00001ccf  GrFontNumBlocksGet               
00001cfd  GrFontBlockCodepointsGet         
00001da7  GrCodepageMapTableSet            
00001dc9  GrStringCodepageSet              
00001de1  GrContextFontSet                 
00001df5  GrStringTableSet                 
00001e3d  GrStringLanguageSet              
00001e99  GrStringGet                      
0000226b  I2CFIFODataGet                   
00002285  I2CFIFODataGetNonBlocking        
000022ab  I2CFIFODataPut                   
000022cd  I2CFIFODataPutNonBlocking        
000022f5  I2CFIFOStatus                    
00002305  I2CIntRegister                   
00002323  I2CIntUnregister                 
0000233d  I2CMasterBurstCountGet           
0000234b  I2CMasterBurstLengthSet          
00002361  I2CMasterBusBusy                 
00002379  I2CMasterBusy                    
00002391  I2CMasterControl                 
000023a3  I2CMasterDataGet                 
000023b1  I2CMasterDataPut                 
000023c7  I2CMasterDisable                 
000023dd  I2CMasterEnable                  
000023f3  I2CMasterErr                     
0000241f  I2CMasterGlitchFilterConfigSet   
00002437  I2CMasterInitExpClk              
000024a9  I2CMasterIntClear                
000024b9  I2CMasterIntClearEx              
000024cb  I2CMasterIntDisable              
000024db  I2CMasterIntDisableEx            
000024fd  I2CMasterIntEnable               
0000250d  I2CMasterIntEnableEx             
00002525  I2CMasterIntStatus               
0000255f  I2CMasterIntStatusEx             
0000257d  I2CMasterLineStateGet            
0000258b  I2CMasterSlaveAddrSet            
000025ad  I2CMasterTimeoutSet              
000025bf  I2CRxFIFOConfigSet               
000025e7  I2CRxFIFOFlush                   
000025ff  I2CSlaveACKOverride              
00002631  I2CSlaveACKValueSet              
00002663  I2CSlaveAddressSet               
000026a1  I2CSlaveDataGet                  
000026b1  I2CSlaveDataPut                  
000026c9  I2CSlaveDisable                  
000026e7  I2CSlaveEnable                   
00002705  I2CSlaveFIFODisable              
00002717  I2CSlaveFIFOEnable               
00002739  I2CSlaveInit                     
00002753  I2CSlaveIntClear                 
0000276d  I2CSlaveIntClearEx               
00002781  I2CSlaveIntDisable               
00002799  I2CSlaveIntDisableEx             
000027b3  I2CSlaveIntEnable                
000027cb  I2CSlaveIntEnableEx              
000027e5  I2CSlaveIntStatus                
00002823  I2CSlaveIntStatusEx              
00002845  I2CSlaveStatus                   
00002855  I2CTxFIFOConfigSet               
0000287d  I2CTxFIFOFlush                   
00002895  I2CLoopbackEnable                
000028ab  _I2CMCommand                     
00002977  _I2CMStateIdle                   
00002a63  _I2CMStateWriteNext              
00002acb  _I2CMStateWriteFinal             
00002b43  _I2CMStateWritePause             
00002bd3  _I2CMStateReadOne                
00002bff  _I2CMStateReadFirst              
00002c37  _I2CMStateReadNext               
00002c9f  _I2CMStateReadFinal              
00002cf9  _I2CMStateReadPause              
00002d59  _I2CMStateReadWait               
00002d79  _I2CMStateCallback               
00002df3  I2CMInit                         
00002e59  I2CMWrite                        
00002e8f  I2CMRead                         
00002ec5  I2CMIntHandler                   
00003033  GPIOADCTriggerDisable            
00003051  GPIOADCTriggerEnable             
0000306f  GPIODirModeGet                   
000030bb  GPIODirModeSet                   
00003117  GPIODMATriggerDisable            
00003135  GPIODMATriggerEnable             
00003153  GPIOIntClear                     
00003167  GPIOIntDisable                   
00003181  GPIOIntEnable                    
0000319b  GPIOIntRegister                  
000031b9  GPIOIntStatus                    
000031db  GPIOIntTypeGet                   
00003261  GPIOIntTypeSet                   
00003305  GPIOIntUnregister                
0000331f  GPIOPadConfigGet                 
00003459  GPIOPadConfigSet                 
00003693  GPIOPinConfigure                 
000036d3  GPIOPinRead                      
000036eb  GPIOPinTypeADC                   
0000370f  GPIOPinTypeCAN                   
00003733  GPIOPinTypeCIR                   
00003757  GPIOPinTypeComparator            
0000377b  GPIOPinTypeComparatorOutput      
0000379f  GPIOPinTypeEPI                   
000037c3  GPIOPinTypeEthernetLED           
000037e7  GPIOPinTypeEthernetMII           
0000380b  GPIOPinTypeGPIOInput             
0000382f  GPIOPinTypeGPIOOutput            
00003853  GPIOPinTypeGPIOOutputOD          
00003877  GPIOPinTypeI2C                   
0000389b  GPIOPinTypeI2CSCL                
000038bf  GPIOPinTypeKBRow                 
000038e3  GPIOPinTypeKBColumn              
00003907  GPIOPinTypeLCD                   
0000392b  GPIOPinTypeLEDSeq                
0000394f  GPIOPinTypeLPC                   
00003973  GPIOPinTypePECIRx                
0000399d  GPIOPinTypePECITx                
000039c1  GPIOPinTypePWM                   
000039e5  GPIOPinTypeQEI                   
00003a09  GPIOPinTypeSSI                   
00003a2d  GPIOPinTypeTimer                 
00003a51  GPIOPinTypeUART                  
00003a75  GPIOPinTypeUSBAnalog             
00003a99  GPIOPinTypeUSBDigital            
00003abd  GPIOPinTypeWakeHigh              
00003ae3  GPIOPinTypeWakeLow               
00003b09  GPIOPinWakeStatus                
00003b19  GPIOPinWrite                     
00003b39  _IT7258DataWrite                 
00003c73  _IT7258DataRead                  
00003dfd  _IT7258WriteCommandBuffer        
00003e15  _IT7258ReadCommandResponseBuffer 
00003e2d  _IT7258ReadQueryBuffer           
00003e3f  _IT7258ReadPointInfoBuffer       
00003e51  IT7258PinInitI2CTest             
00003ed5  IT7258PinInit                    
00003f3b  IT7258IntRegister                
00003f5b  IT7258IntClear                   
00003f67  IT7258IdentifyCapSensor          
00004025  IT7258InquiryCapSensorInformation
000040c3  IT7258SetCapSensorInformation    
00004179  IT7258SetPowerMode               
000041e5  IT7258ReinitializeFirmware       
0000428f  IT7258GetTouchPointData          
000043ad  IT7258GetGesture                 
000045bd  SysCtlAltClkConfig               
000045d9  SysCtlClockFreqSet               
000048b5  SysCtlClockOutConfig             
000048d1  SysCtlDeepSleep                  
000048f5  SysCtlDeepSleepClockConfigSet    
00004963  SysCtlDeepSleepPowerSet          
00004973  SysCtlIntClear                   
00004995  SysCtlIntDisable                 
000049a9  SysCtlIntEnable                  
000049c1  SysCtlIntRegister                
000049d5  SysCtlIntStatus                  
000049f1  SysCtlIntUnregister              
00004a01  SysCtlLDODeepSleepGet            
00004a07  SysCtlLDODeepSleepSet            
00004a17  SysCtlLDOSleepGet                
00004a1d  SysCtlLDOSleepSet                
00004a2d  SysCtlMOSCConfigSet              
00004a41  SysCtlNMIClear                   
00004a55  SysCtlNMIStatus                  
00004a5b  SysCtlPeripheralClockGating      
00004a89  SysCtlPeripheralDeepSleepDisable 
00004ac5  SysCtlPeripheralDeepSleepEnable  
00004b09  SysCtlPeripheralDisable          
00004b45  SysCtlPeripheralEnable           
00004b81  SysCtlPeripheralPowerOff         
00004bc5  SysCtlPeripheralPowerOn          
00004c01  SysCtlPeripheralPresent          
00004c41  SysCtlPeripheralReady            
00004c91  SysCtlPeripheralReset            
00004d25  SysCtlPeripheralSleepDisable     
00004d69  SysCtlPeripheralSleepEnable      
00004dad  SysCtlPIOSCCalibrate             
00004dfd  SysCtlReset                      
00004e05  SysCtlResetBehaviorGet           
00004e0b  SysCtlResetBehaviorSet           
00004e1b  SysCtlResetCauseClear            
00004e2f  SysCtlResetCauseGet              
00004e35  SysCtlSleep                      
00004e41  SysCtlSleepPowerSet              
00004e51  SysCtlVoltageEventClear          
00004e65  SysCtlVoltageEventConfig         
00004e75  SysCtlVoltageEventStatus         
00004fef  HibernateBatCheckDone            
00004ff9  HibernateBatCheckStart           
0000500b  HibernateCalendarGet             
000050a5  HibernateCalendarMatchGet        
00005149  HibernateCalendarMatchSet        
00005159  HibernateCalendarSet             
00005167  HibernateClockConfig             
000051b5  HibernateCounterMode             
000051c9  HibernateDataGet                 
00005205  HibernateDataSet                 
0000523b  HibernateDisable                 
0000524d  HibernateEnableExpClk            
00005269  HibernateGPIORetentionDisable    
00005285  HibernateGPIORetentionEnable     
0000529d  HibernateGPIORetentionGet        
000052b3  HibernateIntClear                
000052c7  HibernateIntDisable              
000052e1  HibernateIntEnable               
000052f5  HibernateIntRegister             
0000530f  HibernateIntStatus               
0000532d  HibernateIntUnregister           
00005343  HibernateIsActive                
00005353  HibernateLowBatGet               
0000535f  HibernateLowBatSet               
00005379  HibernateRequest                 
0000538b  HibernateRTCDisable              
0000539d  HibernateRTCEnable               
000053af  HibernateRTCGet                  
000053b5  HibernateRTCMatchGet             
000053c3  HibernateRTCMatchSet             
000053d5  HibernateRTCSet                  
000053f9  HibernateRTCSSGet                
00005403  HibernateRTCSSMatchGet           
00005413  HibernateRTCSSMatchSet           
00005427  HibernateRTCTrimGet              
0000542d  HibernateRTCTrimSet              
0000543d  HibernateTamperDisable           
00005463  HibernateTamperEnable            
0000548d  HibernateTamperEventsClear       
000054b9  HibernateTamperEventsClearNoLock 
000054d5  HibernateTamperEventsConfig      
00005507  HibernateTamperEventsGet         
00005579  HibernateTamperExtOscRecover     
000055a5  HibernateTamperExtOscValid       
000055bd  HibernateTamperIODisable         
000055f1  HibernateTamperIOEnable          
0000564d  HibernateTamperLock              
00005665  HibernateTamperStatusGet         
000056bf  HibernateTamperUnLock            
000056d5  HibernateWakeGet                 
00005709  HibernateWakeSet                 
00005785  _ST7789GPIODataPut               
000057a1  _ST7789WriteCommand              
000057bb  _ST7789WriteData                 
000057d5  ST7789PinInitSPITest             
00005899  ST7789PinInit                    
00005ae5  ST7789PixelDraw                  
00005b89  ST7789PixelDrawMultiple          
00005d6f  ST7789LineDrawH                  
00005e1b  ST7789LineDrawV                  
00005ec7  ST7789RectFill                   
00005fbb  ST7789ColorTranslate             
00005fe3  ST7789Flush                      
00005fed  GrMapISO8859_1_Unicode           
00006005  GrMapISO8859_2_Unicode           
00006035  GrMapISO8859_3_Unicode           
00006065  GrMapISO8859_4_Unicode           
00006095  GrMapISO8859_5_Unicode           
000060bf  GrMapISO8859_6_Unicode           
000060f1  GrMapISO8859_7_Unicode           
00006133  GrMapISO8859_8_Unicode           
0000617f  GrMapISO8859_9_Unicode           
000061dd  GrMapISO8859_10_Unicode          
0000620d  GrMapISO8859_11_Unicode          
00006237  GrMapISO8859_13_Unicode          
0000626d  GrMapISO8859_14_Unicode          
000062ed  GrMapISO8859_15_Unicode          
0000635f  GrMapISO8859_16_Unicode          
00006395  GrMapUTF8_Unicode                
0000658f  GrMapUTF16LE_Unicode             
000065a5  GrMapUTF16BE_Unicode             
000065bb  GrMapUnicode_Unicode             
000065f9  GrMapWIN1250_Unicode             
00006629  GrMapWIN1251_Unicode             
00006673  GrMapWIN1252_Unicode             
000066ab  GrMapWIN1253_Unicode             
000066f5  GrMapWIN1254_Unicode             
0000674b  IntDisable                       
000067bd  IntEnable                        
0000682f  IntIsEnabled                     
000068ab  IntMasterDisable                 
000068bb  IntMasterEnable                  
000068cb  IntPendClear                     
00006919  IntPendSet                       
00006979  IntPriorityGet                   
0000699d  IntPriorityGroupingGet           
000069d5  IntPriorityGroupingSet           
000069ef  IntPriorityMaskGet               
000069f7  IntPriorityMaskSet               
00006a0d  IntPrioritySet                   
00006a61  IntRegister                      
00006ab3  IntTrigger                       
00006ac9  IntUnregister                    
00006b53  SSIAdvDataPutFrameEnd            
00006b79  SSIAdvDataPutFrameEndNonBlocking 
00006ba5  SSIAdvFrameHoldDisable           
00006bbb  SSIAdvFrameHoldEnable            
00006bd1  SSIAdvModeSet                    
00006bed  SSIBusy                          
00006c0b  SSIClockSourceGet                
00006c1b  SSIClockSourceSet                
00006c2f  SSIConfigSetExpClk               
00006ca9  SSIDataGet                       
00006cc5  SSIDataGetNonBlocking            
00006ce7  SSIDataPut                       
00006d01  SSIDataPutNonBlocking            
00006d21  SSIDisable                       
00006d37  SSIDMADisable                    
00006d4f  SSIDMAEnable                     
00006d67  SSIEnable                        
00006d7d  SSIIntClear                      
00006d8f  SSIIntDisable                    
00006da7  SSIIntEnable                     
00006dc9  SSIIntRegister                   
00006de7  SSIIntStatus                     
00006e05  SSIIntUnregister                 
00006e1f  __aeabi_uldivmod                 
00007013  __aeabi_dsub                     
0000701d  __aeabi_dadd                     
000071c9  GrLibInit                        
000071d9  GrContextInit                    
0000728b  GrContextClipRegionSet           
0000735d  __aeabi_ddiv                     
00007493  _system_post_cinit               
00007495  TouchPanelIntHandler             
000074a3  main                             
000075c1  __aeabi_dmul                     
000076bd  ldexp                            
000076bd  ldexpl                           
000076bd  scalbn                           
000076bd  scalbnl                          
000077b9  SysTickInterruptHandler          
000077c1  ClockFrequencySet                
000077cf  ClockTimerSet                    
00007821  ClockRTCInit                     
0000783f  ClockRTCIntRegister              
00007851  ClockRTCIntClear                 
0000785b  ClockRTCDateTimeSet              
0000786b  ClockRTCDateTimeGet              
00007877  ClockRTCAlarmTimeSet             
00007899  __aeabi_memcpy                   
00007899  __aeabi_memcpy4                  
00007899  __aeabi_memcpy8                  
00007899  memcpy                           
00007935  SysTickDisable                   
00007941  SysTickEnable                    
0000794d  SysTickIntDisable                
00007959  SysTickIntEnable                 
00007965  SysTickIntRegister               
0000797d  SysTickIntUnregister             
00007991  SysTickPeriodGet                 
00007999  SysTickPeriodSet                 
000079ab  SysTickValueGet                  
000079bd  __aeabi_cdcmpeq                  
000079bd  __aeabi_cdcmple                  
00007a43  __aeabi_cdrcmple                 
00007ac9  __aeabi_memclr                   
00007ac9  __aeabi_memclr4                  
00007ac9  __aeabi_memclr8                  
00007acb  __aeabi_memset                   
00007acb  __aeabi_memset4                  
00007acb  __aeabi_memset8                  
00007ad1  memset                           
00007b45  __TI_auto_init                   
00007bb5  __TI_decompress_lzss             
00007c1d  frexp                            
00007c1d  frexpl                           
00007c81  sprintf                          
00007ce1  _c_int00                         
00007d35  C$$EXIT                          
00007d39  abort                            
00007d41  exit                             
00007d89  ltoa                             
00007ddd  atoi                             
00007e29  copy_in                          
00007e75  __aeabi_d2iz                     
00007ebd  CPUcpsid                         
00007ec9  CPUcpsie                         
00007ed5  CPUprimask                       
00007edf  CPUwfi                           
00007ee3  CPUbasepriGet                    
00007eed  CPUbasepriSet                    
00007efb  __aeabi_i2d                      
00007f29  memccpy                          
00007f45  _args_main                       
00007f5d  strchr                           
00007f75  _register_unlock                 
00007f7b  _register_lock                   
00007f83  _nop                             
00007f89  copysign                         
00007f89  copysignl                        
00007f9d  strlen                           
00007fb1  __TI_decompress_none             
00007fbf  __TI_zero_init                   
00007fcb  ResetISR                         
00007fd7  _system_pre_init                 
00009784  _ctypes_                         
00009886  g_pui16WIN1250_Unicode           
00009988  g_sFontCmss48                    
00009a50  g_pui16ISO8859_10_Unicode        
00009b0e  g_pui16ISO8859_13_Unicode        
00009bcc  g_pui16ISO8859_16_Unicode        
00009c8a  g_pui16ISO8859_2_Unicode         
00009d48  g_pui16ISO8859_3_Unicode         
00009e06  g_pui16ISO8859_4_Unicode         
00009fd8  g_pui16WIN1251_Unicode           
0000a058  g_pui16WIN1253_Unicode           
0000a1dc  g_pui16WIN1252_Unicode           
0000a21c  g_pui16WIN1254_Unicode           
0000a25c  g_pui16ISO8859_14_Unicode        
0000a29a  g_pui16ISO8859_7_Unicode         
0000a304  g_sST7789                        
0000a36c  g_psDefaultCodePointMapTable     
0000a3e4  __TI_Handler_Table_Base          
0000a3f0  __TI_Handler_Table_Limit         
0000a400  __TI_CINIT_Base                  
0000a418  __TI_CINIT_Limit                 
20000000  g_pfnRAMVectors                  
20000208  __stack                          
20000408  __STACK_TOP                      
20000608  __STACK_END                      
20000608  sContext                         
20000646  uc8TempCoordinate                
20000652  ui16XPosition                    
2000065a  ui16YPosition                    
20000662  SysTickInterruptFlag             
20000668  ui8Pressure                      
2000066c  __TI_cleanup_ptr                 
20000670  __TI_dtors_ptr                   
20000674  __TI_enable_exit_profile_output  
20000678  _lock                            
2000067c  _unlock                          
20000680  errno                            
20000684  main_func_sp                     
20000688  bTouchStatus                     
ffffffff  __TI_pprof_out_hndl              
ffffffff  __TI_prof_data_size              
ffffffff  __TI_prof_data_start             
ffffffff  __binit__                        
ffffffff  __c_args__                       
ffffffff  binit                            
UNDEFED   SHT$$INIT_ARRAY$$Base            
UNDEFED   SHT$$INIT_ARRAY$$Limit           

[455 symbols]
